Archive member included to satisfy reference by file (symbol)

D:/01Tools/GCC-ARM-NONE-EABI/arm-gnu-toolchain-14.2.rel1-mingw-w64-x86_64-arm-none-eabi/bin/../lib/gcc/arm-none-eabi/14.2.1/thumb/v7-m/nofp\libgcc.a(_arm_muldf3.o)
                              CMakeFiles/Laser_Omni.elf.dir/Core/Src/as5600.c.obj (__aeabi_dmul)
D:/01Tools/GCC-ARM-NONE-EABI/arm-gnu-toolchain-14.2.rel1-mingw-w64-x86_64-arm-none-eabi/bin/../lib/gcc/arm-none-eabi/14.2.1/thumb/v7-m/nofp\libgcc.a(_arm_addsubdf3.o)
                              CMakeFiles/Laser_Omni.elf.dir/Core/Src/as5600.c.obj (__aeabi_i2d)
D:/01Tools/GCC-ARM-NONE-EABI/arm-gnu-toolchain-14.2.rel1-mingw-w64-x86_64-arm-none-eabi/bin/../lib/gcc/arm-none-eabi/14.2.1/thumb/v7-m/nofp\libgcc.a(_arm_cmpdf2.o)
                              CMakeFiles/Laser_Omni.elf.dir/Core/Src/as5600.c.obj (__aeabi_dcmplt)
D:/01Tools/GCC-ARM-NONE-EABI/arm-gnu-toolchain-14.2.rel1-mingw-w64-x86_64-arm-none-eabi/bin/../lib/gcc/arm-none-eabi/14.2.1/thumb/v7-m/nofp\libgcc.a(_arm_truncdfsf2.o)
                              CMakeFiles/Laser_Omni.elf.dir/Core/Src/as5600.c.obj (__aeabi_d2f)
D:/01Tools/GCC-ARM-NONE-EABI/arm-gnu-toolchain-14.2.rel1-mingw-w64-x86_64-arm-none-eabi/bin/../lib/gcc/arm-none-eabi/14.2.1/thumb/v7-m/nofp\libg.a(libc_a-exit.o)
                              D:/01Tools/GCC-ARM-NONE-EABI/arm-gnu-toolchain-14.2.rel1-mingw-w64-x86_64-arm-none-eabi/bin/../lib/gcc/arm-none-eabi/14.2.1/thumb/v7-m/nofp/crt0.o (exit)
D:/01Tools/GCC-ARM-NONE-EABI/arm-gnu-toolchain-14.2.rel1-mingw-w64-x86_64-arm-none-eabi/bin/../lib/gcc/arm-none-eabi/14.2.1/thumb/v7-m/nofp\libg.a(libc_a-findfp.o)
                              D:/01Tools/GCC-ARM-NONE-EABI/arm-gnu-toolchain-14.2.rel1-mingw-w64-x86_64-arm-none-eabi/bin/../lib/gcc/arm-none-eabi/14.2.1/thumb/v7-m/nofp\libg.a(libc_a-exit.o) (__stdio_exit_handler)
D:/01Tools/GCC-ARM-NONE-EABI/arm-gnu-toolchain-14.2.rel1-mingw-w64-x86_64-arm-none-eabi/bin/../lib/gcc/arm-none-eabi/14.2.1/thumb/v7-m/nofp\libg.a(libc_a-fwalk.o)
                              D:/01Tools/GCC-ARM-NONE-EABI/arm-gnu-toolchain-14.2.rel1-mingw-w64-x86_64-arm-none-eabi/bin/../lib/gcc/arm-none-eabi/14.2.1/thumb/v7-m/nofp\libg.a(libc_a-findfp.o) (_fwalk_sglue)
D:/01Tools/GCC-ARM-NONE-EABI/arm-gnu-toolchain-14.2.rel1-mingw-w64-x86_64-arm-none-eabi/bin/../lib/gcc/arm-none-eabi/14.2.1/thumb/v7-m/nofp\libg.a(libc_a-sprintf.o)
                              CMakeFiles/Laser_Omni.elf.dir/Core/Src/as5600.c.obj (sprintf)
D:/01Tools/GCC-ARM-NONE-EABI/arm-gnu-toolchain-14.2.rel1-mingw-w64-x86_64-arm-none-eabi/bin/../lib/gcc/arm-none-eabi/14.2.1/thumb/v7-m/nofp\libg.a(libc_a-stdio.o)
                              D:/01Tools/GCC-ARM-NONE-EABI/arm-gnu-toolchain-14.2.rel1-mingw-w64-x86_64-arm-none-eabi/bin/../lib/gcc/arm-none-eabi/14.2.1/thumb/v7-m/nofp\libg.a(libc_a-findfp.o) (__sread)
D:/01Tools/GCC-ARM-NONE-EABI/arm-gnu-toolchain-14.2.rel1-mingw-w64-x86_64-arm-none-eabi/bin/../lib/gcc/arm-none-eabi/14.2.1/thumb/v7-m/nofp\libg.a(libc_a-memset.o)
                              D:/01Tools/GCC-ARM-NONE-EABI/arm-gnu-toolchain-14.2.rel1-mingw-w64-x86_64-arm-none-eabi/bin/../lib/gcc/arm-none-eabi/14.2.1/thumb/v7-m/nofp/crt0.o (memset)
D:/01Tools/GCC-ARM-NONE-EABI/arm-gnu-toolchain-14.2.rel1-mingw-w64-x86_64-arm-none-eabi/bin/../lib/gcc/arm-none-eabi/14.2.1/thumb/v7-m/nofp\libg.a(libc_a-closer.o)
                              D:/01Tools/GCC-ARM-NONE-EABI/arm-gnu-toolchain-14.2.rel1-mingw-w64-x86_64-arm-none-eabi/bin/../lib/gcc/arm-none-eabi/14.2.1/thumb/v7-m/nofp\libg.a(libc_a-stdio.o) (_close_r)
D:/01Tools/GCC-ARM-NONE-EABI/arm-gnu-toolchain-14.2.rel1-mingw-w64-x86_64-arm-none-eabi/bin/../lib/gcc/arm-none-eabi/14.2.1/thumb/v7-m/nofp\libg.a(libc_a-reent.o)
                              D:/01Tools/GCC-ARM-NONE-EABI/arm-gnu-toolchain-14.2.rel1-mingw-w64-x86_64-arm-none-eabi/bin/../lib/gcc/arm-none-eabi/14.2.1/thumb/v7-m/nofp\libg.a(libc_a-closer.o) (errno)
D:/01Tools/GCC-ARM-NONE-EABI/arm-gnu-toolchain-14.2.rel1-mingw-w64-x86_64-arm-none-eabi/bin/../lib/gcc/arm-none-eabi/14.2.1/thumb/v7-m/nofp\libg.a(libc_a-impure.o)
                              D:/01Tools/GCC-ARM-NONE-EABI/arm-gnu-toolchain-14.2.rel1-mingw-w64-x86_64-arm-none-eabi/bin/../lib/gcc/arm-none-eabi/14.2.1/thumb/v7-m/nofp\libg.a(libc_a-sprintf.o) (_impure_ptr)
D:/01Tools/GCC-ARM-NONE-EABI/arm-gnu-toolchain-14.2.rel1-mingw-w64-x86_64-arm-none-eabi/bin/../lib/gcc/arm-none-eabi/14.2.1/thumb/v7-m/nofp\libg.a(libc_a-lseekr.o)
                              D:/01Tools/GCC-ARM-NONE-EABI/arm-gnu-toolchain-14.2.rel1-mingw-w64-x86_64-arm-none-eabi/bin/../lib/gcc/arm-none-eabi/14.2.1/thumb/v7-m/nofp\libg.a(libc_a-stdio.o) (_lseek_r)
D:/01Tools/GCC-ARM-NONE-EABI/arm-gnu-toolchain-14.2.rel1-mingw-w64-x86_64-arm-none-eabi/bin/../lib/gcc/arm-none-eabi/14.2.1/thumb/v7-m/nofp\libg.a(libc_a-readr.o)
[...]
Memory Configuration

Name             Origin             Length             Attributes
RAM              0x20000000         0x00005000         xrw
FLASH            0x08000000         0x00010000         xr
*default*        0x00000000         0xffffffff

Linker script and memory map

LOAD D:/01Tools/GCC-ARM-NONE-EABI/arm-gnu-toolchain-14.2.rel1-mingw-w64-x86_64-arm-none-eabi/bin/../lib/gcc/arm-none-eabi/14.2.1/thumb/v7-m/nofp/crti.o
LOAD D:/01Tools/GCC-ARM-NONE-EABI/arm-gnu-toolchain-14.2.rel1-mingw-w64-x86_64-arm-none-eabi/bin/../lib/gcc/arm-none-eabi/14.2.1/thumb/v7-m/nofp/crtbegin.o
LOAD D:/01Tools/GCC-ARM-NONE-EABI/arm-gnu-toolchain-14.2.rel1-mingw-w64-x86_64-arm-none-eabi/bin/../lib/gcc/arm-none-eabi/14.2.1/thumb/v7-m/nofp/crt0.o
LOAD CMakeFiles/Laser_Omni.elf.dir/Core/Src/as5600.c.obj
LOAD CMakeFiles/Laser_Omni.elf.dir/Core/Src/gpio.c.obj
LOAD CMakeFiles/Laser_Omni.elf.dir/Core/Src/i2c.c.obj
LOAD CMakeFiles/Laser_Omni.elf.dir/Core/Src/main.c.obj
LOAD CMakeFiles/Laser_Omni.elf.dir/Core/Src/stm32f1xx_hal_msp.c.obj
LOAD CMakeFiles/Laser_Omni.elf.dir/Core/Src/stm32f1xx_it.c.obj
LOAD CMakeFiles/Laser_Omni.elf.dir/Core/Src/syscalls.c.obj
LOAD CMakeFiles/Laser_Omni.elf.dir/Core/Src/sysmem.c.obj
LOAD CMakeFiles/Laser_Omni.elf.dir/Core/Src/system_stm32f1xx.c.obj
LOAD CMakeFiles/Laser_Omni.elf.dir/Core/Src/usart.c.obj
LOAD CMakeFiles/Laser_Omni.elf.dir/Core/Startup/startup_stm32f103c8tx.s.obj
LOAD CMakeFiles/Laser_Omni.elf.dir/Drivers/STM32F1xx_HAL_Driver/Src/stm32f1xx_hal.c.obj
LOAD CMakeFiles/Laser_Omni.elf.dir/Drivers/STM32F1xx_HAL_Driver/Src/stm32f1xx_hal_cortex.c.obj
LOAD CMakeFiles/Laser_Omni.elf.dir/Drivers/STM32F1xx_HAL_Driver/Src/stm32f1xx_hal_dma.c.obj
LOAD CMakeFiles/Laser_Omni.elf.dir/Drivers/STM32F1xx_HAL_Driver/Src/stm32f1xx_hal_exti.c.obj
LOAD CMakeFiles/Laser_Omni.elf.dir/Drivers/STM32F1xx_HAL_Driver/Src/stm32f1xx_hal_flash.c.obj
LOAD CMakeFiles/Laser_Omni.elf.dir/Drivers/STM32F1xx_HAL_Driver/Src/stm32f1xx_hal_flash_ex.c.obj
LOAD CMakeFiles/Laser_Omni.elf.dir/Drivers/STM32F1xx_HAL_Driver/Src/stm32f1xx_hal_gpio.c.obj
LOAD CMakeFiles/Laser_Omni.elf.dir/Drivers/STM32F1xx_HAL_Driver/Src/stm32f1xx_hal_gpio_ex.c.obj
LOAD CMakeFiles/Laser_Omni.elf.dir/Drivers/STM32F1xx_HAL_Driver/Src/stm32f1xx_hal_i2c.c.obj
LOAD CMakeFiles/Laser_Omni.elf.dir/Drivers/STM32F1xx_HAL_Driver/Src/stm32f1xx_hal_pwr.c.obj
LOAD CMakeFiles/Laser_Omni.elf.dir/Drivers/STM32F1xx_HAL_Driver/Src/stm32f1xx_hal_rcc.c.obj
LOAD CMakeFiles/Laser_Omni.elf.dir/Drivers/STM32F1xx_HAL_Driver/Src/stm32f1xx_hal_rcc_ex.c.obj
LOAD CMakeFiles/Laser_Omni.elf.dir/Drivers/STM32F1xx_HAL_Driver/Src/stm32f1xx_hal_uart.c.obj
START GROUP
LOAD D:/01Tools/GCC-ARM-NONE-EABI/arm-gnu-toolchain-14.2.rel1-mingw-w64-x86_64-arm-none-eabi/bin/../lib/gcc/arm-none-eabi/14.2.1/thumb/v7-m/nofp\libgcc.a
LOAD D:/01Tools/GCC-ARM-NONE-EABI/arm-gnu-toolchain-14.2.rel1-mingw-w64-x86_64-arm-none-eabi/bin/../lib/gcc/arm-none-eabi/14.2.1/thumb/v7-m/nofp\libg.a
LOAD D:/01Tools/GCC-ARM-NONE-EABI/arm-gnu-toolchain-14.2.rel1-mingw-w64-x86_64-arm-none-eabi/bin/../lib/gcc/arm-none-eabi/14.2.1/thumb/v7-m/nofp\libc.a
END GROUP
LOAD D:/01Tools/GCC-ARM-NONE-EABI/arm-gnu-toolchain-14.2.rel1-mingw-w64-x86_64-arm-none-eabi/bin/../lib/gcc/arm-none-eabi/14.2.1/thumb/v7-m/nofp/crtend.o
LOAD D:/01Tools/GCC-ARM-NONE-EABI/arm-gnu-toolchain-14.2.rel1-mingw-w64-x86_64-arm-none-eabi/bin/../lib/gcc/arm-none-eabi/14.2.1/thumb/v7-m/nofp/crtn.o
                0x20005000                        _estack = (ORIGIN (RAM) + LENGTH (RAM))
                0x00000200                        _Min_Heap_Size = 0x200
                0x00000400                        _Min_Stack_Size = 0x400

.isr_vector     0x08000000      0x10c
                0x08000000                        . = ALIGN (0x4)
 *(.isr_vector)
 .isr_vector    0x08000000      0x10c CMakeFiles/Laser_Omni.elf.dir/Core/Startup/startup_stm32f103c8tx.s.obj
                0x08000000                g_pfnVectors
                0x0800010c                        . = ALIGN (0x4)

.text           0x08000110     0x92f4
                0x08000110                        . = ALIGN (0x4)
 *(.text)
 .text          0x08000110      0x378 D:/01Tools/GCC-ARM-NONE-EABI/arm-gnu-toolchain-14.2.rel1-mingw-w64-x86_64-arm-none-eabi/bin/../lib/gcc/arm-none-eabi/14.2.1/thumb/v7-m/nofp\libgcc.a(_arm_addsubdf3.o)
                0x08000110                __aeabi_drsub
                0x08000118                __aeabi_dsub
                0x08000118                __subdf3
                0x0800011c                __aeabi_dadd
                0x0800011c                __adddf3
                0x08000394                __floatunsidf
                0x08000394                __aeabi_ui2d
                0x080003b4                __floatsidf
                0x080003b4                __aeabi_i2d
                0x080003d8                __aeabi_f2d
                0x080003d8                __extendsfdf2
                0x0800041c                __floatundidf
                0x0800041c                __aeabi_ul2d
                0x0800042c                __floatdidf
                0x0800042c                __aeabi_l2d
 .text          0x08000488      0x110 D:/01Tools/GCC-ARM-NONE-EABI/arm-gnu-toolchain-14.2.rel1-mingw-w64-x86_64-arm-none-eabi/bin/../lib/gcc/arm-none-eabi/14.2.1/thumb/v7-m/nofp\libgcc.a(_arm_cmpdf2.o)
                0x08000488                __gtdf2
                0x08000488                __gedf2
                0x08000490                __ltdf2
                0x08000490                __ledf2
                0x08000498                __nedf2
                0x08000498                __eqdf2
                0x08000498                __cmpdf2
                0x08000514                __aeabi_cdrcmple
                0x08000524                __aeabi_cdcmpeq
                0x08000524                __aeabi_cdcmple
                0x08000534                __aeabi_dcmpeq
                0x08000548                __aeabi_dcmplt
                0x0800055c                __aeabi_dcmple
                0x08000570                __aeabi_dcmpge
                0x08000584                __aeabi_dcmpgt
 .text          0x08000598       0xa0 D:/01Tools/GCC-ARM-NONE-EABI/arm-gnu-toolchain-14.2.rel1-mingw-w64-x86_64-arm-none-eabi/bin/../lib/gcc/arm-none-eabi/14.2.1/thumb/v7-m/nofp\libgcc.a(_arm_truncdfsf2.o)
                0x08000598                __truncdfsf2
                0x08000598                __aeabi_d2f
 .text          0x08000638       0xec D:/01Tools/GCC-ARM-NONE-EABI/arm-gnu-toolchain-14.2.rel1-mingw-w64-x86_64-arm-none-eabi/bin/../lib/gcc/arm-none-eabi/14.2.1/thumb/v7-m/nofp\libg.a(libc_a-memcpy.o)
                0x08000638                memcpy
 .text          0x08000724      0x424 D:/01Tools/GCC-ARM-NONE-EABI/arm-gnu-toolchain-14.2.rel1-mingw-w64-x86_64-arm-none-eabi/bin/../lib/gcc/arm-none-eabi/14.2.1/thumb/v7-m/nofp\libgcc.a(_arm_muldivdf3.o)
                0x08000724                __aeabi_dmul
                0x08000724                __muldf3
                0x08000978                __divdf3
                0x08000978                __aeabi_ddiv
 .text          0x08000b48       0x2c D:/01Tools/GCC-ARM-NONE-EABI/arm-gnu-toolchain-14.2.rel1-mingw-w64-x86_64-arm-none-eabi/bin/../lib/gcc/arm-none-eabi/14.2.1/thumb/v7-m/nofp\libgcc.a(_arm_unorddf2.o)
                0x08000b48                __unorddf2
                0x08000b48                __aeabi_dcmpun
 .text          0x08000b74       0x50 D:/01Tools/GCC-ARM-NONE-EABI/arm-gnu-toolchain-14.2.rel1-mingw-w64-x86_64-arm-none-eabi/bin/../lib/gcc/arm-none-eabi/14.2.1/thumb/v7-m/nofp\libgcc.a(_arm_fixdfsi.o)
                0x08000b74                __aeabi_d2iz
                0x08000b74                __fixdfsi
 *(.text*)
 .text.deregister_tm_clones
                0x08000bc4       0x1c D:/01Tools/GCC-ARM-NONE-EABI/arm-gnu-toolchain-14.2.rel1-mingw-w64-x86_64-arm-none-eabi/bin/../lib/gcc/arm-none-eabi/14.2.1/thumb/v7-m/nofp/crtbegin.o
 .text.register_tm_clones
                0x08000be0       0x24 D:/01Tools/GCC-ARM-NONE-EABI/arm-gnu-toolchain-14.2.rel1-mingw-w64-x86_64-arm-none-eabi/bin/../lib/gcc/arm-none-eabi/14.2.1/thumb/v7-m/nofp/crtbegin.o
 .text.__do_global_dtors_aux
                0x08000c04       0x28 D:/01Tools/GCC-ARM-NONE-EABI/arm-gnu-toolchain-14.2.rel1-mingw-w64-x86_64-arm-none-eabi/bin/../lib/gcc/arm-none-eabi/14.2.1/thumb/v7-m/nofp/crtbegin.o
 .text.frame_dummy
                0x08000c2c       0x24 D:/01Tools/GCC-ARM-NONE-EABI/arm-gnu-toolchain-14.2.rel1-mingw-w64-x86_64-arm-none-eabi/bin/../lib/gcc/arm-none-eabi/14.2.1/thumb/v7-m/nofp/crtbegin.o
 .text.Hardware_I2C_Read
                0x08000c50       0x2c CMakeFiles/Laser_Omni.elf.dir/Core/Src/as5600.c.obj
                0x08000c50                Hardware_I2C_Read
 .text.readOneByte
                0x08000c7c       0x22 CMakeFiles/Laser_Omni.elf.dir/Core/Src/as5600.c.obj
                0x08000c7c                readOneByte
 .text.readTwoBytes
                0x08000c9e       0x1c CMakeFiles/Laser_Omni.elf.dir/Core/Src/as5600.c.obj
                0x08000c9e                readTwoBytes
 .text.getRawAngle
                0x08000cba        0xe CMakeFiles/Laser_Omni.elf.dir/Core/Src/as5600.c.obj
                0x08000cba                getRawAngle
 .text.detectMagnet
                0x08000cc8       0x12 CMakeFiles/Laser_Omni.elf.dir/Core/Src/as5600.c.obj
                0x08000cc8                detectMagnet
 *fill*         0x08000cda        0x6 
 .text.convertRawAngleToDegrees
                0x08000ce0       0x20 CMakeFiles/Laser_Omni.elf.dir/Core/Src/as5600.c.obj
                0x08000ce0                convertRawAngleToDegrees
 .text.Programe_Run
                0x08000d00       0x9c CMakeFiles/Laser_Omni.elf.dir/Core/Src/as5600.c.obj
                0x08000d00                Programe_Run
 .text.MX_GPIO_Init
                0x08000d9c       0x44 CMakeFiles/Laser_Omni.elf.dir/Core/Src/gpio.c.obj
                0x08000d9c                MX_GPIO_Init
 .text.MX_I2C1_Init
                0x08000de0       0x3c CMakeFiles/Laser_Omni.elf.dir/Core/Src/i2c.c.obj
                0x08000de0                MX_I2C1_Init
 .text.HAL_I2C_MspInit
                0x08000e1c       0x64 CMakeFiles/Laser_Omni.elf.dir/Core/Src/i2c.c.obj
                0x08000e1c                HAL_I2C_MspInit
 .text.Error_Handler
                0x08000e80        0x4 CMakeFiles/Laser_Omni.elf.dir/Core/Src/main.c.obj
                0x08000e80                Error_Handler
 .text.SystemClock_Config
                0x08000e84       0x64 CMakeFiles/Laser_Omni.elf.dir/Core/Src/main.c.obj
                0x08000e84                SystemClock_Config
 .text.main     0x08000ee8       0x24 CMakeFiles/Laser_Omni.elf.dir/Core/Src/main.c.obj
                0x08000ee8                main
 .text.HAL_MspInit
                0x08000f0c       0x44 CMakeFiles/Laser_Omni.elf.dir/Core/Src/stm32f1xx_hal_msp.c.obj
                0x08000f0c                HAL_MspInit
 .text.NMI_Handler
                0x08000f50        0x2 CMakeFiles/Laser_Omni.elf.dir/Core/Src/stm32f1xx_it.c.obj
                0x08000f50                NMI_Handler
 .text.HardFault_Handler
                0x08000f52        0x2 CMakeFiles/Laser_Omni.elf.dir/Core/Src/stm32f1xx_it.c.obj
                0x08000f52                HardFault_Handler
 .text.MemManage_Handler
                0x08000f54        0x2 CMakeFiles/Laser_Omni.elf.dir/Core/Src/stm32f1xx_it.c.obj
                0x08000f54                MemManage_Handler
 .text.BusFault_Handler
                0x08000f56        0x2 CMakeFiles/Laser_Omni.elf.dir/Core/Src/stm32f1xx_it.c.obj
                0x08000f56                BusFault_Handler
 .text.UsageFault_Handler
                0x08000f58        0x2 CMakeFiles/Laser_Omni.elf.dir/Core/Src/stm32f1xx_it.c.obj
                0x08000f58                UsageFault_Handler
 .text.SVC_Handler
                0x08000f5a        0x2 CMakeFiles/Laser_Omni.elf.dir/Core/Src/stm32f1xx_it.c.obj
                0x08000f5a                SVC_Handler
 .text.DebugMon_Handler
                0x08000f5c        0x2 CMakeFiles/Laser_Omni.elf.dir/Core/Src/stm32f1xx_it.c.obj
                0x08000f5c                DebugMon_Handler
 .text.PendSV_Handler
                0x08000f5e        0x2 CMakeFiles/Laser_Omni.elf.dir/Core/Src/stm32f1xx_it.c.obj
                0x08000f5e                PendSV_Handler
 .text.SysTick_Handler
                0x08000f60        0x8 CMakeFiles/Laser_Omni.elf.dir/Core/Src/stm32f1xx_it.c.obj
                0x08000f60                SysTick_Handler
 .text._getpid  0x08000f68        0x4 CMakeFiles/Laser_Omni.elf.dir/Core/Src/syscalls.c.obj
                0x08000f68                _getpid
 .text._kill    0x08000f6c       0x10 CMakeFiles/Laser_Omni.elf.dir/Core/Src/syscalls.c.obj
                0x08000f6c                _kill
 .text._exit    0x08000f7c        0xc CMakeFiles/Laser_Omni.elf.dir/Core/Src/syscalls.c.obj
                0x08000f7c                _exit
 .text._read    0x08000f88       0x20 CMakeFiles/Laser_Omni.elf.dir/Core/Src/syscalls.c.obj
                0x08000f88                _read
 .text._write   0x08000fa8       0x1c CMakeFiles/Laser_Omni.elf.dir/Core/Src/syscalls.c.obj
                0x08000fa8                _write
 .text._close   0x08000fc4        0x6 CMakeFiles/Laser_Omni.elf.dir/Core/Src/syscalls.c.obj
                0x08000fc4                _close
 .text._fstat   0x08000fca        0xa CMakeFiles/Laser_Omni.elf.dir/Core/Src/syscalls.c.obj
                0x08000fca                _fstat
 .text._isatty  0x08000fd4        0x4 CMakeFiles/Laser_Omni.elf.dir/Core/Src/syscalls.c.obj
                0x08000fd4                _isatty
 .text._lseek   0x08000fd8        0x4 CMakeFiles/Laser_Omni.elf.dir/Core/Src/syscalls.c.obj
                0x08000fd8                _lseek
 .text._sbrk    0x08000fdc       0x48 CMakeFiles/Laser_Omni.elf.dir/Core/Src/sysmem.c.obj
                0x08000fdc                _sbrk
 .text.SystemInit
                0x08001024        0x2 CMakeFiles/Laser_Omni.elf.dir/Core/Src/system_stm32f1xx.c.obj
                0x08001024                SystemInit
 *fill*         0x08001026        0x2 
 .text.MX_USART1_UART_Init
                0x08001028       0x34 CMakeFiles/Laser_Omni.elf.dir/Core/Src/usart.c.obj
                0x08001028                MX_USART1_UART_Init
 .text.HAL_UART_MspInit
                0x0800105c       0x7c CMakeFiles/Laser_Omni.elf.dir/Core/Src/usart.c.obj
                0x0800105c                HAL_UART_MspInit
 .text.Reset_Handler
                0x080010d8       0x48 CMakeFiles/Laser_Omni.elf.dir/Core/Startup/startup_stm32f103c8tx.s.obj
                0x080010d8                Reset_Handler
 .text.Default_Handler
                0x08001120        0x2 CMakeFiles/Laser_Omni.elf.dir/Core/Startup/startup_stm32f103c8tx.s.obj
                0x08001120                RTC_Alarm_IRQHandler
                0x08001120                EXTI2_IRQHandler
                0x08001120                TIM1_CC_IRQHandler
                0x08001120                PVD_IRQHandler
                0x08001120                EXTI3_IRQHandler
                0x08001120                EXTI0_IRQHandler
                0x08001120                I2C2_EV_IRQHandler
                0x08001120                ADC1_2_IRQHandler
                0x08001120                SPI1_IRQHandler
                0x08001120                TAMPER_IRQHandler
                0x08001120                DMA1_Channel4_IRQHandler
                0x08001120                USART3_IRQHandler
                0x08001120                RTC_IRQHandler
                0x08001120                DMA1_Channel7_IRQHandler
                0x08001120                CAN1_RX1_IRQHandler
                0x08001120                TIM4_IRQHandler
                0x08001120                I2C1_EV_IRQHandler
                0x08001120                DMA1_Channel6_IRQHandler
                0x08001120                TIM3_IRQHandler
                0x08001120                RCC_IRQHandler
                0x08001120                TIM1_TRG_COM_IRQHandler
                0x08001120                DMA1_Channel1_IRQHandler
                0x08001120                Default_Handler
                0x08001120                EXTI15_10_IRQHandler
                0x08001120                EXTI9_5_IRQHandler
                0x08001120                SPI2_IRQHandler
                0x08001120                DMA1_Channel5_IRQHandler
                0x08001120                EXTI4_IRQHandler
                0x08001120                USB_LP_CAN1_RX0_IRQHandler
                0x08001120                USB_HP_CAN1_TX_IRQHandler
                0x08001120                DMA1_Channel3_IRQHandler
                0x08001120                TIM1_UP_IRQHandler
                0x08001120                WWDG_IRQHandler
                0x08001120                TIM2_IRQHandler
                0x08001120                TIM1_BRK_IRQHandler
                0x08001120                EXTI1_IRQHandler
                0x08001120                USART2_IRQHandler
                0x08001120                I2C2_ER_IRQHandler
                0x08001120                DMA1_Channel2_IRQHandler
                0x08001120                CAN1_SCE_IRQHandler
                0x08001120                FLASH_IRQHandler
                0x08001120                USART1_IRQHandler
                0x08001120                I2C1_ER_IRQHandler
                0x08001120                USBWakeUp_IRQHandler
 *fill*         0x08001122        0x2 
 .text.HAL_InitTick
                0x08001124       0x4c CMakeFiles/Laser_Omni.elf.dir/Drivers/STM32F1xx_HAL_Driver/Src/stm32f1xx_hal.c.obj
                0x08001124                HAL_InitTick
 .text.HAL_Init
                0x08001170       0x24 CMakeFiles/Laser_Omni.elf.dir/Drivers/STM32F1xx_HAL_Driver/Src/stm32f1xx_hal.c.obj
                0x08001170                HAL_Init
 .text.HAL_IncTick
                0x08001194       0x18 CMakeFiles/Laser_Omni.elf.dir/Drivers/STM32F1xx_HAL_Driver/Src/stm32f1xx_hal.c.obj
                0x08001194                HAL_IncTick
 .text.HAL_GetTick
                0x080011ac        0xc CMakeFiles/Laser_Omni.elf.dir/Drivers/STM32F1xx_HAL_Driver/Src/stm32f1xx_hal.c.obj
                0x080011ac                HAL_GetTick
 .text.HAL_Delay
                0x080011b8       0x28 CMakeFiles/Laser_Omni.elf.dir/Drivers/STM32F1xx_HAL_Driver/Src/stm32f1xx_hal.c.obj
                0x080011b8                HAL_Delay
 .text.__NVIC_SetPriority
                0x080011e0       0x28 CMakeFiles/Laser_Omni.elf.dir/Drivers/STM32F1xx_HAL_Driver/Src/stm32f1xx_hal_cortex.c.obj
 .text.NVIC_EncodePriority
                0x08001208       0x3e CMakeFiles/Laser_Omni.elf.dir/Drivers/STM32F1xx_HAL_Driver/Src/stm32f1xx_hal_cortex.c.obj
 *fill*         0x08001246        0x2 
 .text.HAL_NVIC_SetPriorityGrouping
                0x08001248       0x24 CMakeFiles/Laser_Omni.elf.dir/Drivers/STM32F1xx_HAL_Driver/Src/stm32f1xx_hal_cortex.c.obj
                0x08001248                HAL_NVIC_SetPriorityGrouping
 .text.HAL_NVIC_SetPriority
                0x0800126c       0x20 CMakeFiles/Laser_Omni.elf.dir/Drivers/STM32F1xx_HAL_Driver/Src/stm32f1xx_hal_cortex.c.obj
                0x0800126c                HAL_NVIC_SetPriority
 .text.HAL_SYSTICK_Config
                0x0800128c       0x28 CMakeFiles/Laser_Omni.elf.dir/Drivers/STM32F1xx_HAL_Driver/Src/stm32f1xx_hal_cortex.c.obj
                0x0800128c                HAL_SYSTICK_Config
 .text.HAL_GPIO_Init
                0x080012b4      0x214 CMakeFiles/Laser_Omni.elf.dir/Drivers/STM32F1xx_HAL_Driver/Src/stm32f1xx_hal_gpio.c.obj
                0x080012b4                HAL_GPIO_Init
 .text.I2C_IsAcknowledgeFailed
                0x080014c8       0x32 CMakeFiles/Laser_Omni.elf.dir/Drivers/STM32F1xx_HAL_Driver/Src/stm32f1xx_hal_i2c.c.obj
 .text.I2C_WaitOnFlagUntilTimeout
                0x080014fa       0xaa CMakeFiles/Laser_Omni.elf.dir/Drivers/STM32F1xx_HAL_Driver/Src/stm32f1xx_hal_i2c.c.obj
 .text.I2C_WaitOnMasterAddressFlagUntilTimeout
                0x080015a4       0xd6 CMakeFiles/Laser_Omni.elf.dir/Drivers/STM32F1xx_HAL_Driver/Src/stm32f1xx_hal_i2c.c.obj
 .text.I2C_WaitOnTXEFlagUntilTimeout
                0x0800167a       0x5e CMakeFiles/Laser_Omni.elf.dir/Drivers/STM32F1xx_HAL_Driver/Src/stm32f1xx_hal_i2c.c.obj
 .text.I2C_RequestMemoryRead
                0x080016d8      0x154 CMakeFiles/Laser_Omni.elf.dir/Drivers/STM32F1xx_HAL_Driver/Src/stm32f1xx_hal_i2c.c.obj
 .text.I2C_WaitOnRXNEFlagUntilTimeout
                0x0800182c       0x78 CMakeFiles/Laser_Omni.elf.dir/Drivers/STM32F1xx_HAL_Driver/Src/stm32f1xx_hal_i2c.c.obj
 .text.HAL_I2C_Init
                0x080018a4      0x1bc CMakeFiles/Laser_Omni.elf.dir/Drivers/STM32F1xx_HAL_Driver/Src/stm32f1xx_hal_i2c.c.obj
                0x080018a4                HAL_I2C_Init
 .text.HAL_I2C_Mem_Read
                0x08001a60      0x354 CMakeFiles/Laser_Omni.elf.dir/Drivers/STM32F1xx_HAL_Driver/Src/stm32f1xx_hal_i2c.c.obj
                0x08001a60                HAL_I2C_Mem_Read
 .text.RCC_Delay
                0x08001db4       0x2c CMakeFiles/Laser_Omni.elf.dir/Drivers/STM32F1xx_HAL_Driver/Src/stm32f1xx_hal_rcc.c.obj
 .text.HAL_RCC_OscConfig
                0x08001de0      0x410 CMakeFiles/Laser_Omni.elf.dir/Drivers/STM32F1xx_HAL_Driver/Src/stm32f1xx_hal_rcc.c.obj
                0x08001de0                HAL_RCC_OscConfig
 .text.HAL_RCC_GetSysClockFreq
                0x080021f0       0x54 CMakeFiles/Laser_Omni.elf.dir/Drivers/STM32F1xx_HAL_Driver/Src/stm32f1xx_hal_rcc.c.obj
                0x080021f0                HAL_RCC_GetSysClockFreq
 .text.HAL_RCC_ClockConfig
                0x08002244      0x16c CMakeFiles/Laser_Omni.elf.dir/Drivers/STM32F1xx_HAL_Driver/Src/stm32f1xx_hal_rcc.c.obj
                0x08002244                HAL_RCC_ClockConfig
 .text.HAL_RCC_GetHCLKFreq
                0x080023b0        0xc CMakeFiles/Laser_Omni.elf.dir/Drivers/STM32F1xx_HAL_Driver/Src/stm32f1xx_hal_rcc.c.obj
                0x080023b0                HAL_RCC_GetHCLKFreq
 .text.HAL_RCC_GetPCLK1Freq
                0x080023bc       0x20 CMakeFiles/Laser_Omni.elf.dir/Drivers/STM32F1xx_HAL_Driver/Src/stm32f1xx_hal_rcc.c.obj
                0x080023bc                HAL_RCC_GetPCLK1Freq
 .text.HAL_RCC_GetPCLK2Freq
                0x080023dc       0x20 CMakeFiles/Laser_Omni.elf.dir/Drivers/STM32F1xx_HAL_Driver/Src/stm32f1xx_hal_rcc.c.obj
                0x080023dc                HAL_RCC_GetPCLK2Freq
 .text.UART_EndRxTransfer
                0x080023fc       0x5c CMakeFiles/Laser_Omni.elf.dir/Drivers/STM32F1xx_HAL_Driver/Src/stm32f1xx_hal_uart.c.obj
 .text.UART_SetConfig
                0x08002458       0x94 CMakeFiles/Laser_Omni.elf.dir/Drivers/STM32F1xx_HAL_Driver/Src/stm32f1xx_hal_uart.c.obj
 .text.UART_WaitOnFlagUntilTimeout
                0x080024ec       0x86 CMakeFiles/Laser_Omni.elf.dir/Drivers/STM32F1xx_HAL_Driver/Src/stm32f1xx_hal_uart.c.obj
 .text.HAL_UART_Init
                0x08002572       0x60 CMakeFiles/Laser_Omni.elf.dir/Drivers/STM32F1xx_HAL_Driver/Src/stm32f1xx_hal_uart.c.obj
                0x08002572                HAL_UART_Init
 .text.HAL_UART_Transmit
                0x080025d2       0xca CMakeFiles/Laser_Omni.elf.dir/Drivers/STM32F1xx_HAL_Driver/Src/stm32f1xx_hal_uart.c.obj
                0x080025d2                HAL_UART_Transmit
 .text.stdio_exit_handler
                0x0800269c       0x18 D:/01Tools/GCC-ARM-NONE-EABI/arm-gnu-toolchain-14.2.rel1-mingw-w64-x86_64-arm-none-eabi/bin/../lib/gcc/arm-none-eabi/14.2.1/thumb/v7-m/nofp\libg.a(libc_a-findfp.o)
 .text.cleanup_stdio
                0x080026b4       0x40 D:/01Tools/GCC-ARM-NONE-EABI/arm-gnu-toolchain-14.2.rel1-mingw-w64-x86_64-arm-none-eabi/bin/../lib/gcc/arm-none-eabi/14.2.1/thumb/v7-m/nofp\libg.a(libc_a-findfp.o)
 .text.global_stdio_init.part.0
                0x080026f4       0xf0 D:/01Tools/GCC-ARM-NONE-EABI/arm-gnu-toolchain-14.2.rel1-mingw-w64-x86_64-arm-none-eabi/bin/../lib/gcc/arm-none-eabi/14.2.1/thumb/v7-m/nofp\libg.a(libc_a-findfp.o)
 .text.__sinit  0x080027e4       0x3c D:/01Tools/GCC-ARM-NONE-EABI/arm-gnu-toolchain-14.2.rel1-mingw-w64-x86_64-arm-none-eabi/bin/../lib/gcc/arm-none-eabi/14.2.1/thumb/v7-m/nofp\libg.a(libc_a-findfp.o)
                0x080027e4                __sinit
 .text.__sfp_lock_acquire
                0x08002820        0xc D:/01Tools/GCC-ARM-NONE-EABI/arm-gnu-toolchain-14.2.rel1-mingw-w64-x86_64-arm-none-eabi/bin/../lib/gcc/arm-none-eabi/14.2.1/thumb/v7-m/nofp\libg.a(libc_a-findfp.o)
                0x08002820                __sfp_lock_acquire
 .text.__sfp_lock_release
                0x0800282c        0xc D:/01Tools/GCC-ARM-NONE-EABI/arm-gnu-toolchain-14.2.rel1-mingw-w64-x86_64-arm-none-eabi/bin/../lib/gcc/arm-none-eabi/14.2.1/thumb/v7-m/nofp\libg.a(libc_a-findfp.o)
                0x0800282c                __sfp_lock_release
 .text._fwalk_sglue
                0x08002838       0x44 D:/01Tools/GCC-ARM-NONE-EABI/arm-gnu-toolchain-14.2.rel1-mingw-w64-x86_64-arm-none-eabi/bin/../lib/gcc/arm-none-eabi/14.2.1/thumb/v7-m/nofp\libg.a(libc_a-fwalk.o)
                0x08002838                _fwalk_sglue
 .text.sprintf  0x0800287c       0x44 D:/01Tools/GCC-ARM-NONE-EABI/arm-gnu-toolchain-14.2.rel1-mingw-w64-x86_64-arm-none-eabi/bin/../lib/gcc/arm-none-eabi/14.2.1/thumb/v7-m/nofp\libg.a(libc_a-sprintf.o)
                0x0800287c                sprintf
 .text.__sread  0x080028c0       0x24 D:/01Tools/GCC-ARM-NONE-EABI/arm-gnu-toolchain-14.2.rel1-mingw-w64-x86_64-arm-none-eabi/bin/../lib/gcc/arm-none-eabi/14.2.1/thumb/v7-m/nofp\libg.a(libc_a-stdio.o)
                0x080028c0                __sread
 .text.__swrite
                0x080028e4       0x40 D:/01Tools/GCC-ARM-NONE-EABI/arm-gnu-toolchain-14.2.rel1-mingw-w64-x86_64-arm-none-eabi/bin/../lib/gcc/arm-none-eabi/14.2.1/thumb/v7-m/nofp\libg.a(libc_a-stdio.o)
                0x080028e4                __swrite
 .text.__sseek  0x08002924       0x24 D:/01Tools/GCC-ARM-NONE-EABI/arm-gnu-toolchain-14.2.rel1-mingw-w64-x86_64-arm-none-eabi/bin/../lib/gcc/arm-none-eabi/14.2.1/thumb/v7-m/nofp\libg.a(libc_a-stdio.o)
                0x08002924                __sseek
 .text.__sclose
                0x08002948        0x8 D:/01Tools/GCC-ARM-NONE-EABI/arm-gnu-toolchain-14.2.rel1-mingw-w64-x86_64-arm-none-eabi/bin/../lib/gcc/arm-none-eabi/14.2.1/thumb/v7-m/nofp\libg.a(libc_a-stdio.o)
                0x08002948                __sclose
 .text.memset   0x08002950       0x9c D:/01Tools/GCC-ARM-NONE-EABI/arm-gnu-toolchain-14.2.rel1-mingw-w64-x86_64-arm-none-eabi/bin/../lib/gcc/arm-none-eabi/14.2.1/thumb/v7-m/nofp\libg.a(libc_a-memset.o)
                0x08002950                memset
 .text._close_r
                0x080029ec       0x24 D:/01Tools/GCC-ARM-NONE-EABI/arm-gnu-toolchain-14.2.rel1-mingw-w64-x86_64-arm-none-eabi/bin/../lib/gcc/arm-none-eabi/14.2.1/thumb/v7-m/nofp\libg.a(libc_a-closer.o)
                0x080029ec                _close_r
 .text._lseek_r
                0x08002a10       0x2c D:/01Tools/GCC-ARM-NONE-EABI/arm-gnu-toolchain-14.2.rel1-mingw-w64-x86_64-arm-none-eabi/bin/../lib/gcc/arm-none-eabi/14.2.1/thumb/v7-m/nofp\libg.a(libc_a-lseekr.o)
                0x08002a10                _lseek_r
 .text._read_r  0x08002a3c       0x2c D:/01Tools/GCC-ARM-NONE-EABI/arm-gnu-toolchain-14.2.rel1-mingw-w64-x86_64-arm-none-eabi/bin/../lib/gcc/arm-none-eabi/14.2.1/thumb/v7-m/nofp\libg.a(libc_a-readr.o)
                0x08002a3c                _read_r
 .text._write_r
                0x08002a68       0x2c D:/01Tools/GCC-ARM-NONE-EABI/arm-gnu-toolchain-14.2.rel1-mingw-w64-x86_64-arm-none-eabi/bin/../lib/gcc/arm-none-eabi/14.2.1/thumb/v7-m/nofp\libg.a(libc_a-writer.o)
                0x08002a68                _write_r
 .text.__errno  0x08002a94        0xc D:/01Tools/GCC-ARM-NONE-EABI/arm-gnu-toolchain-14.2.rel1-mingw-w64-x86_64-arm-none-eabi/bin/../lib/gcc/arm-none-eabi/14.2.1/thumb/v7-m/nofp\libg.a(libc_a-errno.o)
                0x08002a94                __errno
 .text.__libc_init_array
                0x08002aa0       0x50 D:/01Tools/GCC-ARM-NONE-EABI/arm-gnu-toolchain-14.2.rel1-mingw-w64-x86_64-arm-none-eabi/bin/../lib/gcc/arm-none-eabi/14.2.1/thumb/v7-m/nofp\libg.a(libc_a-init.o)
                0x08002aa0                __libc_init_array
 .text.__retarget_lock_init_recursive
                0x08002af0        0x4 D:/01Tools/GCC-ARM-NONE-EABI/arm-gnu-toolchain-14.2.rel1-mingw-w64-x86_64-arm-none-eabi/bin/../lib/gcc/arm-none-eabi/14.2.1/thumb/v7-m/nofp\libg.a(libc_a-lock.o)
                0x08002af0                __retarget_lock_init_recursive
 .text.__retarget_lock_close_recursive
                0x08002af4        0x4 D:/01Tools/GCC-ARM-NONE-EABI/arm-gnu-toolchain-14.2.rel1-mingw-w64-x86_64-arm-none-eabi/bin/../lib/gcc/arm-none-eabi/14.2.1/thumb/v7-m/nofp\libg.a(libc_a-lock.o)
                0x08002af4                __retarget_lock_close_recursive
 .text.__retarget_lock_acquire_recursive
                0x08002af8        0x4 D:/01Tools/GCC-ARM-NONE-EABI/arm-gnu-toolchain-14.2.rel1-mingw-w64-x86_64-arm-none-eabi/bin/../lib/gcc/arm-none-eabi/14.2.1/thumb/v7-m/nofp\libg.a(libc_a-lock.o)
                0x08002af8                __retarget_lock_acquire_recursive
 .text.__retarget_lock_release_recursive
                0x08002afc        0x4 D:/01Tools/GCC-ARM-NONE-EABI/arm-gnu-toolchain-14.2.rel1-mingw-w64-x86_64-arm-none-eabi/bin/../lib/gcc/arm-none-eabi/14.2.1/thumb/v7-m/nofp\libg.a(libc_a-lock.o)
                0x08002afc                __retarget_lock_release_recursive
 .text.strlen   0x08002b00       0x5c D:/01Tools/GCC-ARM-NONE-EABI/arm-gnu-toolchain-14.2.rel1-mingw-w64-x86_64-arm-none-eabi/bin/../lib/gcc/arm-none-eabi/14.2.1/thumb/v7-m/nofp\libg.a(libc_a-strlen-stub.o)
                0x08002b00                strlen
 .text.startup.register_fini
                0x08002b5c       0x14 D:/01Tools/GCC-ARM-NONE-EABI/arm-gnu-toolchain-14.2.rel1-mingw-w64-x86_64-arm-none-eabi/bin/../lib/gcc/arm-none-eabi/14.2.1/thumb/v7-m/nofp\libg.a(libc_a-__call_atexit.o)
 .text.atexit   0x08002b70        0xc D:/01Tools/GCC-ARM-NONE-EABI/arm-gnu-toolchain-14.2.rel1-mingw-w64-x86_64-arm-none-eabi/bin/../lib/gcc/arm-none-eabi/14.2.1/thumb/v7-m/nofp\libg.a(libc_a-atexit.o)
                0x08002b70                atexit
 .text._malloc_trim_r
                0x08002b7c       0xb8 D:/01Tools/GCC-ARM-NONE-EABI/arm-gnu-toolchain-14.2.rel1-mingw-w64-x86_64-arm-none-eabi/bin/../lib/gcc/arm-none-eabi/14.2.1/thumb/v7-m/nofp\libg.a(libc_a-freer.o)
                0x08002b7c                _malloc_trim_r
 .text._free_r  0x08002c34      0x1e8 D:/01Tools/GCC-ARM-NONE-EABI/arm-gnu-toolchain-14.2.rel1-mingw-w64-x86_64-arm-none-eabi/bin/../lib/gcc/arm-none-eabi/14.2.1/thumb/v7-m/nofp\libg.a(libc_a-freer.o)
                0x08002c34                _free_r
 .text._malloc_r
                0x08002e1c      0x57c D:/01Tools/GCC-ARM-NONE-EABI/arm-gnu-toolchain-14.2.rel1-mingw-w64-x86_64-arm-none-eabi/bin/../lib/gcc/arm-none-eabi/14.2.1/thumb/v7-m/nofp\libg.a(libc_a-mallocr.o)
                0x08002e1c                _malloc_r
 .text.__malloc_lock
                0x08003398        0xc D:/01Tools/GCC-ARM-NONE-EABI/arm-gnu-toolchain-14.2.rel1-mingw-w64-x86_64-arm-none-eabi/bin/../lib/gcc/arm-none-eabi/14.2.1/thumb/v7-m/nofp\libg.a(libc_a-mlock.o)
                0x08003398                __malloc_lock
 .text.__malloc_unlock
                0x080033a4        0xc D:/01Tools/GCC-ARM-NONE-EABI/arm-gnu-toolchain-14.2.rel1-mingw-w64-x86_64-arm-none-eabi/bin/../lib/gcc/arm-none-eabi/14.2.1/thumb/v7-m/nofp\libg.a(libc_a-mlock.o)
                0x080033a4                __malloc_unlock
 .text._svfprintf_r
                0x080033b0     0x2250 D:/01Tools/GCC-ARM-NONE-EABI/arm-gnu-toolchain-14.2.rel1-mingw-w64-x86_64-arm-none-eabi/bin/../lib/gcc/arm-none-eabi/14.2.1/thumb/v7-m/nofp\libg.a(libc_a-svfprintf.o)
                0x080033b0                _svfprintf_r
 .text.__ssprint_r
                0x08005600       0x58 D:/01Tools/GCC-ARM-NONE-EABI/arm-gnu-toolchain-14.2.rel1-mingw-w64-x86_64-arm-none-eabi/bin/../lib/gcc/arm-none-eabi/14.2.1/thumb/v7-m/nofp\libg.a(libc_a-ssprint_r.o)
                0x08005600                __ssprint_r
 .text._fclose_r
                0x08005658       0xc0 D:/01Tools/GCC-ARM-NONE-EABI/arm-gnu-toolchain-14.2.rel1-mingw-w64-x86_64-arm-none-eabi/bin/../lib/gcc/arm-none-eabi/14.2.1/thumb/v7-m/nofp\libg.a(libc_a-fclose.o)
                0x08005658                _fclose_r
 .text.__sflush_r
                0x08005718      0x124 D:/01Tools/GCC-ARM-NONE-EABI/arm-gnu-toolchain-14.2.rel1-mingw-w64-x86_64-arm-none-eabi/bin/../lib/gcc/arm-none-eabi/14.2.1/thumb/v7-m/nofp\libg.a(libc_a-fflush.o)
                0x08005718                __sflush_r
 .text._fflush_r
                0x0800583c       0x54 D:/01Tools/GCC-ARM-NONE-EABI/arm-gnu-toolchain-14.2.rel1-mingw-w64-x86_64-arm-none-eabi/bin/../lib/gcc/arm-none-eabi/14.2.1/thumb/v7-m/nofp\libg.a(libc_a-fflush.o)
                0x0800583c                _fflush_r
 .text.strncpy  0x08005890       0x6c D:/01Tools/GCC-ARM-NONE-EABI/arm-gnu-toolchain-14.2.rel1-mingw-w64-x86_64-arm-none-eabi/bin/../lib/gcc/arm-none-eabi/14.2.1/thumb/v7-m/nofp\libg.a(libc_a-strncpy.o)
                0x08005890                strncpy
 .text.__locale_mb_cur_max
                0x080058fc        0xc D:/01Tools/GCC-ARM-NONE-EABI/arm-gnu-toolchain-14.2.rel1-mingw-w64-x86_64-arm-none-eabi/bin/../lib/gcc/arm-none-eabi/14.2.1/thumb/v7-m/nofp\libg.a(libc_a-locale.o)
                0x080058fc                __locale_mb_cur_max
 .text._localeconv_r
                0x08005908        0x8 D:/01Tools/GCC-ARM-NONE-EABI/arm-gnu-toolchain-14.2.rel1-mingw-w64-x86_64-arm-none-eabi/bin/../lib/gcc/arm-none-eabi/14.2.1/thumb/v7-m/nofp\libg.a(libc_a-localeconv.o)
                0x08005908                _localeconv_r
 .text._sbrk_r  0x08005910       0x24 D:/01Tools/GCC-ARM-NONE-EABI/arm-gnu-toolchain-14.2.rel1-mingw-w64-x86_64-arm-none-eabi/bin/../lib/gcc/arm-none-eabi/14.2.1/thumb/v7-m/nofp\libg.a(libc_a-sbrkr.o)
                0x08005910                _sbrk_r
 .text.__libc_fini_array
                0x08005934       0x28 D:/01Tools/GCC-ARM-NONE-EABI/arm-gnu-toolchain-14.2.rel1-mingw-w64-x86_64-arm-none-eabi/bin/../lib/gcc/arm-none-eabi/14.2.1/thumb/v7-m/nofp\libg.a(libc_a-fini.o)
                0x08005934                __libc_fini_array
 .text.sysconf  0x0800595c       0x1c D:/01Tools/GCC-ARM-NONE-EABI/arm-gnu-toolchain-14.2.rel1-mingw-w64-x86_64-arm-none-eabi/bin/../lib/gcc/arm-none-eabi/14.2.1/thumb/v7-m/nofp\libg.a(libc_a-sysconf.o)
                0x0800595c                sysconf
 .text.memchr   0x08005978       0x80 D:/01Tools/GCC-ARM-NONE-EABI/arm-gnu-toolchain-14.2.rel1-mingw-w64-x86_64-arm-none-eabi/bin/../lib/gcc/arm-none-eabi/14.2.1/thumb/v7-m/nofp\libg.a(libc_a-memchr-stub.o)
                0x08005978                memchr
 .text.frexp    0x080059f8       0x6c D:/01Tools/GCC-ARM-NONE-EABI/arm-gnu-toolchain-14.2.rel1-mingw-w64-x86_64-arm-none-eabi/bin/../lib/gcc/arm-none-eabi/14.2.1/thumb/v7-m/nofp\libg.a(libm_a-s_frexp.o)
                0x080059f8                frexp
 .text.__register_exitproc
                0x08005a64       0x80 D:/01Tools/GCC-ARM-NONE-EABI/arm-gnu-toolchain-14.2.rel1-mingw-w64-x86_64-arm-none-eabi/bin/../lib/gcc/arm-none-eabi/14.2.1/thumb/v7-m/nofp\libg.a(libc_a-__atexit.o)
                0x08005a64                __register_exitproc
 .text.quorem   0x08005ae4      0x13c D:/01Tools/GCC-ARM-NONE-EABI/arm-gnu-toolchain-14.2.rel1-mingw-w64-x86_64-arm-none-eabi/bin/../lib/gcc/arm-none-eabi/14.2.1/thumb/v7-m/nofp\libg.a(libc_a-dtoa.o)
 .text._dtoa_r  0x08005c20     0x1030 D:/01Tools/GCC-ARM-NONE-EABI/arm-gnu-toolchain-14.2.rel1-mingw-w64-x86_64-arm-none-eabi/bin/../lib/gcc/arm-none-eabi/14.2.1/thumb/v7-m/nofp\libg.a(libc_a-dtoa.o)
                0x08005c20                _dtoa_r
 .text.__ascii_mbtowc
                0x08006c50       0x2c D:/01Tools/GCC-ARM-NONE-EABI/arm-gnu-toolchain-14.2.rel1-mingw-w64-x86_64-arm-none-eabi/bin/../lib/gcc/arm-none-eabi/14.2.1/thumb/v7-m/nofp\libg.a(libc_a-mbtowc_r.o)
                0x08006c50                __ascii_mbtowc
 .text._Balloc  0x08006c7c       0x4c D:/01Tools/GCC-ARM-NONE-EABI/arm-gnu-toolchain-14.2.rel1-mingw-w64-x86_64-arm-none-eabi/bin/../lib/gcc/arm-none-eabi/14.2.1/thumb/v7-m/nofp\libg.a(libc_a-mprec.o)
                0x08006c7c                _Balloc
 .text._Bfree   0x08006cc8       0x14 D:/01Tools/GCC-ARM-NONE-EABI/arm-gnu-toolchain-14.2.rel1-mingw-w64-x86_64-arm-none-eabi/bin/../lib/gcc/arm-none-eabi/14.2.1/thumb/v7-m/nofp\libg.a(libc_a-mprec.o)
                0x08006cc8                _Bfree
 .text.__multadd
                0x08006cdc       0xa4 D:/01Tools/GCC-ARM-NONE-EABI/arm-gnu-toolchain-14.2.rel1-mingw-w64-x86_64-arm-none-eabi/bin/../lib/gcc/arm-none-eabi/14.2.1/thumb/v7-m/nofp\libg.a(libc_a-mprec.o)
                0x08006cdc                __multadd
 .text.__hi0bits
                0x08006d80       0x54 D:/01Tools/GCC-ARM-NONE-EABI/arm-gnu-toolchain-14.2.rel1-mingw-w64-x86_64-arm-none-eabi/bin/../lib/gcc/arm-none-eabi/14.2.1/thumb/v7-m/nofp\libg.a(libc_a-mprec.o)
                0x08006d80                __hi0bits
 .text.__lo0bits
                0x08006dd4       0x7c D:/01Tools/GCC-ARM-NONE-EABI/arm-gnu-toolchain-14.2.rel1-mingw-w64-x86_64-arm-none-eabi/bin/../lib/gcc/arm-none-eabi/14.2.1/thumb/v7-m/nofp\libg.a(libc_a-mprec.o)
                0x08006dd4                __lo0bits
 .text.__i2b    0x08006e50       0x5c D:/01Tools/GCC-ARM-NONE-EABI/arm-gnu-toolchain-14.2.rel1-mingw-w64-x86_64-arm-none-eabi/bin/../lib/gcc/arm-none-eabi/14.2.1/thumb/v7-m/nofp\libg.a(libc_a-mprec.o)
                0x08006e50                __i2b
 .text.__multiply
                0x08006eac      0x168 D:/01Tools/GCC-ARM-NONE-EABI/arm-gnu-toolchain-14.2.rel1-mingw-w64-x86_64-arm-none-eabi/bin/../lib/gcc/arm-none-eabi/14.2.1/thumb/v7-m/nofp\libg.a(libc_a-mprec.o)
                0x08006eac                __multiply
 .text.__pow5mult
                0x08007014       0xc0 D:/01Tools/GCC-ARM-NONE-EABI/arm-gnu-toolchain-14.2.rel1-mingw-w64-x86_64-arm-none-eabi/bin/../lib/gcc/arm-none-eabi/14.2.1/thumb/v7-m/nofp\libg.a(libc_a-mprec.o)
                0x08007014                __pow5mult
 .text.__lshift
                0x080070d4       0xe8 D:/01Tools/GCC-ARM-NONE-EABI/arm-gnu-toolchain-14.2.rel1-mingw-w64-x86_64-arm-none-eabi/bin/../lib/gcc/arm-none-eabi/14.2.1/thumb/v7-m/nofp\libg.a(libc_a-mprec.o)
                0x080070d4                __lshift
 .text.__mcmp   0x080071bc       0x40 D:/01Tools/GCC-ARM-NONE-EABI/arm-gnu-toolchain-14.2.rel1-mingw-w64-x86_64-arm-none-eabi/bin/../lib/gcc/arm-none-eabi/14.2.1/thumb/v7-m/nofp\libg.a(libc_a-mprec.o)
                0x080071bc                __mcmp
 .text.__mdiff  0x080071fc      0x164 D:/01Tools/GCC-ARM-NONE-EABI/arm-gnu-toolchain-14.2.rel1-mingw-w64-x86_64-arm-none-eabi/bin/../lib/gcc/arm-none-eabi/14.2.1/thumb/v7-m/nofp\libg.a(libc_a-mprec.o)
                0x080071fc                __mdiff
 .text.__d2b    0x08007360       0xb8 D:/01Tools/GCC-ARM-NONE-EABI/arm-gnu-toolchain-14.2.rel1-mingw-w64-x86_64-arm-none-eabi/bin/../lib/gcc/arm-none-eabi/14.2.1/thumb/v7-m/nofp\libg.a(libc_a-mprec.o)
                0x08007360                __d2b
 .text.__ascii_wctomb
                0x08007418       0x1c D:/01Tools/GCC-ARM-NONE-EABI/arm-gnu-toolchain-14.2.rel1-mingw-w64-x86_64-arm-none-eabi/bin/../lib/gcc/arm-none-eabi/14.2.1/thumb/v7-m/nofp\libg.a(libc_a-wctomb_r.o)
                0x08007418                __ascii_wctomb
 .text._wcrtomb_r
                0x08007434       0x4c D:/01Tools/GCC-ARM-NONE-EABI/arm-gnu-toolchain-14.2.rel1-mingw-w64-x86_64-arm-none-eabi/bin/../lib/gcc/arm-none-eabi/14.2.1/thumb/v7-m/nofp\libg.a(libc_a-wcrtomb.o)
                0x08007434                _wcrtomb_r
 .text._wcsrtombs_r
                0x08007480       0x18 D:/01Tools/GCC-ARM-NONE-EABI/arm-gnu-toolchain-14.2.rel1-mingw-w64-x86_64-arm-none-eabi/bin/../lib/gcc/arm-none-eabi/14.2.1/thumb/v7-m/nofp\libg.a(libc_a-wcsrtombs.o)
                0x08007480                _wcsrtombs_r
 .text.__ssputs_r
                0x08007498       0xc0 D:/01Tools/GCC-ARM-NONE-EABI/arm-gnu-toolchain-14.2.rel1-mingw-w64-x86_64-arm-none-eabi/bin/../lib/gcc/arm-none-eabi/14.2.1/thumb/v7-m/nofp\libg.a(libc_a-ssputs_r.o)
                0x08007498                __ssputs_r
 .text.memmove  0x08007558       0xfc D:/01Tools/GCC-ARM-NONE-EABI/arm-gnu-toolchain-14.2.rel1-mingw-w64-x86_64-arm-none-eabi/bin/../lib/gcc/arm-none-eabi/14.2.1/thumb/v7-m/nofp\libg.a(libc_a-memmove.o)
                0x08007558                memmove
 .text.__assert_func
                0x08007654       0x40 D:/01Tools/GCC-ARM-NONE-EABI/arm-gnu-toolchain-14.2.rel1-mingw-w64-x86_64-arm-none-eabi/bin/../lib/gcc/arm-none-eabi/14.2.1/thumb/v7-m/nofp\libg.a(libc_a-assert.o)
                0x08007654                __assert_func
 .text._calloc_r
                0x08007694       0x6c D:/01Tools/GCC-ARM-NONE-EABI/arm-gnu-toolchain-14.2.rel1-mingw-w64-x86_64-arm-none-eabi/bin/../lib/gcc/arm-none-eabi/14.2.1/thumb/v7-m/nofp\libg.a(libc_a-callocr.o)
                0x08007694                _calloc_r
 .text._realloc_r
                0x08007700      0x350 D:/01Tools/GCC-ARM-NONE-EABI/arm-gnu-toolchain-14.2.rel1-mingw-w64-x86_64-arm-none-eabi/bin/../lib/gcc/arm-none-eabi/14.2.1/thumb/v7-m/nofp\libg.a(libc_a-reallocr.o)
                0x08007700                _realloc_r
 .text._wcsnrtombs_l
                0x08007a50       0xf0 D:/01Tools/GCC-ARM-NONE-EABI/arm-gnu-toolchain-14.2.rel1-mingw-w64-x86_64-arm-none-eabi/bin/../lib/gcc/arm-none-eabi/14.2.1/thumb/v7-m/nofp\libg.a(libc_a-wcsnrtombs.o)
                0x08007a50                _wcsnrtombs_l
 .text._wcsnrtombs_r
                0x08007b40       0x24 D:/01Tools/GCC-ARM-NONE-EABI/arm-gnu-toolchain-14.2.rel1-mingw-w64-x86_64-arm-none-eabi/bin/../lib/gcc/arm-none-eabi/14.2.1/thumb/v7-m/nofp\libg.a(libc_a-wcsnrtombs.o)
                0x08007b40                _wcsnrtombs_r
 .text.fiprintf
                0x08007b64       0x28 D:/01Tools/GCC-ARM-NONE-EABI/arm-gnu-toolchain-14.2.rel1-mingw-w64-x86_64-arm-none-eabi/bin/../lib/gcc/arm-none-eabi/14.2.1/thumb/v7-m/nofp\libg.a(libc_a-fiprintf.o)
                0x08007b64                fiprintf
 .text._vfiprintf_r
                0x08007b8c     0x1238 D:/01Tools/GCC-ARM-NONE-EABI/arm-gnu-toolchain-14.2.rel1-mingw-w64-x86_64-arm-none-eabi/bin/../lib/gcc/arm-none-eabi/14.2.1/thumb/v7-m/nofp\libg.a(libc_a-vfiprintf.o)
                0x08007b8c                _vfiprintf_r
 .text.__sbprintf
                0x08008dc4       0x84 D:/01Tools/GCC-ARM-NONE-EABI/arm-gnu-toolchain-14.2.rel1-mingw-w64-x86_64-arm-none-eabi/bin/../lib/gcc/arm-none-eabi/14.2.1/thumb/v7-m/nofp\libg.a(libc_a-vfiprintf.o)
 .text.__sprint_r
                0x08008e48       0x20 D:/01Tools/GCC-ARM-NONE-EABI/arm-gnu-toolchain-14.2.rel1-mingw-w64-x86_64-arm-none-eabi/bin/../lib/gcc/arm-none-eabi/14.2.1/thumb/v7-m/nofp\libg.a(libc_a-sprint_r.o)
                0x08008e48                __sprint_r
 .text.__sfvwrite_r
                0x08008e68      0x2d8 D:/01Tools/GCC-ARM-NONE-EABI/arm-gnu-toolchain-14.2.rel1-mingw-w64-x86_64-arm-none-eabi/bin/../lib/gcc/arm-none-eabi/14.2.1/thumb/v7-m/nofp\libg.a(libc_a-fvwrite.o)
                0x08008e68                __sfvwrite_r
 .text.__swsetup_r
                0x08009140       0xfc D:/01Tools/GCC-ARM-NONE-EABI/arm-gnu-toolchain-14.2.rel1-mingw-w64-x86_64-arm-none-eabi/bin/../lib/gcc/arm-none-eabi/14.2.1/thumb/v7-m/nofp\libg.a(libc_a-wsetup.o)
                0x08009140                __swsetup_r
 .text.abort    0x0800923c       0x10 D:/01Tools/GCC-ARM-NONE-EABI/arm-gnu-toolchain-14.2.rel1-mingw-w64-x86_64-arm-none-eabi/bin/../lib/gcc/arm-none-eabi/14.2.1/thumb/v7-m/nofp\libg.a(libc_a-abort.o)
                0x0800923c                abort
 .text.__smakebuf_r
                0x0800924c       0xd0 D:/01Tools/GCC-ARM-NONE-EABI/arm-gnu-toolchain-14.2.rel1-mingw-w64-x86_64-arm-none-eabi/bin/../lib/gcc/arm-none-eabi/14.2.1/thumb/v7-m/nofp\libg.a(libc_a-makebuf.o)
                0x0800924c                __smakebuf_r
 .text.raise    0x0800931c       0x58 D:/01Tools/GCC-ARM-NONE-EABI/arm-gnu-toolchain-14.2.rel1-mingw-w64-x86_64-arm-none-eabi/bin/../lib/gcc/arm-none-eabi/14.2.1/thumb/v7-m/nofp\libg.a(libc_a-signal.o)
                0x0800931c                raise
 .text._fstat_r
                0x08009374       0x28 D:/01Tools/GCC-ARM-NONE-EABI/arm-gnu-toolchain-14.2.rel1-mingw-w64-x86_64-arm-none-eabi/bin/../lib/gcc/arm-none-eabi/14.2.1/thumb/v7-m/nofp\libg.a(libc_a-fstatr.o)
                0x08009374                _fstat_r
 .text._isatty_r
                0x0800939c       0x24 D:/01Tools/GCC-ARM-NONE-EABI/arm-gnu-toolchain-14.2.rel1-mingw-w64-x86_64-arm-none-eabi/bin/../lib/gcc/arm-none-eabi/14.2.1/thumb/v7-m/nofp\libg.a(libc_a-isattyr.o)
                0x0800939c                _isatty_r
 .text._kill_r  0x080093c0       0x28 D:/01Tools/GCC-ARM-NONE-EABI/arm-gnu-toolchain-14.2.rel1-mingw-w64-x86_64-arm-none-eabi/bin/../lib/gcc/arm-none-eabi/14.2.1/thumb/v7-m/nofp\libg.a(libc_a-signalr.o)
                0x080093c0                _kill_r
 .text._getpid_r
                0x080093e8        0x4 D:/01Tools/GCC-ARM-NONE-EABI/arm-gnu-toolchain-14.2.rel1-mingw-w64-x86_64-arm-none-eabi/bin/../lib/gcc/arm-none-eabi/14.2.1/thumb/v7-m/nofp\libg.a(libc_a-signalr.o)
                0x080093e8                _getpid_r
 *(.glue_7)
 .glue_7        0x080093ec        0x0 linker stubs
 *(.glue_7t)
 .glue_7t       0x080093ec        0x0 linker stubs
 *(.eh_frame)
 .eh_frame      0x080093ec        0x0 D:/01Tools/GCC-ARM-NONE-EABI/arm-gnu-toolchain-14.2.rel1-mingw-w64-x86_64-arm-none-eabi/bin/../lib/gcc/arm-none-eabi/14.2.1/thumb/v7-m/nofp/crtbegin.o
 *(.init)
 .init          0x080093ec        0x4 D:/01Tools/GCC-ARM-NONE-EABI/arm-gnu-toolchain-14.2.rel1-mingw-w64-x86_64-arm-none-eabi/bin/../lib/gcc/arm-none-eabi/14.2.1/thumb/v7-m/nofp/crti.o
                0x080093ec                _init
 .init          0x080093f0        0x8 D:/01Tools/GCC-ARM-NONE-EABI/arm-gnu-toolchain-14.2.rel1-mingw-w64-x86_64-arm-none-eabi/bin/../lib/gcc/arm-none-eabi/14.2.1/thumb/v7-m/nofp/crtn.o
 *(.fini)
 .fini          0x080093f8        0x4 D:/01Tools/GCC-ARM-NONE-EABI/arm-gnu-toolchain-14.2.rel1-mingw-w64-x86_64-arm-none-eabi/bin/../lib/gcc/arm-none-eabi/14.2.1/thumb/v7-m/nofp/crti.o
                0x080093f8                _fini
 .fini          0x080093fc        0x8 D:/01Tools/GCC-ARM-NONE-EABI/arm-gnu-toolchain-14.2.rel1-mingw-w64-x86_64-arm-none-eabi/bin/../lib/gcc/arm-none-eabi/14.2.1/thumb/v7-m/nofp/crtn.o
                0x08009404                        . = ALIGN (0x4)
                0x08009404                        _etext = .

.vfp11_veneer   0x08009404        0x0
 .vfp11_veneer  0x08009404        0x0 linker stubs

.v4_bx          0x08009404        0x0
 .v4_bx         0x08009404        0x0 linker stubs

.iplt           0x08009404        0x0
 .iplt          0x08009404        0x0 D:/01Tools/GCC-ARM-NONE-EABI/arm-gnu-toolchain-14.2.rel1-mingw-w64-x86_64-arm-none-eabi/bin/../lib/gcc/arm-none-eabi/14.2.1/thumb/v7-m/nofp/crtbegin.o

.rodata         0x08009408      0x44c
                0x08009408                        . = ALIGN (0x4)
 *(.rodata)
 *(.rodata*)
 .rodata.Programe_Run.str1.4
                0x08009408      0x1df CMakeFiles/Laser_Omni.elf.dir/Core/Src/as5600.c.obj
                                 0x38 (size before relaxing)
 *fill*         0x080095e7        0x1 
 .rodata.APBPrescTable
                0x080095e8        0x8 CMakeFiles/Laser_Omni.elf.dir/Core/Src/system_stm32f1xx.c.obj
                0x080095e8                APBPrescTable
 .rodata.AHBPrescTable
                0x080095f0       0x10 CMakeFiles/Laser_Omni.elf.dir/Core/Src/system_stm32f1xx.c.obj
                0x080095f0                AHBPrescTable
 .rodata.aPredivFactorTable.0
                0x08009600        0x2 CMakeFiles/Laser_Omni.elf.dir/Drivers/STM32F1xx_HAL_Driver/Src/stm32f1xx_hal_rcc.c.obj
 *fill*         0x08009602        0x2 
 .rodata.aPLLMULFactorTable.1
                0x08009604       0x10 CMakeFiles/Laser_Omni.elf.dir/Drivers/STM32F1xx_HAL_Driver/Src/stm32f1xx_hal_rcc.c.obj
 .rodata._svfprintf_r.str1.4
                0x08009614       0x42 D:/01Tools/GCC-ARM-NONE-EABI/arm-gnu-toolchain-14.2.rel1-mingw-w64-x86_64-arm-none-eabi/bin/../lib/gcc/arm-none-eabi/14.2.1/thumb/v7-m/nofp\libg.a(libc_a-svfprintf.o)
 .rodata.zeroes.0
                0x08009614       0x10 D:/01Tools/GCC-ARM-NONE-EABI/arm-gnu-toolchain-14.2.rel1-mingw-w64-x86_64-arm-none-eabi/bin/../lib/gcc/arm-none-eabi/14.2.1/thumb/v7-m/nofp\libg.a(libc_a-svfprintf.o)
 .rodata.blanks.1
                0x08009624       0x10 D:/01Tools/GCC-ARM-NONE-EABI/arm-gnu-toolchain-14.2.rel1-mingw-w64-x86_64-arm-none-eabi/bin/../lib/gcc/arm-none-eabi/14.2.1/thumb/v7-m/nofp\libg.a(libc_a-svfprintf.o)
 .rodata.str1.4
                0x08009634       0x4c D:/01Tools/GCC-ARM-NONE-EABI/arm-gnu-toolchain-14.2.rel1-mingw-w64-x86_64-arm-none-eabi/bin/../lib/gcc/arm-none-eabi/14.2.1/thumb/v7-m/nofp\libg.a(libc_a-locale.o)
 .rodata._dtoa_r.str1.4
                0x08009634       0x83 D:/01Tools/GCC-ARM-NONE-EABI/arm-gnu-toolchain-14.2.rel1-mingw-w64-x86_64-arm-none-eabi/bin/../lib/gcc/arm-none-eabi/14.2.1/thumb/v7-m/nofp\libg.a(libc_a-dtoa.o)
 .rodata.__multadd.str1.4
                0x08009634       0x70 D:/01Tools/GCC-ARM-NONE-EABI/arm-gnu-toolchain-14.2.rel1-mingw-w64-x86_64-arm-none-eabi/bin/../lib/gcc/arm-none-eabi/14.2.1/thumb/v7-m/nofp\libg.a(libc_a-mprec.o)
 .rodata.p05.0  0x08009634        0xc D:/01Tools/GCC-ARM-NONE-EABI/arm-gnu-toolchain-14.2.rel1-mingw-w64-x86_64-arm-none-eabi/bin/../lib/gcc/arm-none-eabi/14.2.1/thumb/v7-m/nofp\libg.a(libc_a-mprec.o)
 .rodata.__mprec_bigtens
                0x08009640       0x28 D:/01Tools/GCC-ARM-NONE-EABI/arm-gnu-toolchain-14.2.rel1-mingw-w64-x86_64-arm-none-eabi/bin/../lib/gcc/arm-none-eabi/14.2.1/thumb/v7-m/nofp\libg.a(libc_a-mprec.o)
                0x08009640                __mprec_bigtens
 .rodata.__mprec_tens
                0x08009668       0xc8 D:/01Tools/GCC-ARM-NONE-EABI/arm-gnu-toolchain-14.2.rel1-mingw-w64-x86_64-arm-none-eabi/bin/../lib/gcc/arm-none-eabi/14.2.1/thumb/v7-m/nofp\libg.a(libc_a-mprec.o)
                0x08009668                __mprec_tens
 .rodata._ctype_
                0x08009730      0x101 D:/01Tools/GCC-ARM-NONE-EABI/arm-gnu-toolchain-14.2.rel1-mingw-w64-x86_64-arm-none-eabi/bin/../lib/gcc/arm-none-eabi/14.2.1/thumb/v7-m/nofp\libg.a(libc_a-ctype_.o)
                0x08009730                _ctype_
 .rodata.__assert_func.str1.4
                0x08009831       0x43 D:/01Tools/GCC-ARM-NONE-EABI/arm-gnu-toolchain-14.2.rel1-mingw-w64-x86_64-arm-none-eabi/bin/../lib/gcc/arm-none-eabi/14.2.1/thumb/v7-m/nofp\libg.a(libc_a-assert.o)
 .rodata._vfiprintf_r.str1.4
                0x08009831       0x2f D:/01Tools/GCC-ARM-NONE-EABI/arm-gnu-toolchain-14.2.rel1-mingw-w64-x86_64-arm-none-eabi/bin/../lib/gcc/arm-none-eabi/14.2.1/thumb/v7-m/nofp\libg.a(libc_a-vfiprintf.o)
 *fill*         0x08009831        0x3 
 .rodata.zeroes.0
                0x08009834       0x10 D:/01Tools/GCC-ARM-NONE-EABI/arm-gnu-toolchain-14.2.rel1-mingw-w64-x86_64-arm-none-eabi/bin/../lib/gcc/arm-none-eabi/14.2.1/thumb/v7-m/nofp\libg.a(libc_a-vfiprintf.o)
 .rodata.blanks.1
                0x08009844       0x10 D:/01Tools/GCC-ARM-NONE-EABI/arm-gnu-toolchain-14.2.rel1-mingw-w64-x86_64-arm-none-eabi/bin/../lib/gcc/arm-none-eabi/14.2.1/thumb/v7-m/nofp\libg.a(libc_a-vfiprintf.o)
                0x08009854                        . = ALIGN (0x4)

.ARM.extab      0x08009854        0x0
                0x08009854                        . = ALIGN (0x4)
 *(.ARM.extab* .gnu.linkonce.armextab.*)
                0x08009854                        . = ALIGN (0x4)

.ARM            0x08009854        0x8
                0x08009854                        . = ALIGN (0x4)
                0x08009854                        __exidx_start = .
 *(.ARM.exidx*)
 .ARM.exidx     0x08009854        0x8 D:/01Tools/GCC-ARM-NONE-EABI/arm-gnu-toolchain-14.2.rel1-mingw-w64-x86_64-arm-none-eabi/bin/../lib/gcc/arm-none-eabi/14.2.1/thumb/v7-m/nofp\libg.a(libc_a-memcpy.o)
                0x0800985c                        __exidx_end = .
                0x0800985c                        . = ALIGN (0x4)

.preinit_array  0x0800985c        0x0
                0x0800985c                        . = ALIGN (0x4)
                0x0800985c                        PROVIDE (__preinit_array_start = .)
 *(.preinit_array*)
                0x0800985c                        PROVIDE (__preinit_array_end = .)
                0x0800985c                        . = ALIGN (0x4)

.init_array     0x0800985c        0x8
                0x0800985c                        . = ALIGN (0x4)
                0x0800985c                        PROVIDE (__init_array_start = .)
 *(SORT_BY_NAME(.init_array.*))
 .init_array.00000
                0x0800985c        0x4 D:/01Tools/GCC-ARM-NONE-EABI/arm-gnu-toolchain-14.2.rel1-mingw-w64-x86_64-arm-none-eabi/bin/../lib/gcc/arm-none-eabi/14.2.1/thumb/v7-m/nofp\libg.a(libc_a-__call_atexit.o)
 *(.init_array*)
 .init_array    0x08009860        0x4 D:/01Tools/GCC-ARM-NONE-EABI/arm-gnu-toolchain-14.2.rel1-mingw-w64-x86_64-arm-none-eabi/bin/../lib/gcc/arm-none-eabi/14.2.1/thumb/v7-m/nofp/crtbegin.o
                0x08009864                        PROVIDE (__init_array_end = .)
                0x08009864                        . = ALIGN (0x4)

.fini_array     0x08009864        0x4
                0x08009864                        . = ALIGN (0x4)
                0x08009864                        PROVIDE (__fini_array_start = .)
 *(SORT_BY_NAME(.fini_array.*))
 *(.fini_array*)
 .fini_array    0x08009864        0x4 D:/01Tools/GCC-ARM-NONE-EABI/arm-gnu-toolchain-14.2.rel1-mingw-w64-x86_64-arm-none-eabi/bin/../lib/gcc/arm-none-eabi/14.2.1/thumb/v7-m/nofp/crtbegin.o
                0x08009868                        PROVIDE (__fini_array_end = .)
                0x08009868                        . = ALIGN (0x4)
                0x08009868                        _sidata = LOADADDR (.data)

.rel.dyn        0x08009868        0x0
 .rel.iplt      0x08009868        0x0 D:/01Tools/GCC-ARM-NONE-EABI/arm-gnu-toolchain-14.2.rel1-mingw-w64-x86_64-arm-none-eabi/bin/../lib/gcc/arm-none-eabi/14.2.1/thumb/v7-m/nofp/crtbegin.o

.data           0x20000000      0x6e4 load address 0x08009868
                0x20000000                        . = ALIGN (0x4)
                0x20000000                        _sdata = .
 *(.data)
 *(.data*)
 .data.SystemCoreClock
                0x20000000        0x4 CMakeFiles/Laser_Omni.elf.dir/Core/Src/system_stm32f1xx.c.obj
                0x20000000                SystemCoreClock
 .data.uwTickFreq
                0x20000004        0x1 CMakeFiles/Laser_Omni.elf.dir/Drivers/STM32F1xx_HAL_Driver/Src/stm32f1xx_hal.c.obj
                0x20000004                uwTickFreq
 *fill*         0x20000005        0x3 
 .data.uwTickPrio
                0x20000008        0x4 CMakeFiles/Laser_Omni.elf.dir/Drivers/STM32F1xx_HAL_Driver/Src/stm32f1xx_hal.c.obj
                0x20000008                uwTickPrio
 .data.__sglue  0x2000000c        0xc D:/01Tools/GCC-ARM-NONE-EABI/arm-gnu-toolchain-14.2.rel1-mingw-w64-x86_64-arm-none-eabi/bin/../lib/gcc/arm-none-eabi/14.2.1/thumb/v7-m/nofp\libg.a(libc_a-findfp.o)
                0x2000000c                __sglue
 .data._impure_ptr
                0x20000018        0x4 D:/01Tools/GCC-ARM-NONE-EABI/arm-gnu-toolchain-14.2.rel1-mingw-w64-x86_64-arm-none-eabi/bin/../lib/gcc/arm-none-eabi/14.2.1/thumb/v7-m/nofp\libg.a(libc_a-impure.o)
                0x20000018                _impure_ptr
 *fill*         0x2000001c        0x4 
 .data._impure_data
                0x20000020      0x140 D:/01Tools/GCC-ARM-NONE-EABI/arm-gnu-toolchain-14.2.rel1-mingw-w64-x86_64-arm-none-eabi/bin/../lib/gcc/arm-none-eabi/14.2.1/thumb/v7-m/nofp\libg.a(libc_a-impure.o)
                0x20000020                _impure_data
 .data.__atexit_recursive_mutex
                0x20000160        0x4 D:/01Tools/GCC-ARM-NONE-EABI/arm-gnu-toolchain-14.2.rel1-mingw-w64-x86_64-arm-none-eabi/bin/../lib/gcc/arm-none-eabi/14.2.1/thumb/v7-m/nofp\libg.a(libc_a-__call_atexit.o)
                0x20000160                __atexit_recursive_mutex
 .data.__malloc_sbrk_base
                0x20000164        0x4 D:/01Tools/GCC-ARM-NONE-EABI/arm-gnu-toolchain-14.2.rel1-mingw-w64-x86_64-arm-none-eabi/bin/../lib/gcc/arm-none-eabi/14.2.1/thumb/v7-m/nofp\libg.a(libc_a-mallocr.o)
                0x20000164                __malloc_sbrk_base
 .data.__malloc_trim_threshold
                0x20000168        0x4 D:/01Tools/GCC-ARM-NONE-EABI/arm-gnu-toolchain-14.2.rel1-mingw-w64-x86_64-arm-none-eabi/bin/../lib/gcc/arm-none-eabi/14.2.1/thumb/v7-m/nofp\libg.a(libc_a-mallocr.o)
                0x20000168                __malloc_trim_threshold
 *fill*         0x2000016c        0x4 
 .data.__malloc_av_
                0x20000170      0x408 D:/01Tools/GCC-ARM-NONE-EABI/arm-gnu-toolchain-14.2.rel1-mingw-w64-x86_64-arm-none-eabi/bin/../lib/gcc/arm-none-eabi/14.2.1/thumb/v7-m/nofp\libg.a(libc_a-mallocr.o)
                0x20000170                __malloc_av_
 .data.__global_locale
                0x20000578      0x16c D:/01Tools/GCC-ARM-NONE-EABI/arm-gnu-toolchain-14.2.rel1-mingw-w64-x86_64-arm-none-eabi/bin/../lib/gcc/arm-none-eabi/14.2.1/thumb/v7-m/nofp\libg.a(libc_a-locale.o)
                0x20000578                __global_locale
 *(.RamFunc)
 *(.RamFunc*)
                0x200006e4                        . = ALIGN (0x4)
                0x200006e4                        _edata = .

.tm_clone_table
                0x200006e4        0x0 load address 0x08009f4c
 .tm_clone_table
                0x200006e4        0x0 D:/01Tools/GCC-ARM-NONE-EABI/arm-gnu-toolchain-14.2.rel1-mingw-w64-x86_64-arm-none-eabi/bin/../lib/gcc/arm-none-eabi/14.2.1/thumb/v7-m/nofp/crtbegin.o
 .tm_clone_table
                0x200006e4        0x0 D:/01Tools/GCC-ARM-NONE-EABI/arm-gnu-toolchain-14.2.rel1-mingw-w64-x86_64-arm-none-eabi/bin/../lib/gcc/arm-none-eabi/14.2.1/thumb/v7-m/nofp/crtend.o

.igot.plt       0x200006e4        0x0 load address 0x08009f4c
 .igot.plt      0x200006e4        0x0 D:/01Tools/GCC-ARM-NONE-EABI/arm-gnu-toolchain-14.2.rel1-mingw-w64-x86_64-arm-none-eabi/bin/../lib/gcc/arm-none-eabi/14.2.1/thumb/v7-m/nofp/crtbegin.o
                0x200006e4                        . = ALIGN (0x4)

.bss            0x200006e4      0x410 load address 0x08009f4c
                0x200006e4                        _sbss = .
                0x200006e4                        __bss_start__ = _sbss
 *(.bss)
 *(.bss*)
 .bss.completed.1
                0x200006e4        0x1 D:/01Tools/GCC-ARM-NONE-EABI/arm-gnu-toolchain-14.2.rel1-mingw-w64-x86_64-arm-none-eabi/bin/../lib/gcc/arm-none-eabi/14.2.1/thumb/v7-m/nofp/crtbegin.o
 *fill*         0x200006e5        0x3 
 .bss.object.0  0x200006e8       0x18 D:/01Tools/GCC-ARM-NONE-EABI/arm-gnu-toolchain-14.2.rel1-mingw-w64-x86_64-arm-none-eabi/bin/../lib/gcc/arm-none-eabi/14.2.1/thumb/v7-m/nofp/crtbegin.o
 .bss.message   0x20000700       0x32 CMakeFiles/Laser_Omni.elf.dir/Core/Src/as5600.c.obj
                0x20000700                message
 *fill*         0x20000732        0x2 
 .bss.degrees   0x20000734        0x4 CMakeFiles/Laser_Omni.elf.dir/Core/Src/as5600.c.obj
                0x20000734                degrees
 .bss.rawdata   0x20000738        0x2 CMakeFiles/Laser_Omni.elf.dir/Core/Src/as5600.c.obj
                0x20000738                rawdata
 *fill*         0x2000073a        0x2 
 .bss.hi2c1     0x2000073c       0x54 CMakeFiles/Laser_Omni.elf.dir/Core/Src/i2c.c.obj
                0x2000073c                hi2c1
 .bss.__sbrk_heap_end
                0x20000790        0x4 CMakeFiles/Laser_Omni.elf.dir/Core/Src/sysmem.c.obj
 .bss.huart1    0x20000794       0x48 CMakeFiles/Laser_Omni.elf.dir/Core/Src/usart.c.obj
                0x20000794                huart1
 .bss.uwTick    0x200007dc        0x4 CMakeFiles/Laser_Omni.elf.dir/Drivers/STM32F1xx_HAL_Driver/Src/stm32f1xx_hal.c.obj
                0x200007dc                uwTick
 .bss.__sf      0x200007e0      0x138 D:/01Tools/GCC-ARM-NONE-EABI/arm-gnu-toolchain-14.2.rel1-mingw-w64-x86_64-arm-none-eabi/bin/../lib/gcc/arm-none-eabi/14.2.1/thumb/v7-m/nofp\libg.a(libc_a-findfp.o)
                0x200007e0                __sf
 .bss.__stdio_exit_handler
                0x20000918        0x4 D:/01Tools/GCC-ARM-NONE-EABI/arm-gnu-toolchain-14.2.rel1-mingw-w64-x86_64-arm-none-eabi/bin/../lib/gcc/arm-none-eabi/14.2.1/thumb/v7-m/nofp\libg.a(libc_a-findfp.o)
                0x20000918                __stdio_exit_handler
 .bss.errno     0x2000091c        0x4 D:/01Tools/GCC-ARM-NONE-EABI/arm-gnu-toolchain-14.2.rel1-mingw-w64-x86_64-arm-none-eabi/bin/../lib/gcc/arm-none-eabi/14.2.1/thumb/v7-m/nofp\libg.a(libc_a-reent.o)
                0x2000091c                errno
 .bss.__lock___malloc_recursive_mutex
                0x20000920        0x1 D:/01Tools/GCC-ARM-NONE-EABI/arm-gnu-toolchain-14.2.rel1-mingw-w64-x86_64-arm-none-eabi/bin/../lib/gcc/arm-none-eabi/14.2.1/thumb/v7-m/nofp\libg.a(libc_a-lock.o)
                0x20000920                __lock___malloc_recursive_mutex
 *fill*         0x20000921        0x3 
 .bss.__lock___atexit_recursive_mutex
                0x20000924        0x1 D:/01Tools/GCC-ARM-NONE-EABI/arm-gnu-toolchain-14.2.rel1-mingw-w64-x86_64-arm-none-eabi/bin/../lib/gcc/arm-none-eabi/14.2.1/thumb/v7-m/nofp\libg.a(libc_a-lock.o)
                0x20000924                __lock___atexit_recursive_mutex
 *fill*         0x20000925        0x3 
 .bss.__lock___sfp_recursive_mutex
                0x20000928        0x1 D:/01Tools/GCC-ARM-NONE-EABI/arm-gnu-toolchain-14.2.rel1-mingw-w64-x86_64-arm-none-eabi/bin/../lib/gcc/arm-none-eabi/14.2.1/thumb/v7-m/nofp\libg.a(libc_a-lock.o)
                0x20000928                __lock___sfp_recursive_mutex
 *fill*         0x20000929        0x3 
 .bss.__atexit  0x2000092c        0x4 D:/01Tools/GCC-ARM-NONE-EABI/arm-gnu-toolchain-14.2.rel1-mingw-w64-x86_64-arm-none-eabi/bin/../lib/gcc/arm-none-eabi/14.2.1/thumb/v7-m/nofp\libg.a(libc_a-__call_atexit.o)
                0x2000092c                __atexit
 .bss.__malloc_current_mallinfo
                0x20000930       0x28 D:/01Tools/GCC-ARM-NONE-EABI/arm-gnu-toolchain-14.2.rel1-mingw-w64-x86_64-arm-none-eabi/bin/../lib/gcc/arm-none-eabi/14.2.1/thumb/v7-m/nofp\libg.a(libc_a-mallocr.o)
                0x20000930                __malloc_current_mallinfo
 .bss.__malloc_max_total_mem
                0x20000958        0x4 D:/01Tools/GCC-ARM-NONE-EABI/arm-gnu-toolchain-14.2.rel1-mingw-w64-x86_64-arm-none-eabi/bin/../lib/gcc/arm-none-eabi/14.2.1/thumb/v7-m/nofp\libg.a(libc_a-mallocr.o)
                0x20000958                __malloc_max_total_mem
 .bss.__malloc_max_sbrked_mem
                0x2000095c        0x4 D:/01Tools/GCC-ARM-NONE-EABI/arm-gnu-toolchain-14.2.rel1-mingw-w64-x86_64-arm-none-eabi/bin/../lib/gcc/arm-none-eabi/14.2.1/thumb/v7-m/nofp\libg.a(libc_a-mallocr.o)
                0x2000095c                __malloc_max_sbrked_mem
 .bss.__malloc_top_pad
                0x20000960        0x4 D:/01Tools/GCC-ARM-NONE-EABI/arm-gnu-toolchain-14.2.rel1-mingw-w64-x86_64-arm-none-eabi/bin/../lib/gcc/arm-none-eabi/14.2.1/thumb/v7-m/nofp\libg.a(libc_a-mallocr.o)
                0x20000960                __malloc_top_pad
 .bss.__atexit0
                0x20000964      0x190 D:/01Tools/GCC-ARM-NONE-EABI/arm-gnu-toolchain-14.2.rel1-mingw-w64-x86_64-arm-none-eabi/bin/../lib/gcc/arm-none-eabi/14.2.1/thumb/v7-m/nofp\libg.a(libc_a-__atexit.o)
                0x20000964                __atexit0
 *(COMMON)
                0x20000af4                        . = ALIGN (0x4)
                0x20000af4                        _ebss = .
                0x20000af4                        __bss_end__ = _ebss

._user_heap_stack
                0x20000af4      0x604 load address 0x08009f4c
                0x20000af8                        . = ALIGN (0x8)
 *fill*         0x20000af4        0x4 
                [!provide]                        PROVIDE (end = .)
                0x20000af8                        PROVIDE (_end = .)
                0x20000cf8                        . = (. + _Min_Heap_Size)
 *fill*         0x20000af8      0x200 
                0x200010f8                        . = (. + _Min_Stack_Size)
 *fill*         0x20000cf8      0x400 
                0x200010f8                        . = ALIGN (0x8)

/DISCARD/
 libc.a(*)
 libm.a(*)
 libgcc.a(*)

.ARM.attributes
                0x00000000       0x29
 *(.ARM.attributes)
 .ARM.attributes
                0x00000000       0x1d D:/01Tools/GCC-ARM-NONE-EABI/arm-gnu-toolchain-14.2.rel1-mingw-w64-x86_64-arm-none-eabi/bin/../lib/gcc/arm-none-eabi/14.2.1/thumb/v7-m/nofp/crti.o
 .ARM.attributes
                0x0000001d       0x2d D:/01Tools/GCC-ARM-NONE-EABI/arm-gnu-toolchain-14.2.rel1-mingw-w64-x86_64-arm-none-eabi/bin/../lib/gcc/arm-none-eabi/14.2.1/thumb/v7-m/nofp/crtbegin.o
 .ARM.attributes
                0x0000004a       0x2d CMakeFiles/Laser_Omni.elf.dir/Core/Src/as5600.c.obj
 .ARM.attributes
                0x00000077       0x2d CMakeFiles/Laser_Omni.elf.dir/Core/Src/gpio.c.obj
 .ARM.attributes
                0x000000a4       0x2d CMakeFiles/Laser_Omni.elf.dir/Core/Src/i2c.c.obj
 .ARM.attributes
                0x000000d1       0x2d CMakeFiles/Laser_Omni.elf.dir/Core/Src/main.c.obj
 .ARM.attributes
                0x000000fe       0x2d CMakeFiles/Laser_Omni.elf.dir/Core/Src/stm32f1xx_hal_msp.c.obj
 .ARM.attributes
                0x0000012b       0x2d CMakeFiles/Laser_Omni.elf.dir/Core/Src/stm32f1xx_it.c.obj
 .ARM.attributes
                0x00000158       0x2d CMakeFiles/Laser_Omni.elf.dir/Core/Src/syscalls.c.obj
 .ARM.attributes
                0x00000185       0x2d CMakeFiles/Laser_Omni.elf.dir/Core/Src/sysmem.c.obj
 .ARM.attributes
                0x000001b2       0x2d CMakeFiles/Laser_Omni.elf.dir/Core/Src/system_stm32f1xx.c.obj
 .ARM.attributes
                0x000001df       0x2d CMakeFiles/Laser_Omni.elf.dir/Core/Src/usart.c.obj
 .ARM.attributes
                0x0000020c       0x21 CMakeFiles/Laser_Omni.elf.dir/Core/Startup/startup_stm32f103c8tx.s.obj
 .ARM.attributes
                0x0000022d       0x2d CMakeFiles/Laser_Omni.elf.dir/Drivers/STM32F1xx_HAL_Driver/Src/stm32f1xx_hal.c.obj
 .ARM.attributes
                0x0000025a       0x2d CMakeFiles/Laser_Omni.elf.dir/Drivers/STM32F1xx_HAL_Driver/Src/stm32f1xx_hal_cortex.c.obj
 .ARM.attributes
                0x00000287       0x2d CMakeFiles/Laser_Omni.elf.dir/Drivers/STM32F1xx_HAL_Driver/Src/stm32f1xx_hal_gpio.c.obj
 .ARM.attributes
                0x000002b4       0x2d CMakeFiles/Laser_Omni.elf.dir/Drivers/STM32F1xx_HAL_Driver/Src/stm32f1xx_hal_i2c.c.obj
 .ARM.attributes
                0x000002e1       0x2d CMakeFiles/Laser_Omni.elf.dir/Drivers/STM32F1xx_HAL_Driver/Src/stm32f1xx_hal_rcc.c.obj
 .ARM.attributes
                0x0000030e       0x2d CMakeFiles/Laser_Omni.elf.dir/Drivers/STM32F1xx_HAL_Driver/Src/stm32f1xx_hal_uart.c.obj
 .ARM.attributes
                0x0000033b       0x1d D:/01Tools/GCC-ARM-NONE-EABI/arm-gnu-toolchain-14.2.rel1-mingw-w64-x86_64-arm-none-eabi/bin/../lib/gcc/arm-none-eabi/14.2.1/thumb/v7-m/nofp\libgcc.a(_arm_addsubdf3.o)
 .ARM.attributes
                0x00000358       0x1d D:/01Tools/GCC-ARM-NONE-EABI/arm-gnu-toolchain-14.2.rel1-mingw-w64-x86_64-arm-none-eabi/bin/../lib/gcc/arm-none-eabi/14.2.1/thumb/v7-m/nofp\libgcc.a(_arm_cmpdf2.o)
 .ARM.attributes
                0x00000375       0x1d D:/01Tools/GCC-ARM-NONE-EABI/arm-gnu-toolchain-14.2.rel1-mingw-w64-x86_64-arm-none-eabi/bin/../lib/gcc/arm-none-eabi/14.2.1/thumb/v7-m/nofp\libgcc.a(_arm_truncdfsf2.o)
 .ARM.attributes
                0x00000392       0x2d D:/01Tools/GCC-ARM-NONE-EABI/arm-gnu-toolchain-14.2.rel1-mingw-w64-x86_64-arm-none-eabi/bin/../lib/gcc/arm-none-eabi/14.2.1/thumb/v7-m/nofp\libg.a(libc_a-findfp.o)
 .ARM.attributes
                0x000003bf       0x2d D:/01Tools/GCC-ARM-NONE-EABI/arm-gnu-toolchain-14.2.rel1-mingw-w64-x86_64-arm-none-eabi/bin/../lib/gcc/arm-none-eabi/14.2.1/thumb/v7-m/nofp\libg.a(libc_a-fwalk.o)
 .ARM.attributes
                0x000003ec       0x2d D:/01Tools/GCC-ARM-NONE-EABI/arm-gnu-toolchain-14.2.rel1-mingw-w64-x86_64-arm-none-eabi/bin/../lib/gcc/arm-none-eabi/14.2.1/thumb/v7-m/nofp\libg.a(libc_a-sprintf.o)
 .ARM.attributes
                0x00000419       0x2d D:/01Tools/GCC-ARM-NONE-EABI/arm-gnu-toolchain-14.2.rel1-mingw-w64-x86_64-arm-none-eabi/bin/../lib/gcc/arm-none-eabi/14.2.1/thumb/v7-m/nofp\libg.a(libc_a-stdio.o)
 .ARM.attributes
                0x00000446       0x2d D:/01Tools/GCC-ARM-NONE-EABI/arm-gnu-toolchain-14.2.rel1-mingw-w64-x86_64-arm-none-eabi/bin/../lib/gcc/arm-none-eabi/14.2.1/thumb/v7-m/nofp\libg.a(libc_a-memset.o)
 .ARM.attributes
                0x00000473       0x2d D:/01Tools/GCC-ARM-NONE-EABI/arm-gnu-toolchain-14.2.rel1-mingw-w64-x86_64-arm-none-eabi/bin/../lib/gcc/arm-none-eabi/14.2.1/thumb/v7-m/nofp\libg.a(libc_a-closer.o)
 .ARM.attributes
                0x000004a0       0x2d D:/01Tools/GCC-ARM-NONE-EABI/arm-gnu-toolchain-14.2.rel1-mingw-w64-x86_64-arm-none-eabi/bin/../lib/gcc/arm-none-eabi/14.2.1/thumb/v7-m/nofp\libg.a(libc_a-reent.o)
 .ARM.attributes
                0x000004cd       0x2d D:/01Tools/GCC-ARM-NONE-EABI/arm-gnu-toolchain-14.2.rel1-mingw-w64-x86_64-arm-none-eabi/bin/../lib/gcc/arm-none-eabi/14.2.1/thumb/v7-m/nofp\libg.a(libc_a-impure.o)
 .ARM.attributes
                0x000004fa       0x2d D:/01Tools/GCC-ARM-NONE-EABI/arm-gnu-toolchain-14.2.rel1-mingw-w64-x86_64-arm-none-eabi/bin/../lib/gcc/arm-none-eabi/14.2.1/thumb/v7-m/nofp\libg.a(libc_a-lseekr.o)
 .ARM.attributes
                0x00000527       0x2d D:/01Tools/GCC-ARM-NONE-EABI/arm-gnu-toolchain-14.2.rel1-mingw-w64-x86_64-arm-none-eabi/bin/../lib/gcc/arm-none-eabi/14.2.1/thumb/v7-m/nofp\libg.a(libc_a-readr.o)
 .ARM.attributes
                0x00000554       0x2d D:/01Tools/GCC-ARM-NONE-EABI/arm-gnu-toolchain-14.2.rel1-mingw-w64-x86_64-arm-none-eabi/bin/../lib/gcc/arm-none-eabi/14.2.1/thumb/v7-m/nofp\libg.a(libc_a-writer.o)
 .ARM.attributes
                0x00000581       0x2d D:/01Tools/GCC-ARM-NONE-EABI/arm-gnu-toolchain-14.2.rel1-mingw-w64-x86_64-arm-none-eabi/bin/../lib/gcc/arm-none-eabi/14.2.1/thumb/v7-m/nofp\libg.a(libc_a-errno.o)
 .ARM.attributes
                0x000005ae       0x2d D:/01Tools/GCC-ARM-NONE-EABI/arm-gnu-toolchain-14.2.rel1-mingw-w64-x86_64-arm-none-eabi/bin/../lib/gcc/arm-none-eabi/14.2.1/thumb/v7-m/nofp\libg.a(libc_a-init.o)
 .ARM.attributes
                0x000005db       0x2d D:/01Tools/GCC-ARM-NONE-EABI/arm-gnu-toolchain-14.2.rel1-mingw-w64-x86_64-arm-none-eabi/bin/../lib/gcc/arm-none-eabi/14.2.1/thumb/v7-m/nofp\libg.a(libc_a-lock.o)
 .ARM.attributes
                0x00000608       0x2d D:/01Tools/GCC-ARM-NONE-EABI/arm-gnu-toolchain-14.2.rel1-mingw-w64-x86_64-arm-none-eabi/bin/../lib/gcc/arm-none-eabi/14.2.1/thumb/v7-m/nofp\libg.a(libc_a-strlen-stub.o)
 .ARM.attributes
                0x00000635       0x2d D:/01Tools/GCC-ARM-NONE-EABI/arm-gnu-toolchain-14.2.rel1-mingw-w64-x86_64-arm-none-eabi/bin/../lib/gcc/arm-none-eabi/14.2.1/thumb/v7-m/nofp\libg.a(libc_a-__call_atexit.o)
 .ARM.attributes
                0x00000662       0x2d D:/01Tools/GCC-ARM-NONE-EABI/arm-gnu-toolchain-14.2.rel1-mingw-w64-x86_64-arm-none-eabi/bin/../lib/gcc/arm-none-eabi/14.2.1/thumb/v7-m/nofp\libg.a(libc_a-atexit.o)
 .ARM.attributes
                0x0000068f       0x2d D:/01Tools/GCC-ARM-NONE-EABI/arm-gnu-toolchain-14.2.rel1-mingw-w64-x86_64-arm-none-eabi/bin/../lib/gcc/arm-none-eabi/14.2.1/thumb/v7-m/nofp\libg.a(libc_a-freer.o)
 .ARM.attributes
                0x000006bc       0x2d D:/01Tools/GCC-ARM-NONE-EABI/arm-gnu-toolchain-14.2.rel1-mingw-w64-x86_64-arm-none-eabi/bin/../lib/gcc/arm-none-eabi/14.2.1/thumb/v7-m/nofp\libg.a(libc_a-mallocr.o)
 .ARM.attributes
                0x000006e9       0x2d D:/01Tools/GCC-ARM-NONE-EABI/arm-gnu-toolchain-14.2.rel1-mingw-w64-x86_64-arm-none-eabi/bin/../lib/gcc/arm-none-eabi/14.2.1/thumb/v7-m/nofp\libg.a(libc_a-mlock.o)
 .ARM.attributes
                0x00000716       0x2d D:/01Tools/GCC-ARM-NONE-EABI/arm-gnu-toolchain-14.2.rel1-mingw-w64-x86_64-arm-none-eabi/bin/../lib/gcc/arm-none-eabi/14.2.1/thumb/v7-m/nofp\libg.a(libc_a-svfprintf.o)
 .ARM.attributes
                0x00000743       0x2d D:/01Tools/GCC-ARM-NONE-EABI/arm-gnu-toolchain-14.2.rel1-mingw-w64-x86_64-arm-none-eabi/bin/../lib/gcc/arm-none-eabi/14.2.1/thumb/v7-m/nofp\libg.a(libc_a-ssprint_r.o)
 .ARM.attributes
                0x00000770       0x2d D:/01Tools/GCC-ARM-NONE-EABI/arm-gnu-toolchain-14.2.rel1-mingw-w64-x86_64-arm-none-eabi/bin/../lib/gcc/arm-none-eabi/14.2.1/thumb/v7-m/nofp\libg.a(libc_a-fclose.o)
 .ARM.attributes
                0x0000079d       0x2d D:/01Tools/GCC-ARM-NONE-EABI/arm-gnu-toolchain-14.2.rel1-mingw-w64-x86_64-arm-none-eabi/bin/../lib/gcc/arm-none-eabi/14.2.1/thumb/v7-m/nofp\libg.a(libc_a-fflush.o)
 .ARM.attributes
                0x000007ca       0x2d D:/01Tools/GCC-ARM-NONE-EABI/arm-gnu-toolchain-14.2.rel1-mingw-w64-x86_64-arm-none-eabi/bin/../lib/gcc/arm-none-eabi/14.2.1/thumb/v7-m/nofp\libg.a(libc_a-strncpy.o)
 .ARM.attributes
                0x000007f7       0x2d D:/01Tools/GCC-ARM-NONE-EABI/arm-gnu-toolchain-14.2.rel1-mingw-w64-x86_64-arm-none-eabi/bin/../lib/gcc/arm-none-eabi/14.2.1/thumb/v7-m/nofp\libg.a(libc_a-locale.o)
 .ARM.attributes
                0x00000824       0x2d D:/01Tools/GCC-ARM-NONE-EABI/arm-gnu-toolchain-14.2.rel1-mingw-w64-x86_64-arm-none-eabi/bin/../lib/gcc/arm-none-eabi/14.2.1/thumb/v7-m/nofp\libg.a(libc_a-localeconv.o)
 .ARM.attributes
                0x00000851       0x2d D:/01Tools/GCC-ARM-NONE-EABI/arm-gnu-toolchain-14.2.rel1-mingw-w64-x86_64-arm-none-eabi/bin/../lib/gcc/arm-none-eabi/14.2.1/thumb/v7-m/nofp\libg.a(libc_a-sbrkr.o)
 .ARM.attributes
                0x0000087e       0x2d D:/01Tools/GCC-ARM-NONE-EABI/arm-gnu-toolchain-14.2.rel1-mingw-w64-x86_64-arm-none-eabi/bin/../lib/gcc/arm-none-eabi/14.2.1/thumb/v7-m/nofp\libg.a(libc_a-fini.o)
 .ARM.attributes
                0x000008ab       0x2d D:/01Tools/GCC-ARM-NONE-EABI/arm-gnu-toolchain-14.2.rel1-mingw-w64-x86_64-arm-none-eabi/bin/../lib/gcc/arm-none-eabi/14.2.1/thumb/v7-m/nofp\libg.a(libc_a-sysconf.o)
 .ARM.attributes
                0x000008d8       0x2d D:/01Tools/GCC-ARM-NONE-EABI/arm-gnu-toolchain-14.2.rel1-mingw-w64-x86_64-arm-none-eabi/bin/../lib/gcc/arm-none-eabi/14.2.1/thumb/v7-m/nofp\libg.a(libc_a-memchr-stub.o)
 .ARM.attributes
                0x00000905       0x2d D:/01Tools/GCC-ARM-NONE-EABI/arm-gnu-toolchain-14.2.rel1-mingw-w64-x86_64-arm-none-eabi/bin/../lib/gcc/arm-none-eabi/14.2.1/thumb/v7-m/nofp\libg.a(libm_a-s_frexp.o)
 .ARM.attributes
                0x00000932       0x2d D:/01Tools/GCC-ARM-NONE-EABI/arm-gnu-toolchain-14.2.rel1-mingw-w64-x86_64-arm-none-eabi/bin/../lib/gcc/arm-none-eabi/14.2.1/thumb/v7-m/nofp\libg.a(libc_a-__atexit.o)
 .ARM.attributes
                0x0000095f       0x2d D:/01Tools/GCC-ARM-NONE-EABI/arm-gnu-toolchain-14.2.rel1-mingw-w64-x86_64-arm-none-eabi/bin/../lib/gcc/arm-none-eabi/14.2.1/thumb/v7-m/nofp\libg.a(libc_a-dtoa.o)
 .ARM.attributes
                0x0000098c       0x2d D:/01Tools/GCC-ARM-NONE-EABI/arm-gnu-toolchain-14.2.rel1-mingw-w64-x86_64-arm-none-eabi/bin/../lib/gcc/arm-none-eabi/14.2.1/thumb/v7-m/nofp\libg.a(libc_a-mbtowc_r.o)
 .ARM.attributes
                0x000009b9       0x2d D:/01Tools/GCC-ARM-NONE-EABI/arm-gnu-toolchain-14.2.rel1-mingw-w64-x86_64-arm-none-eabi/bin/../lib/gcc/arm-none-eabi/14.2.1/thumb/v7-m/nofp\libg.a(libc_a-mprec.o)
 .ARM.attributes
                0x000009e6       0x2d D:/01Tools/GCC-ARM-NONE-EABI/arm-gnu-toolchain-14.2.rel1-mingw-w64-x86_64-arm-none-eabi/bin/../lib/gcc/arm-none-eabi/14.2.1/thumb/v7-m/nofp\libg.a(libc_a-wctomb_r.o)
 .ARM.attributes
                0x00000a13       0x2d D:/01Tools/GCC-ARM-NONE-EABI/arm-gnu-toolchain-14.2.rel1-mingw-w64-x86_64-arm-none-eabi/bin/../lib/gcc/arm-none-eabi/14.2.1/thumb/v7-m/nofp\libg.a(libc_a-wcrtomb.o)
 .ARM.attributes
                0x00000a40       0x2d D:/01Tools/GCC-ARM-NONE-EABI/arm-gnu-toolchain-14.2.rel1-mingw-w64-x86_64-arm-none-eabi/bin/../lib/gcc/arm-none-eabi/14.2.1/thumb/v7-m/nofp\libg.a(libc_a-wcsrtombs.o)
 .ARM.attributes
                0x00000a6d       0x2d D:/01Tools/GCC-ARM-NONE-EABI/arm-gnu-toolchain-14.2.rel1-mingw-w64-x86_64-arm-none-eabi/bin/../lib/gcc/arm-none-eabi/14.2.1/thumb/v7-m/nofp\libg.a(libc_a-ctype_.o)
 .ARM.attributes
                0x00000a9a       0x2d D:/01Tools/GCC-ARM-NONE-EABI/arm-gnu-toolchain-14.2.rel1-mingw-w64-x86_64-arm-none-eabi/bin/../lib/gcc/arm-none-eabi/14.2.1/thumb/v7-m/nofp\libg.a(libc_a-ssputs_r.o)
 .ARM.attributes
                0x00000ac7       0x2d D:/01Tools/GCC-ARM-NONE-EABI/arm-gnu-toolchain-14.2.rel1-mingw-w64-x86_64-arm-none-eabi/bin/../lib/gcc/arm-none-eabi/14.2.1/thumb/v7-m/nofp\libg.a(libc_a-memmove.o)
 .ARM.attributes
                0x00000af4       0x1b D:/01Tools/GCC-ARM-NONE-EABI/arm-gnu-toolchain-14.2.rel1-mingw-w64-x86_64-arm-none-eabi/bin/../lib/gcc/arm-none-eabi/14.2.1/thumb/v7-m/nofp\libg.a(libc_a-memcpy.o)
 .ARM.attributes
                0x00000b0f       0x2d D:/01Tools/GCC-ARM-NONE-EABI/arm-gnu-toolchain-14.2.rel1-mingw-w64-x86_64-arm-none-eabi/bin/../lib/gcc/arm-none-eabi/14.2.1/thumb/v7-m/nofp\libg.a(libc_a-assert.o)
 .ARM.attributes
                0x00000b3c       0x2d D:/01Tools/GCC-ARM-NONE-EABI/arm-gnu-toolchain-14.2.rel1-mingw-w64-x86_64-arm-none-eabi/bin/../lib/gcc/arm-none-eabi/14.2.1/thumb/v7-m/nofp\libg.a(libc_a-callocr.o)
 .ARM.attributes
                0x00000b69       0x2d D:/01Tools/GCC-ARM-NONE-EABI/arm-gnu-toolchain-14.2.rel1-mingw-w64-x86_64-arm-none-eabi/bin/../lib/gcc/arm-none-eabi/14.2.1/thumb/v7-m/nofp\libg.a(libc_a-reallocr.o)
 .ARM.attributes
                0x00000b96       0x2d D:/01Tools/GCC-ARM-NONE-EABI/arm-gnu-toolchain-14.2.rel1-mingw-w64-x86_64-arm-none-eabi/bin/../lib/gcc/arm-none-eabi/14.2.1/thumb/v7-m/nofp\libg.a(libc_a-wcsnrtombs.o)
 .ARM.attributes
                0x00000bc3       0x2d D:/01Tools/GCC-ARM-NONE-EABI/arm-gnu-toolchain-14.2.rel1-mingw-w64-x86_64-arm-none-eabi/bin/../lib/gcc/arm-none-eabi/14.2.1/thumb/v7-m/nofp\libg.a(libc_a-fiprintf.o)
 .ARM.attributes
                0x00000bf0       0x2d D:/01Tools/GCC-ARM-NONE-EABI/arm-gnu-toolchain-14.2.rel1-mingw-w64-x86_64-arm-none-eabi/bin/../lib/gcc/arm-none-eabi/14.2.1/thumb/v7-m/nofp\libg.a(libc_a-vfiprintf.o)
 .ARM.attributes
                0x00000c1d       0x2d D:/01Tools/GCC-ARM-NONE-EABI/arm-gnu-toolchain-14.2.rel1-mingw-w64-x86_64-arm-none-eabi/bin/../lib/gcc/arm-none-eabi/14.2.1/thumb/v7-m/nofp\libg.a(libc_a-sprint_r.o)
 .ARM.attributes
                0x00000c4a       0x2d D:/01Tools/GCC-ARM-NONE-EABI/arm-gnu-toolchain-14.2.rel1-mingw-w64-x86_64-arm-none-eabi/bin/../lib/gcc/arm-none-eabi/14.2.1/thumb/v7-m/nofp\libg.a(libc_a-fvwrite.o)
 .ARM.attributes
                0x00000c77       0x2d D:/01Tools/GCC-ARM-NONE-EABI/arm-gnu-toolchain-14.2.rel1-mingw-w64-x86_64-arm-none-eabi/bin/../lib/gcc/arm-none-eabi/14.2.1/thumb/v7-m/nofp\libg.a(libc_a-wsetup.o)
 .ARM.attributes
                0x00000ca4       0x2d D:/01Tools/GCC-ARM-NONE-EABI/arm-gnu-toolchain-14.2.rel1-mingw-w64-x86_64-arm-none-eabi/bin/../lib/gcc/arm-none-eabi/14.2.1/thumb/v7-m/nofp\libg.a(libc_a-abort.o)
 .ARM.attributes
                0x00000cd1       0x2d D:/01Tools/GCC-ARM-NONE-EABI/arm-gnu-toolchain-14.2.rel1-mingw-w64-x86_64-arm-none-eabi/bin/../lib/gcc/arm-none-eabi/14.2.1/thumb/v7-m/nofp\libg.a(libc_a-makebuf.o)
 .ARM.attributes
                0x00000cfe       0x2d D:/01Tools/GCC-ARM-NONE-EABI/arm-gnu-toolchain-14.2.rel1-mingw-w64-x86_64-arm-none-eabi/bin/../lib/gcc/arm-none-eabi/14.2.1/thumb/v7-m/nofp\libg.a(libc_a-signal.o)
 .ARM.attributes
                0x00000d2b       0x2d D:/01Tools/GCC-ARM-NONE-EABI/arm-gnu-toolchain-14.2.rel1-mingw-w64-x86_64-arm-none-eabi/bin/../lib/gcc/arm-none-eabi/14.2.1/thumb/v7-m/nofp\libg.a(libc_a-fstatr.o)
 .ARM.attributes
                0x00000d58       0x2d D:/01Tools/GCC-ARM-NONE-EABI/arm-gnu-toolchain-14.2.rel1-mingw-w64-x86_64-arm-none-eabi/bin/../lib/gcc/arm-none-eabi/14.2.1/thumb/v7-m/nofp\libg.a(libc_a-isattyr.o)
 .ARM.attributes
                0x00000d85       0x2d D:/01Tools/GCC-ARM-NONE-EABI/arm-gnu-toolchain-14.2.rel1-mingw-w64-x86_64-arm-none-eabi/bin/../lib/gcc/arm-none-eabi/14.2.1/thumb/v7-m/nofp\libg.a(libc_a-signalr.o)
 .ARM.attributes
                0x00000db2       0x1d D:/01Tools/GCC-ARM-NONE-EABI/arm-gnu-toolchain-14.2.rel1-mingw-w64-x86_64-arm-none-eabi/bin/../lib/gcc/arm-none-eabi/14.2.1/thumb/v7-m/nofp\libgcc.a(_arm_muldivdf3.o)
 .ARM.attributes
                0x00000dcf       0x1d D:/01Tools/GCC-ARM-NONE-EABI/arm-gnu-toolchain-14.2.rel1-mingw-w64-x86_64-arm-none-eabi/bin/../lib/gcc/arm-none-eabi/14.2.1/thumb/v7-m/nofp\libgcc.a(_arm_unorddf2.o)
 .ARM.attributes
                0x00000dec       0x1d D:/01Tools/GCC-ARM-NONE-EABI/arm-gnu-toolchain-14.2.rel1-mingw-w64-x86_64-arm-none-eabi/bin/../lib/gcc/arm-none-eabi/14.2.1/thumb/v7-m/nofp\libgcc.a(_arm_fixdfsi.o)
 .ARM.attributes
                0x00000e09       0x2d D:/01Tools/GCC-ARM-NONE-EABI/arm-gnu-toolchain-14.2.rel1-mingw-w64-x86_64-arm-none-eabi/bin/../lib/gcc/arm-none-eabi/14.2.1/thumb/v7-m/nofp/crtend.o
 .ARM.attributes
                0x00000e36       0x1d D:/01Tools/GCC-ARM-NONE-EABI/arm-gnu-toolchain-14.2.rel1-mingw-w64-x86_64-arm-none-eabi/bin/../lib/gcc/arm-none-eabi/14.2.1/thumb/v7-m/nofp/crtn.o
OUTPUT(Laser_Omni.elf elf32-littlearm)
LOAD linker stubs
LOAD D:/01Tools/GCC-ARM-NONE-EABI/arm-gnu-toolchain-14.2.rel1-mingw-w64-x86_64-arm-none-eabi/bin/../lib/gcc/arm-none-eabi/14.2.1/thumb/v7-m/nofp\libc.a
LOAD D:/01Tools/GCC-ARM-NONE-EABI/arm-gnu-toolchain-14.2.rel1-mingw-w64-x86_64-arm-none-eabi/bin/../lib/gcc/arm-none-eabi/14.2.1/thumb/v7-m/nofp\libm.a
LOAD D:/01Tools/GCC-ARM-NONE-EABI/arm-gnu-toolchain-14.2.rel1-mingw-w64-x86_64-arm-none-eabi/bin/../lib/gcc/arm-none-eabi/14.2.1/thumb/v7-m/nofp\libgcc.a

.debug_info     0x00000000     0xd5d0
 .debug_info    0x00000000     0x154a CMakeFiles/Laser_Omni.elf.dir/Core/Src/as5600.c.obj
 .debug_info    0x0000154a      0x180 CMakeFiles/Laser_Omni.elf.dir/Core/Src/gpio.c.obj
 .debug_info    0x000016ca      0x857 CMakeFiles/Laser_Omni.elf.dir/Core/Src/i2c.c.obj
 .debug_info    0x00001f21      0x364 CMakeFiles/Laser_Omni.elf.dir/Core/Src/main.c.obj
 .debug_info    0x00002285      0x1f4 CMakeFiles/Laser_Omni.elf.dir/Core/Src/stm32f1xx_hal_msp.c.obj
 .debug_info    0x00002479      0x11d CMakeFiles/Laser_Omni.elf.dir/Core/Src/stm32f1xx_it.c.obj
 .debug_info    0x00002596      0x789 CMakeFiles/Laser_Omni.elf.dir/Core/Src/syscalls.c.obj
 .debug_info    0x00002d1f      0x171 CMakeFiles/Laser_Omni.elf.dir/Core/Src/sysmem.c.obj
 .debug_info    0x00002e90      0x22d CMakeFiles/Laser_Omni.elf.dir/Core/Src/system_stm32f1xx.c.obj
 .debug_info    0x000030bd      0x80d CMakeFiles/Laser_Omni.elf.dir/Core/Src/usart.c.obj
 .debug_info    0x000038ca       0x30 CMakeFiles/Laser_Omni.elf.dir/Core/Startup/startup_stm32f103c8tx.s.obj
 .debug_info    0x000038fa      0x7a2 CMakeFiles/Laser_Omni.elf.dir/Drivers/STM32F1xx_HAL_Driver/Src/stm32f1xx_hal.c.obj
 .debug_info    0x0000409c      0xcd9 CMakeFiles/Laser_Omni.elf.dir/Drivers/STM32F1xx_HAL_Driver/Src/stm32f1xx_hal_cortex.c.obj
 .debug_info    0x00004d75      0x604 CMakeFiles/Laser_Omni.elf.dir/Drivers/STM32F1xx_HAL_Driver/Src/stm32f1xx_hal_gpio.c.obj
 .debug_info    0x00005379     0x390b CMakeFiles/Laser_Omni.elf.dir/Drivers/STM32F1xx_HAL_Driver/Src/stm32f1xx_hal_i2c.c.obj
 .debug_info    0x00008c84      0x9c7 CMakeFiles/Laser_Omni.elf.dir/Drivers/STM32F1xx_HAL_Driver/Src/stm32f1xx_hal_rcc.c.obj
 .debug_info    0x0000964b     0x3f85 CMakeFiles/Laser_Omni.elf.dir/Drivers/STM32F1xx_HAL_Driver/Src/stm32f1xx_hal_uart.c.obj

.debug_abbrev   0x00000000     0x1f27
 .debug_abbrev  0x00000000      0x333 CMakeFiles/Laser_Omni.elf.dir/Core/Src/as5600.c.obj
 .debug_abbrev  0x00000333       0xc4 CMakeFiles/Laser_Omni.elf.dir/Core/Src/gpio.c.obj
 .debug_abbrev  0x000003f7      0x1fc CMakeFiles/Laser_Omni.elf.dir/Core/Src/i2c.c.obj
 .debug_abbrev  0x000005f3      0x1aa CMakeFiles/Laser_Omni.elf.dir/Core/Src/main.c.obj
 .debug_abbrev  0x0000079d       0xed CMakeFiles/Laser_Omni.elf.dir/Core/Src/stm32f1xx_hal_msp.c.obj
 .debug_abbrev  0x0000088a       0x7c CMakeFiles/Laser_Omni.elf.dir/Core/Src/stm32f1xx_it.c.obj
 .debug_abbrev  0x00000906      0x1c1 CMakeFiles/Laser_Omni.elf.dir/Core/Src/syscalls.c.obj
 .debug_abbrev  0x00000ac7       0xea CMakeFiles/Laser_Omni.elf.dir/Core/Src/sysmem.c.obj
 .debug_abbrev  0x00000bb1      0x143 CMakeFiles/Laser_Omni.elf.dir/Core/Src/system_stm32f1xx.c.obj
 .debug_abbrev  0x00000cf4      0x204 CMakeFiles/Laser_Omni.elf.dir/Core/Src/usart.c.obj
 .debug_abbrev  0x00000ef8       0x24 CMakeFiles/Laser_Omni.elf.dir/Core/Startup/startup_stm32f103c8tx.s.obj
 .debug_abbrev  0x00000f1c      0x22d CMakeFiles/Laser_Omni.elf.dir/Drivers/STM32F1xx_HAL_Driver/Src/stm32f1xx_hal.c.obj
 .debug_abbrev  0x00001149      0x36d CMakeFiles/Laser_Omni.elf.dir/Drivers/STM32F1xx_HAL_Driver/Src/stm32f1xx_hal_cortex.c.obj
 .debug_abbrev  0x000014b6      0x1f7 CMakeFiles/Laser_Omni.elf.dir/Drivers/STM32F1xx_HAL_Driver/Src/stm32f1xx_hal_gpio.c.obj
 .debug_abbrev  0x000016ad      0x2be CMakeFiles/Laser_Omni.elf.dir/Drivers/STM32F1xx_HAL_Driver/Src/stm32f1xx_hal_i2c.c.obj
 .debug_abbrev  0x0000196b      0x2a0 CMakeFiles/Laser_Omni.elf.dir/Drivers/STM32F1xx_HAL_Driver/Src/stm32f1xx_hal_rcc.c.obj
 .debug_abbrev  0x00001c0b      0x31c CMakeFiles/Laser_Omni.elf.dir/Drivers/STM32F1xx_HAL_Driver/Src/stm32f1xx_hal_uart.c.obj

.debug_loclists
                0x00000000     0x742a
 .debug_loclists
                0x00000000      0x3e3 CMakeFiles/Laser_Omni.elf.dir/Core/Src/as5600.c.obj
 .debug_loclists
                0x000003e3       0x5d CMakeFiles/Laser_Omni.elf.dir/Core/Src/i2c.c.obj
 .debug_loclists
                0x00000440       0x17 CMakeFiles/Laser_Omni.elf.dir/Core/Src/stm32f1xx_hal_msp.c.obj
 .debug_loclists
                0x00000457      0x2cd CMakeFiles/Laser_Omni.elf.dir/Core/Src/syscalls.c.obj
 .debug_loclists
                0x00000724       0x52 CMakeFiles/Laser_Omni.elf.dir/Core/Src/sysmem.c.obj
 .debug_loclists
                0x00000776       0xb7 CMakeFiles/Laser_Omni.elf.dir/Core/Src/system_stm32f1xx.c.obj
 .debug_loclists
                0x0000082d       0x74 CMakeFiles/Laser_Omni.elf.dir/Core/Src/usart.c.obj
 .debug_loclists
                0x000008a1       0xe1 CMakeFiles/Laser_Omni.elf.dir/Drivers/STM32F1xx_HAL_Driver/Src/stm32f1xx_hal.c.obj
 .debug_loclists
                0x00000982      0x530 CMakeFiles/Laser_Omni.elf.dir/Drivers/STM32F1xx_HAL_Driver/Src/stm32f1xx_hal_cortex.c.obj
 .debug_loclists
                0x00000eb2      0x300 CMakeFiles/Laser_Omni.elf.dir/Drivers/STM32F1xx_HAL_Driver/Src/stm32f1xx_hal_gpio.c.obj
 .debug_loclists
                0x000011b2     0x316e CMakeFiles/Laser_Omni.elf.dir/Drivers/STM32F1xx_HAL_Driver/Src/stm32f1xx_hal_i2c.c.obj
 .debug_loclists
                0x00004320      0x42e CMakeFiles/Laser_Omni.elf.dir/Drivers/STM32F1xx_HAL_Driver/Src/stm32f1xx_hal_rcc.c.obj
 .debug_loclists
                0x0000474e     0x2cdc CMakeFiles/Laser_Omni.elf.dir/Drivers/STM32F1xx_HAL_Driver/Src/stm32f1xx_hal_uart.c.obj

.debug_aranges  0x00000000      0xa78
 .debug_aranges
                0x00000000       0xf8 CMakeFiles/Laser_Omni.elf.dir/Core/Src/as5600.c.obj
 .debug_aranges
                0x000000f8       0x20 CMakeFiles/Laser_Omni.elf.dir/Core/Src/gpio.c.obj
 .debug_aranges
                0x00000118       0x30 CMakeFiles/Laser_Omni.elf.dir/Core/Src/i2c.c.obj
 .debug_aranges
                0x00000148       0x30 CMakeFiles/Laser_Omni.elf.dir/Core/Src/main.c.obj
 .debug_aranges
                0x00000178       0x20 CMakeFiles/Laser_Omni.elf.dir/Core/Src/stm32f1xx_hal_msp.c.obj
 .debug_aranges
                0x00000198       0x60 CMakeFiles/Laser_Omni.elf.dir/Core/Src/stm32f1xx_it.c.obj
 .debug_aranges
                0x000001f8       0xa8 CMakeFiles/Laser_Omni.elf.dir/Core/Src/syscalls.c.obj
 .debug_aranges
                0x000002a0       0x20 CMakeFiles/Laser_Omni.elf.dir/Core/Src/sysmem.c.obj
 .debug_aranges
                0x000002c0       0x28 CMakeFiles/Laser_Omni.elf.dir/Core/Src/system_stm32f1xx.c.obj
 .debug_aranges
                0x000002e8       0x30 CMakeFiles/Laser_Omni.elf.dir/Core/Src/usart.c.obj
 .debug_aranges
                0x00000318       0x28 CMakeFiles/Laser_Omni.elf.dir/Core/Startup/startup_stm32f103c8tx.s.obj
 .debug_aranges
                0x00000340       0xe0 CMakeFiles/Laser_Omni.elf.dir/Drivers/STM32F1xx_HAL_Driver/Src/stm32f1xx_hal.c.obj
 .debug_aranges
                0x00000420       0xc0 CMakeFiles/Laser_Omni.elf.dir/Drivers/STM32F1xx_HAL_Driver/Src/stm32f1xx_hal_cortex.c.obj
 .debug_aranges
                0x000004e0       0x58 CMakeFiles/Laser_Omni.elf.dir/Drivers/STM32F1xx_HAL_Driver/Src/stm32f1xx_hal_gpio.c.obj
 .debug_aranges
                0x00000538      0x2a8 CMakeFiles/Laser_Omni.elf.dir/Drivers/STM32F1xx_HAL_Driver/Src/stm32f1xx_hal_i2c.c.obj
 .debug_aranges
                0x000007e0       0x90 CMakeFiles/Laser_Omni.elf.dir/Drivers/STM32F1xx_HAL_Driver/Src/stm32f1xx_hal_rcc.c.obj
 .debug_aranges
                0x00000870      0x208 CMakeFiles/Laser_Omni.elf.dir/Drivers/STM32F1xx_HAL_Driver/Src/stm32f1xx_hal_uart.c.obj

.debug_rnglists
                0x00000000      0x7fc
 .debug_rnglists
                0x00000000       0xb6 CMakeFiles/Laser_Omni.elf.dir/Core/Src/as5600.c.obj
 .debug_rnglists
                0x000000b6       0x13 CMakeFiles/Laser_Omni.elf.dir/Core/Src/gpio.c.obj
 .debug_rnglists
                0x000000c9       0x1f CMakeFiles/Laser_Omni.elf.dir/Core/Src/i2c.c.obj
 .debug_rnglists
                0x000000e8       0x1f CMakeFiles/Laser_Omni.elf.dir/Core/Src/main.c.obj
 .debug_rnglists
                0x00000107       0x13 CMakeFiles/Laser_Omni.elf.dir/Core/Src/stm32f1xx_hal_msp.c.obj
 .debug_rnglists
                0x0000011a       0x43 CMakeFiles/Laser_Omni.elf.dir/Core/Src/stm32f1xx_it.c.obj
 .debug_rnglists
                0x0000015d       0x79 CMakeFiles/Laser_Omni.elf.dir/Core/Src/syscalls.c.obj
 .debug_rnglists
                0x000001d6       0x13 CMakeFiles/Laser_Omni.elf.dir/Core/Src/sysmem.c.obj
 .debug_rnglists
                0x000001e9       0x1a CMakeFiles/Laser_Omni.elf.dir/Core/Src/system_stm32f1xx.c.obj
 .debug_rnglists
                0x00000203       0x1f CMakeFiles/Laser_Omni.elf.dir/Core/Src/usart.c.obj
 .debug_rnglists
                0x00000222       0x19 CMakeFiles/Laser_Omni.elf.dir/Core/Startup/startup_stm32f103c8tx.s.obj
 .debug_rnglists
                0x0000023b       0xa3 CMakeFiles/Laser_Omni.elf.dir/Drivers/STM32F1xx_HAL_Driver/Src/stm32f1xx_hal.c.obj
 .debug_rnglists
                0x000002de       0x8b CMakeFiles/Laser_Omni.elf.dir/Drivers/STM32F1xx_HAL_Driver/Src/stm32f1xx_hal_cortex.c.obj
 .debug_rnglists
                0x00000369       0x3f CMakeFiles/Laser_Omni.elf.dir/Drivers/STM32F1xx_HAL_Driver/Src/stm32f1xx_hal_gpio.c.obj
 .debug_rnglists
                0x000003a8      0x236 CMakeFiles/Laser_Omni.elf.dir/Drivers/STM32F1xx_HAL_Driver/Src/stm32f1xx_hal_i2c.c.obj
 .debug_rnglists
                0x000005de       0x7d CMakeFiles/Laser_Omni.elf.dir/Drivers/STM32F1xx_HAL_Driver/Src/stm32f1xx_hal_rcc.c.obj
 .debug_rnglists
                0x0000065b      0x1a1 CMakeFiles/Laser_Omni.elf.dir/Drivers/STM32F1xx_HAL_Driver/Src/stm32f1xx_hal_uart.c.obj

.debug_line     0x00000000     0xd036
 .debug_line    0x00000000      0x949 CMakeFiles/Laser_Omni.elf.dir/Core/Src/as5600.c.obj
 .debug_line    0x00000949      0x1e7 CMakeFiles/Laser_Omni.elf.dir/Core/Src/gpio.c.obj
 .debug_line    0x00000b30      0x3a3 CMakeFiles/Laser_Omni.elf.dir/Core/Src/i2c.c.obj
 .debug_line    0x00000ed3      0x3a2 CMakeFiles/Laser_Omni.elf.dir/Core/Src/main.c.obj
 .debug_line    0x00001275      0x1f4 CMakeFiles/Laser_Omni.elf.dir/Core/Src/stm32f1xx_hal_msp.c.obj
 .debug_line    0x00001469      0x187 CMakeFiles/Laser_Omni.elf.dir/Core/Src/stm32f1xx_it.c.obj
 .debug_line    0x000015f0      0x44b CMakeFiles/Laser_Omni.elf.dir/Core/Src/syscalls.c.obj
 .debug_line    0x00001a3b      0x25a CMakeFiles/Laser_Omni.elf.dir/Core/Src/sysmem.c.obj
 .debug_line    0x00001c95      0x2bd CMakeFiles/Laser_Omni.elf.dir/Core/Src/system_stm32f1xx.c.obj
 .debug_line    0x00001f52      0x3b9 CMakeFiles/Laser_Omni.elf.dir/Core/Src/usart.c.obj
 .debug_line    0x0000230b       0x78 CMakeFiles/Laser_Omni.elf.dir/Core/Startup/startup_stm32f103c8tx.s.obj
 .debug_line    0x00002383      0x5f0 CMakeFiles/Laser_Omni.elf.dir/Drivers/STM32F1xx_HAL_Driver/Src/stm32f1xx_hal.c.obj
 .debug_line    0x00002973      0x744 CMakeFiles/Laser_Omni.elf.dir/Drivers/STM32F1xx_HAL_Driver/Src/stm32f1xx_hal_cortex.c.obj
 .debug_line    0x000030b7      0x666 CMakeFiles/Laser_Omni.elf.dir/Drivers/STM32F1xx_HAL_Driver/Src/stm32f1xx_hal_gpio.c.obj
 .debug_line    0x0000371d     0x5678 CMakeFiles/Laser_Omni.elf.dir/Drivers/STM32F1xx_HAL_Driver/Src/stm32f1xx_hal_i2c.c.obj
 .debug_line    0x00008d95      0xd55 CMakeFiles/Laser_Omni.elf.dir/Drivers/STM32F1xx_HAL_Driver/Src/stm32f1xx_hal_rcc.c.obj
 .debug_line    0x00009aea     0x354c CMakeFiles/Laser_Omni.elf.dir/Drivers/STM32F1xx_HAL_Driver/Src/stm32f1xx_hal_uart.c.obj

.debug_str      0x00000000     0x309d
 .debug_str     0x00000000     0x309d CMakeFiles/Laser_Omni.elf.dir/Core/Src/as5600.c.obj
                                0xc72 (size before relaxing)
 .debug_str     0x0000309d      0x21d CMakeFiles/Laser_Omni.elf.dir/Core/Src/gpio.c.obj
 .debug_str     0x0000309d      0x77e CMakeFiles/Laser_Omni.elf.dir/Core/Src/i2c.c.obj
 .debug_str     0x0000309d      0x3d2 CMakeFiles/Laser_Omni.elf.dir/Core/Src/main.c.obj
 .debug_str     0x0000309d      0x257 CMakeFiles/Laser_Omni.elf.dir/Core/Src/stm32f1xx_hal_msp.c.obj
 .debug_str     0x0000309d      0x25a CMakeFiles/Laser_Omni.elf.dir/Core/Src/stm32f1xx_it.c.obj
 .debug_str     0x0000309d      0x424 CMakeFiles/Laser_Omni.elf.dir/Core/Src/syscalls.c.obj
 .debug_str     0x0000309d      0x250 CMakeFiles/Laser_Omni.elf.dir/Core/Src/sysmem.c.obj
 .debug_str     0x0000309d      0x28c CMakeFiles/Laser_Omni.elf.dir/Core/Src/system_stm32f1xx.c.obj
 .debug_str     0x0000309d      0x70a CMakeFiles/Laser_Omni.elf.dir/Core/Src/usart.c.obj
 .debug_str     0x0000309d       0x9d CMakeFiles/Laser_Omni.elf.dir/Core/Startup/startup_stm32f103c8tx.s.obj
 .debug_str     0x0000309d      0x866 CMakeFiles/Laser_Omni.elf.dir/Drivers/STM32F1xx_HAL_Driver/Src/stm32f1xx_hal.c.obj