Archive member included to satisfy reference by file (symbol)

D:/01Tools/GCC-ARM-NONE-EABI/arm-gnu-toolchain-14.2.rel1-mingw-w64-x86_64-arm-none-eabi/bin/../lib/gcc/arm-none-eabi/14.2.1/thumb/v7-m/nofp\libgcc.a(_arm_muldf3.o)
                              CMakeFiles/Laser_Omni.elf.dir/Core/Src/as5600.c.obj (__aeabi_dmul)
D:/01Tools/GCC-ARM-NONE-EABI/arm-gnu-toolchain-14.2.rel1-mingw-w64-x86_64-arm-none-eabi/bin/../lib/gcc/arm-none-eabi/14.2.1/thumb/v7-m/nofp\libgcc.a(_arm_mulsf3.o)
                              CMakeFiles/Laser_Omni.elf.dir/Core/Src/main.c.obj (__aeabi_fmul)
D:/01Tools/GCC-ARM-NONE-EABI/arm-gnu-toolchain-14.2.rel1-mingw-w64-x86_64-arm-none-eabi/bin/../lib/gcc/arm-none-eabi/14.2.1/thumb/v7-m/nofp\libgcc.a(_arm_addsubdf3.o)
                              CMakeFiles/Laser_Omni.elf.dir/Core/Src/main.c.obj (__aeabi_dsub)
D:/01Tools/GCC-ARM-NONE-EABI/arm-gnu-toolchain-14.2.rel1-mingw-w64-x86_64-arm-none-eabi/bin/../lib/gcc/arm-none-eabi/14.2.1/thumb/v7-m/nofp\libgcc.a(_arm_cmpdf2.o)
                              CMakeFiles/Laser_Omni.elf.dir/Core/Src/as5600.c.obj (__aeabi_dcmplt)
D:/01Tools/GCC-ARM-NONE-EABI/arm-gnu-toolchain-14.2.rel1-mingw-w64-x86_64-arm-none-eabi/bin/../lib/gcc/arm-none-eabi/14.2.1/thumb/v7-m/nofp\libgcc.a(_arm_truncdfsf2.o)
                              CMakeFiles/Laser_Omni.elf.dir/Core/Src/as5600.c.obj (__aeabi_d2f)
D:/01Tools/GCC-ARM-NONE-EABI/arm-gnu-toolchain-14.2.rel1-mingw-w64-x86_64-arm-none-eabi/bin/../lib/gcc/arm-none-eabi/14.2.1/thumb/v7-m/nofp\libgcc.a(_arm_addsubsf3.o)
                              CMakeFiles/Laser_Omni.elf.dir/Core/Src/main.c.obj (__aeabi_fsub)
D:/01Tools/GCC-ARM-NONE-EABI/arm-gnu-toolchain-14.2.rel1-mingw-w64-x86_64-arm-none-eabi/bin/../lib/gcc/arm-none-eabi/14.2.1/thumb/v7-m/nofp\libgcc.a(_arm_muldivsf3.o)
                              CMakeFiles/Laser_Omni.elf.dir/Core/Src/main.c.obj (__aeabi_fdiv)
D:/01Tools/GCC-ARM-NONE-EABI/arm-gnu-toolchain-14.2.rel1-mingw-w64-x86_64-arm-none-eabi/bin/../lib/gcc/arm-none-eabi/14.2.1/thumb/v7-m/nofp\libgcc.a(_arm_cmpsf2.o)
                              CMakeFiles/Laser_Omni.elf.dir/Core/Src/main.c.obj (__aeabi_fcmplt)
D:/01Tools/GCC-ARM-NONE-EABI/arm-gnu-toolchain-14.2.rel1-mingw-w64-x86_64-arm-none-eabi/bin/../lib/gcc/arm-none-eabi/14.2.1/thumb/v7-m/nofp\libgcc.a(_arm_fixunssfsi.o)
                              CMakeFiles/Laser_Omni.elf.dir/Core/Src/main.c.obj (__aeabi_f2uiz)
D:/01Tools/GCC-ARM-NONE-EABI/arm-gnu-toolchain-14.2.rel1-mingw-w64-x86_64-arm-none-eabi/bin/../lib/gcc/arm-none-eabi/14.2.1/thumb/v7-m/nofp\libg.a(libc_a-exit.o)
                              D:/01Tools/GCC-ARM-NONE-EABI/arm-gnu-toolchain-14.2.rel1-mingw-w64-x86_64-arm-none-eabi/bin/../lib/gcc/arm-none-eabi/14.2.1/thumb/v7-m/nofp/crt0.o (exit)
D:/01Tools/GCC-ARM-NONE-EABI/arm-gnu-toolchain-14.2.rel1-mingw-w64-x86_64-arm-none-eabi/bin/../lib/gcc/arm-none-eabi/14.2.1/thumb/v7-m/nofp\libg.a(libc_a-findfp.o)
                              D:/01Tools/GCC-ARM-NONE-EABI/arm-gnu-toolchain-14.2.rel1-mingw-w64-x86_64-arm-none-eabi/bin/../lib/gcc/arm-none-eabi/14.2.1/thumb/v7-m/nofp\libg.a(libc_a-exit.o) (__stdio_exit_handler)
D:/01Tools/GCC-ARM-NONE-EABI/arm-gnu-toolchain-14.2.rel1-mingw-w64-x86_64-arm-none-eabi/bin/../lib/gcc/arm-none-eabi/14.2.1/thumb/v7-m/nofp\libg.a(libc_a-fwalk.o)
                              D:/01Tools/GCC-ARM-NONE-EABI/arm-gnu-toolchain-14.2.rel1-mingw-w64-x86_64-arm-none-eabi/bin/../lib/gcc/arm-none-eabi/14.2.1/thumb/v7-m/nofp\libg.a(libc_a-findfp.o) (_fwalk_sglue)
D:/01Tools/GCC-ARM-NONE-EABI/arm-gnu-toolchain-14.2.rel1-mingw-w64-x86_64-arm-none-eabi/bin/../lib/gcc/arm-none-eabi/14.2.1/thumb/v7-m/nofp\libg.a(libc_a-sprintf.o)
                              CMakeFiles/Laser_Omni.elf.dir/Core/Src/as5600.c.obj (sprintf)
D:/01Tools/GCC-ARM-NONE-EABI/arm-gnu-toolchain-14.2.rel1-mingw-w64-x86_64-arm-none-eabi/bin/../lib/gcc/arm-none-eabi/14.2.1/thumb/v7-m/nofp\libg.a(libc_a-stdio.o)
                              D:/01Tools/GCC-ARM-NONE-EABI/arm-gnu-toolchain-14.2.rel1-mingw-w64-x86_64-arm-none-eabi/bin/../lib/gcc/arm-none-eabi/14.2.1/thumb/v7-m/nofp\libg.a(libc_a-findfp.o) (__sread)
D:/01Tools/GCC-ARM-NONE-EABI/arm-gnu-toolchain-14.2.rel1-mingw-w64-x86_64-arm-none-eabi/bin/../lib/gcc/arm-none-eabi/14.2.1/thumb/v7-m/nofp\libg.a(libc_a-memset.o)
                              D:/01Tools/GCC-ARM-NONE-EABI/arm-gnu-toolchain-14.2.rel1-mingw-w64-x86_64-arm-none-eabi/bin/../lib/gcc/arm-none-eabi/14.2.1/thumb/v7-m/nofp/crt0.o (memset)
D:/01Tools/GCC-ARM-NONE-EABI/arm-gnu-toolchain-14.2.rel1-mingw-w64-x86_64-arm-none-eabi/bin/../lib/gcc/arm-none-eabi/14.2.1/thumb/v7-m/nofp\libg.a(libc_a-closer.o)
                              D:/01Tools/GCC-ARM-NONE-EABI/arm-gnu-toolchain-14.2.rel1-mingw-w64-x86_64-arm-none-eabi/bin/../lib/gcc/arm-none-eabi/14.2.1/thumb/v7-m/nofp\libg.a(libc_a-stdio.o) (_close_r)
[...]
Memory Configuration

Name             Origin             Length             Attributes
RAM              0x20000000         0x00005000         xrw
FLASH            0x08000000         0x00010000         xr
*default*        0x00000000         0xffffffff

Linker script and memory map

LOAD D:/01Tools/GCC-ARM-NONE-EABI/arm-gnu-toolchain-14.2.rel1-mingw-w64-x86_64-arm-none-eabi/bin/../lib/gcc/arm-none-eabi/14.2.1/thumb/v7-m/nofp/crti.o
LOAD D:/01Tools/GCC-ARM-NONE-EABI/arm-gnu-toolchain-14.2.rel1-mingw-w64-x86_64-arm-none-eabi/bin/../lib/gcc/arm-none-eabi/14.2.1/thumb/v7-m/nofp/crtbegin.o
LOAD D:/01Tools/GCC-ARM-NONE-EABI/arm-gnu-toolchain-14.2.rel1-mingw-w64-x86_64-arm-none-eabi/bin/../lib/gcc/arm-none-eabi/14.2.1/thumb/v7-m/nofp/crt0.o
LOAD CMakeFiles/Laser_Omni.elf.dir/Core/Src/as5600.c.obj
LOAD CMakeFiles/Laser_Omni.elf.dir/Core/Src/gpio.c.obj
LOAD CMakeFiles/Laser_Omni.elf.dir/Core/Src/i2c.c.obj
LOAD CMakeFiles/Laser_Omni.elf.dir/Core/Src/main.c.obj
LOAD CMakeFiles/Laser_Omni.elf.dir/Core/Src/stm32f1xx_hal_msp.c.obj
LOAD CMakeFiles/Laser_Omni.elf.dir/Core/Src/stm32f1xx_it.c.obj
LOAD CMakeFiles/Laser_Omni.elf.dir/Core/Src/syscalls.c.obj
LOAD CMakeFiles/Laser_Omni.elf.dir/Core/Src/sysmem.c.obj
LOAD CMakeFiles/Laser_Omni.elf.dir/Core/Src/system_stm32f1xx.c.obj
LOAD CMakeFiles/Laser_Omni.elf.dir/Core/Src/tim.c.obj
LOAD CMakeFiles/Laser_Omni.elf.dir/Core/Src/usart.c.obj
LOAD CMakeFiles/Laser_Omni.elf.dir/Core/Startup/startup_stm32f103c8tx.s.obj
LOAD CMakeFiles/Laser_Omni.elf.dir/Drivers/STM32F1xx_HAL_Driver/Src/stm32f1xx_hal.c.obj
LOAD CMakeFiles/Laser_Omni.elf.dir/Drivers/STM32F1xx_HAL_Driver/Src/stm32f1xx_hal_cortex.c.obj
LOAD CMakeFiles/Laser_Omni.elf.dir/Drivers/STM32F1xx_HAL_Driver/Src/stm32f1xx_hal_dma.c.obj
LOAD CMakeFiles/Laser_Omni.elf.dir/Drivers/STM32F1xx_HAL_Driver/Src/stm32f1xx_hal_exti.c.obj
LOAD CMakeFiles/Laser_Omni.elf.dir/Drivers/STM32F1xx_HAL_Driver/Src/stm32f1xx_hal_flash.c.obj
LOAD CMakeFiles/Laser_Omni.elf.dir/Drivers/STM32F1xx_HAL_Driver/Src/stm32f1xx_hal_flash_ex.c.obj
LOAD CMakeFiles/Laser_Omni.elf.dir/Drivers/STM32F1xx_HAL_Driver/Src/stm32f1xx_hal_gpio.c.obj
LOAD CMakeFiles/Laser_Omni.elf.dir/Drivers/STM32F1xx_HAL_Driver/Src/stm32f1xx_hal_gpio_ex.c.obj
LOAD CMakeFiles/Laser_Omni.elf.dir/Drivers/STM32F1xx_HAL_Driver/Src/stm32f1xx_hal_i2c.c.obj
LOAD CMakeFiles/Laser_Omni.elf.dir/Drivers/STM32F1xx_HAL_Driver/Src/stm32f1xx_hal_pwr.c.obj
LOAD CMakeFiles/Laser_Omni.elf.dir/Drivers/STM32F1xx_HAL_Driver/Src/stm32f1xx_hal_rcc.c.obj
LOAD CMakeFiles/Laser_Omni.elf.dir/Drivers/STM32F1xx_HAL_Driver/Src/stm32f1xx_hal_rcc_ex.c.obj
LOAD CMakeFiles/Laser_Omni.elf.dir/Drivers/STM32F1xx_HAL_Driver/Src/stm32f1xx_hal_tim.c.obj
LOAD CMakeFiles/Laser_Omni.elf.dir/Drivers/STM32F1xx_HAL_Driver/Src/stm32f1xx_hal_tim_ex.c.obj
LOAD CMakeFiles/Laser_Omni.elf.dir/Drivers/STM32F1xx_HAL_Driver/Src/stm32f1xx_hal_uart.c.obj
START GROUP
LOAD D:/01Tools/GCC-ARM-NONE-EABI/arm-gnu-toolchain-14.2.rel1-mingw-w64-x86_64-arm-none-eabi/bin/../lib/gcc/arm-none-eabi/14.2.1/thumb/v7-m/nofp\libgcc.a
LOAD D:/01Tools/GCC-ARM-NONE-EABI/arm-gnu-toolchain-14.2.rel1-mingw-w64-x86_64-arm-none-eabi/bin/../lib/gcc/arm-none-eabi/14.2.1/thumb/v7-m/nofp\libg.a
LOAD D:/01Tools/GCC-ARM-NONE-EABI/arm-gnu-toolchain-14.2.rel1-mingw-w64-x86_64-arm-none-eabi/bin/../lib/gcc/arm-none-eabi/14.2.1/thumb/v7-m/nofp\libc.a
END GROUP
LOAD D:/01Tools/GCC-ARM-NONE-EABI/arm-gnu-toolchain-14.2.rel1-mingw-w64-x86_64-arm-none-eabi/bin/../lib/gcc/arm-none-eabi/14.2.1/thumb/v7-m/nofp/crtend.o
LOAD D:/01Tools/GCC-ARM-NONE-EABI/arm-gnu-toolchain-14.2.rel1-mingw-w64-x86_64-arm-none-eabi/bin/../lib/gcc/arm-none-eabi/14.2.1/thumb/v7-m/nofp/crtn.o
                0x20005000                        _estack = (ORIGIN (RAM) + LENGTH (RAM))
                0x00000200                        _Min_Heap_Size = 0x200
                0x00000400                        _Min_Stack_Size = 0x400

.isr_vector     0x08000000      0x10c
                0x08000000                        . = ALIGN (0x4)
 *(.isr_vector)
 .isr_vector    0x08000000      0x10c CMakeFiles/Laser_Omni.elf.dir/Core/Startup/startup_stm32f103c8tx.s.obj
                0x08000000                g_pfnVectors
                0x0800010c                        . = ALIGN (0x4)

.text           0x08000110     0x44a8
                0x08000110                        . = ALIGN (0x4)
 *(.text)
 .text          0x08000110      0x378 D:/01Tools/GCC-ARM-NONE-EABI/arm-gnu-toolchain-14.2.rel1-mingw-w64-x86_64-arm-none-eabi/bin/../lib/gcc/arm-none-eabi/14.2.1/thumb/v7-m/nofp\libgcc.a(_arm_addsubdf3.o)
                0x08000110                __aeabi_drsub
                0x08000118                __aeabi_dsub
                0x08000118                __subdf3
                0x0800011c                __aeabi_dadd
                0x0800011c                __adddf3
                0x08000394                __floatunsidf
                0x08000394                __aeabi_ui2d
                0x080003b4                __floatsidf
                0x080003b4                __aeabi_i2d
                0x080003d8                __aeabi_f2d
                0x080003d8                __extendsfdf2
                0x0800041c                __floatundidf
                0x0800041c                __aeabi_ul2d
                0x0800042c                __floatdidf
                0x0800042c                __aeabi_l2d
 .text          0x08000488      0x110 D:/01Tools/GCC-ARM-NONE-EABI/arm-gnu-toolchain-14.2.rel1-mingw-w64-x86_64-arm-none-eabi/bin/../lib/gcc/arm-none-eabi/14.2.1/thumb/v7-m/nofp\libgcc.a(_arm_cmpdf2.o)
                0x08000488                __gtdf2
                0x08000488                __gedf2
                0x08000490                __ltdf2
                0x08000490                __ledf2
                0x08000498                __nedf2
                0x08000498                __eqdf2
                0x08000498                __cmpdf2
                0x08000514                __aeabi_cdrcmple
                0x08000524                __aeabi_cdcmpeq
                0x08000524                __aeabi_cdcmple
                0x08000534                __aeabi_dcmpeq
                0x08000548                __aeabi_dcmplt
                0x0800055c                __aeabi_dcmple
                0x08000570                __aeabi_dcmpge
                0x08000584                __aeabi_dcmpgt
 .text          0x08000598       0xa0 D:/01Tools/GCC-ARM-NONE-EABI/arm-gnu-toolchain-14.2.rel1-mingw-w64-x86_64-arm-none-eabi/bin/../lib/gcc/arm-none-eabi/14.2.1/thumb/v7-m/nofp\libgcc.a(_arm_truncdfsf2.o)
                0x08000598                __truncdfsf2
                0x08000598                __aeabi_d2f
 .text          0x08000638      0x21c D:/01Tools/GCC-ARM-NONE-EABI/arm-gnu-toolchain-14.2.rel1-mingw-w64-x86_64-arm-none-eabi/bin/../lib/gcc/arm-none-eabi/14.2.1/thumb/v7-m/nofp\libgcc.a(_arm_addsubsf3.o)
                0x08000638                __aeabi_frsub
                0x08000640                __subsf3
                0x08000640                __aeabi_fsub
                0x08000644                __aeabi_fadd
                0x08000644                __addsf3
                0x080007a4                __aeabi_ui2f
                0x080007a4                __floatunsisf
                0x080007ac                __aeabi_i2f
                0x080007ac                __floatsisf
                0x080007c8                __aeabi_ul2f
                0x080007c8                __floatundisf
                0x080007d8                __aeabi_l2f
                0x080007d8                __floatdisf
 .text          0x08000854      0x2a0 D:/01Tools/GCC-ARM-NONE-EABI/arm-gnu-toolchain-14.2.rel1-mingw-w64-x86_64-arm-none-eabi/bin/../lib/gcc/arm-none-eabi/14.2.1/thumb/v7-m/nofp\libgcc.a(_arm_muldivsf3.o)
                0x08000854                __mulsf3
                0x08000854                __aeabi_fmul
                0x080009bc                __aeabi_fdiv
                0x080009bc                __divsf3
 .text          0x08000af4       0xec D:/01Tools/GCC-ARM-NONE-EABI/arm-gnu-toolchain-14.2.rel1-mingw-w64-x86_64-arm-none-eabi/bin/../lib/gcc/arm-none-eabi/14.2.1/thumb/v7-m/nofp\libgcc.a(_arm_cmpsf2.o)
                0x08000af4                __gesf2
                0x08000af4                __gtsf2
                0x08000afc                __lesf2
                0x08000afc                __ltsf2
                0x08000b04                __nesf2
                0x08000b04                __eqsf2
                0x08000b04                __cmpsf2
                0x08000b64                __aeabi_cfrcmple
                0x08000b6c                __aeabi_cfcmpeq
                0x08000b6c                __aeabi_cfcmple
                0x08000b7c                __aeabi_fcmpeq
                0x08000b90                __aeabi_fcmplt
                0x08000ba4                __aeabi_fcmple
                0x08000bb8                __aeabi_fcmpge
                0x08000bcc                __aeabi_fcmpgt
 .text          0x08000be0       0x40 D:/01Tools/GCC-ARM-NONE-EABI/arm-gnu-toolchain-14.2.rel1-mingw-w64-x86_64-arm-none-eabi/bin/../lib/gcc/arm-none-eabi/14.2.1/thumb/v7-m/nofp\libgcc.a(_arm_fixunssfsi.o)
                0x08000be0                __fixunssfsi
                0x08000be0                __aeabi_f2uiz
 .text          0x08000c20      0x424 D:/01Tools/GCC-ARM-NONE-EABI/arm-gnu-toolchain-14.2.rel1-mingw-w64-x86_64-arm-none-eabi/bin/../lib/gcc/arm-none-eabi/14.2.1/thumb/v7-m/nofp\libgcc.a(_arm_muldivdf3.o)
                0x08000c20                __aeabi_dmul
                0x08000c20                __muldf3
                0x08000e74                __divdf3
                0x08000e74                __aeabi_ddiv
 .text          0x08001044       0x2c D:/01Tools/GCC-ARM-NONE-EABI/arm-gnu-toolchain-14.2.rel1-mingw-w64-x86_64-arm-none-eabi/bin/../lib/gcc/arm-none-eabi/14.2.1/thumb/v7-m/nofp\libgcc.a(_arm_unorddf2.o)
                0x08001044                __unorddf2
                0x08001044                __aeabi_dcmpun
 .text          0x08001070       0x50 D:/01Tools/GCC-ARM-NONE-EABI/arm-gnu-toolchain-14.2.rel1-mingw-w64-x86_64-arm-none-eabi/bin/../lib/gcc/arm-none-eabi/14.2.1/thumb/v7-m/nofp\libgcc.a(_arm_fixdfsi.o)
                0x08001070                __aeabi_d2iz
                0x08001070                __fixdfsi
 *(.text*)
 .text.deregister_tm_clones
                0x080010c0       0x1c D:/01Tools/GCC-ARM-NONE-EABI/arm-gnu-toolchain-14.2.rel1-mingw-w64-x86_64-arm-none-eabi/bin/../lib/gcc/arm-none-eabi/14.2.1/thumb/v7-m/nofp/crtbegin.o
 .text.register_tm_clones
                0x080010dc       0x24 D:/01Tools/GCC-ARM-NONE-EABI/arm-gnu-toolchain-14.2.rel1-mingw-w64-x86_64-arm-none-eabi/bin/../lib/gcc/arm-none-eabi/14.2.1/thumb/v7-m/nofp/crtbegin.o
 .text.__do_global_dtors_aux
                0x08001100       0x28 D:/01Tools/GCC-ARM-NONE-EABI/arm-gnu-toolchain-14.2.rel1-mingw-w64-x86_64-arm-none-eabi/bin/../lib/gcc/arm-none-eabi/14.2.1/thumb/v7-m/nofp/crtbegin.o
 .text.frame_dummy
                0x08001128       0x24 D:/01Tools/GCC-ARM-NONE-EABI/arm-gnu-toolchain-14.2.rel1-mingw-w64-x86_64-arm-none-eabi/bin/../lib/gcc/arm-none-eabi/14.2.1/thumb/v7-m/nofp/crtbegin.o
 .text.MX_GPIO_Init
                0x0800114c       0x44 CMakeFiles/Laser_Omni.elf.dir/Core/Src/gpio.c.obj
                0x0800114c                MX_GPIO_Init
 .text.MX_I2C1_Init
                0x08001190       0x3c CMakeFiles/Laser_Omni.elf.dir/Core/Src/i2c.c.obj
                0x08001190                MX_I2C1_Init
 .text.HAL_I2C_MspInit
                0x080011cc       0x78 CMakeFiles/Laser_Omni.elf.dir/Core/Src/i2c.c.obj
                0x080011cc                HAL_I2C_MspInit
 .text.micros   0x08001244       0x34 CMakeFiles/Laser_Omni.elf.dir/Core/Src/main.c.obj
                0x08001244                micros
 .text.get_electrical_angle
                0x08001278       0x12 CMakeFiles/Laser_Omni.elf.dir/Core/Src/main.c.obj
                0x08001278                get_electrical_angle
 *fill*         0x0800128a        0x6 
 .text.normalize_angle
                0x08001290       0x48 CMakeFiles/Laser_Omni.elf.dir/Core/Src/main.c.obj
                0x08001290                normalize_angle
 .text.set_pwm  0x080012d8       0xd0 CMakeFiles/Laser_Omni.elf.dir/Core/Src/main.c.obj
                0x080012d8                set_pwm
 .text.set_phase_voltage
                0x080013a8      0x140 CMakeFiles/Laser_Omni.elf.dir/Core/Src/main.c.obj
                0x080013a8                set_phase_voltage
 .text.velocity_openloop
                0x080014e8       0x90 CMakeFiles/Laser_Omni.elf.dir/Core/Src/main.c.obj
                0x080014e8                velocity_openloop
 .text.Error_Handler
                0x08001578        0x4 CMakeFiles/Laser_Omni.elf.dir/Core/Src/main.c.obj
                0x08001578                Error_Handler
 .text.SystemClock_Config
                0x0800157c       0x64 CMakeFiles/Laser_Omni.elf.dir/Core/Src/main.c.obj
                0x0800157c                SystemClock_Config
 .text.main     0x080015e0       0x48 CMakeFiles/Laser_Omni.elf.dir/Core/Src/main.c.obj
                0x080015e0                main
 .text.HAL_MspInit
                0x08001628       0x44 CMakeFiles/Laser_Omni.elf.dir/Core/Src/stm32f1xx_hal_msp.c.obj
                0x08001628                HAL_MspInit
 .text.NMI_Handler
                0x0800166c        0x2 CMakeFiles/Laser_Omni.elf.dir/Core/Src/stm32f1xx_it.c.obj
                0x0800166c                NMI_Handler
 .text.HardFault_Handler
                0x0800166e        0x2 CMakeFiles/Laser_Omni.elf.dir/Core/Src/stm32f1xx_it.c.obj
                0x0800166e                HardFault_Handler
 .text.MemManage_Handler
                0x08001670        0x2 CMakeFiles/Laser_Omni.elf.dir/Core/Src/stm32f1xx_it.c.obj
                0x08001670                MemManage_Handler
 .text.BusFault_Handler
                0x08001672        0x2 CMakeFiles/Laser_Omni.elf.dir/Core/Src/stm32f1xx_it.c.obj
                0x08001672                BusFault_Handler
 .text.UsageFault_Handler
                0x08001674        0x2 CMakeFiles/Laser_Omni.elf.dir/Core/Src/stm32f1xx_it.c.obj
                0x08001674                UsageFault_Handler
 .text.SVC_Handler
                0x08001676        0x2 CMakeFiles/Laser_Omni.elf.dir/Core/Src/stm32f1xx_it.c.obj
                0x08001676                SVC_Handler
 .text.DebugMon_Handler
                0x08001678        0x2 CMakeFiles/Laser_Omni.elf.dir/Core/Src/stm32f1xx_it.c.obj
                0x08001678                DebugMon_Handler
 .text.PendSV_Handler
                0x0800167a        0x2 CMakeFiles/Laser_Omni.elf.dir/Core/Src/stm32f1xx_it.c.obj
                0x0800167a                PendSV_Handler
 .text.SysTick_Handler
                0x0800167c        0x8 CMakeFiles/Laser_Omni.elf.dir/Core/Src/stm32f1xx_it.c.obj
                0x0800167c                SysTick_Handler
 .text.SystemInit
                0x08001684        0x2 CMakeFiles/Laser_Omni.elf.dir/Core/Src/system_stm32f1xx.c.obj
                0x08001684                SystemInit
 *fill*         0x08001686        0x2 
 .text.HAL_TIM_Base_MspInit
                0x08001688       0x2c CMakeFiles/Laser_Omni.elf.dir/Core/Src/tim.c.obj
                0x08001688                HAL_TIM_Base_MspInit
 .text.HAL_TIM_MspPostInit
                0x080016b4       0x50 CMakeFiles/Laser_Omni.elf.dir/Core/Src/tim.c.obj
                0x080016b4                HAL_TIM_MspPostInit
 .text.MX_TIM1_Init
                0x08001704      0x10c CMakeFiles/Laser_Omni.elf.dir/Core/Src/tim.c.obj
                0x08001704                MX_TIM1_Init
 .text.MX_USART1_UART_Init
                0x08001810       0x34 CMakeFiles/Laser_Omni.elf.dir/Core/Src/usart.c.obj
                0x08001810                MX_USART1_UART_Init
 .text.MX_USART2_UART_Init
                0x08001844       0x34 CMakeFiles/Laser_Omni.elf.dir/Core/Src/usart.c.obj
                0x08001844                MX_USART2_UART_Init
 .text.HAL_UART_MspInit
                0x08001878       0xec CMakeFiles/Laser_Omni.elf.dir/Core/Src/usart.c.obj
                0x08001878                HAL_UART_MspInit
 .text.Reset_Handler
                0x08001964       0x48 CMakeFiles/Laser_Omni.elf.dir/Core/Startup/startup_stm32f103c8tx.s.obj
                0x08001964                Reset_Handler
 .text.Default_Handler
                0x080019ac        0x2 CMakeFiles/Laser_Omni.elf.dir/Core/Startup/startup_stm32f103c8tx.s.obj
                0x080019ac                RTC_Alarm_IRQHandler
                0x080019ac                EXTI2_IRQHandler
                0x080019ac                TIM1_CC_IRQHandler
                0x080019ac                PVD_IRQHandler
                0x080019ac                EXTI3_IRQHandler
                0x080019ac                EXTI0_IRQHandler
                0x080019ac                I2C2_EV_IRQHandler
                0x080019ac                ADC1_2_IRQHandler
                0x080019ac                SPI1_IRQHandler
                0x080019ac                TAMPER_IRQHandler
                0x080019ac                DMA1_Channel4_IRQHandler
                0x080019ac                USART3_IRQHandler
                0x080019ac                RTC_IRQHandler
                0x080019ac                DMA1_Channel7_IRQHandler
                0x080019ac                CAN1_RX1_IRQHandler
                0x080019ac                TIM4_IRQHandler
                0x080019ac                I2C1_EV_IRQHandler
                0x080019ac                DMA1_Channel6_IRQHandler
                0x080019ac                TIM3_IRQHandler
                0x080019ac                RCC_IRQHandler
                0x080019ac                TIM1_TRG_COM_IRQHandler
                0x080019ac                DMA1_Channel1_IRQHandler
                0x080019ac                Default_Handler
                0x080019ac                EXTI15_10_IRQHandler
                0x080019ac                EXTI9_5_IRQHandler
                0x080019ac                SPI2_IRQHandler
                0x080019ac                DMA1_Channel5_IRQHandler
                0x080019ac                EXTI4_IRQHandler
                0x080019ac                USB_LP_CAN1_RX0_IRQHandler
                0x080019ac                USB_HP_CAN1_TX_IRQHandler
                0x080019ac                DMA1_Channel3_IRQHandler
                0x080019ac                TIM1_UP_IRQHandler
                0x080019ac                WWDG_IRQHandler
                0x080019ac                TIM2_IRQHandler
                0x080019ac                TIM1_BRK_IRQHandler
                0x080019ac                EXTI1_IRQHandler
                0x080019ac                USART2_IRQHandler
                0x080019ac                I2C2_ER_IRQHandler
                0x080019ac                DMA1_Channel2_IRQHandler
                0x080019ac                CAN1_SCE_IRQHandler
                0x080019ac                FLASH_IRQHandler
                0x080019ac                USART1_IRQHandler
                0x080019ac                I2C1_ER_IRQHandler
                0x080019ac                USBWakeUp_IRQHandler
 *fill*         0x080019ae        0x2 
 .text.HAL_InitTick
                0x080019b0       0x4c CMakeFiles/Laser_Omni.elf.dir/Drivers/STM32F1xx_HAL_Driver/Src/stm32f1xx_hal.c.obj
                0x080019b0                HAL_InitTick
 .text.HAL_Init
                0x080019fc       0x24 CMakeFiles/Laser_Omni.elf.dir/Drivers/STM32F1xx_HAL_Driver/Src/stm32f1xx_hal.c.obj
                0x080019fc                HAL_Init
 .text.HAL_IncTick
                0x08001a20       0x18 CMakeFiles/Laser_Omni.elf.dir/Drivers/STM32F1xx_HAL_Driver/Src/stm32f1xx_hal.c.obj
                0x08001a20                HAL_IncTick
 .text.HAL_GetTick
                0x08001a38        0xc CMakeFiles/Laser_Omni.elf.dir/Drivers/STM32F1xx_HAL_Driver/Src/stm32f1xx_hal.c.obj
                0x08001a38                HAL_GetTick
 .text.__NVIC_SetPriority
                0x08001a44       0x28 CMakeFiles/Laser_Omni.elf.dir/Drivers/STM32F1xx_HAL_Driver/Src/stm32f1xx_hal_cortex.c.obj
 .text.NVIC_EncodePriority
                0x08001a6c       0x3e CMakeFiles/Laser_Omni.elf.dir/Drivers/STM32F1xx_HAL_Driver/Src/stm32f1xx_hal_cortex.c.obj
 *fill*         0x08001aaa        0x2 
 .text.HAL_NVIC_SetPriorityGrouping
                0x08001aac       0x24 CMakeFiles/Laser_Omni.elf.dir/Drivers/STM32F1xx_HAL_Driver/Src/stm32f1xx_hal_cortex.c.obj
                0x08001aac                HAL_NVIC_SetPriorityGrouping
 .text.HAL_NVIC_SetPriority
                0x08001ad0       0x20 CMakeFiles/Laser_Omni.elf.dir/Drivers/STM32F1xx_HAL_Driver/Src/stm32f1xx_hal_cortex.c.obj
                0x08001ad0                HAL_NVIC_SetPriority
 .text.HAL_SYSTICK_Config
                0x08001af0       0x28 CMakeFiles/Laser_Omni.elf.dir/Drivers/STM32F1xx_HAL_Driver/Src/stm32f1xx_hal_cortex.c.obj
                0x08001af0                HAL_SYSTICK_Config
 .text.HAL_GPIO_Init
                0x08001b18      0x214 CMakeFiles/Laser_Omni.elf.dir/Drivers/STM32F1xx_HAL_Driver/Src/stm32f1xx_hal_gpio.c.obj
                0x08001b18                HAL_GPIO_Init
 .text.HAL_I2C_Init
                0x08001d2c      0x1bc CMakeFiles/Laser_Omni.elf.dir/Drivers/STM32F1xx_HAL_Driver/Src/stm32f1xx_hal_i2c.c.obj
                0x08001d2c                HAL_I2C_Init
 .text.RCC_Delay
                0x08001ee8       0x2c CMakeFiles/Laser_Omni.elf.dir/Drivers/STM32F1xx_HAL_Driver/Src/stm32f1xx_hal_rcc.c.obj
 .text.HAL_RCC_OscConfig
                0x08001f14      0x410 CMakeFiles/Laser_Omni.elf.dir/Drivers/STM32F1xx_HAL_Driver/Src/stm32f1xx_hal_rcc.c.obj
                0x08001f14                HAL_RCC_OscConfig
 .text.HAL_RCC_GetSysClockFreq
                0x08002324       0x54 CMakeFiles/Laser_Omni.elf.dir/Drivers/STM32F1xx_HAL_Driver/Src/stm32f1xx_hal_rcc.c.obj
                0x08002324                HAL_RCC_GetSysClockFreq
 .text.HAL_RCC_ClockConfig
                0x08002378      0x16c CMakeFiles/Laser_Omni.elf.dir/Drivers/STM32F1xx_HAL_Driver/Src/stm32f1xx_hal_rcc.c.obj
                0x08002378                HAL_RCC_ClockConfig
 .text.HAL_RCC_GetHCLKFreq
                0x080024e4        0xc CMakeFiles/Laser_Omni.elf.dir/Drivers/STM32F1xx_HAL_Driver/Src/stm32f1xx_hal_rcc.c.obj
                0x080024e4                HAL_RCC_GetHCLKFreq
 .text.HAL_RCC_GetPCLK1Freq
                0x080024f0       0x20 CMakeFiles/Laser_Omni.elf.dir/Drivers/STM32F1xx_HAL_Driver/Src/stm32f1xx_hal_rcc.c.obj
                0x080024f0                HAL_RCC_GetPCLK1Freq
 .text.HAL_RCC_GetPCLK2Freq
                0x08002510       0x20 CMakeFiles/Laser_Omni.elf.dir/Drivers/STM32F1xx_HAL_Driver/Src/stm32f1xx_hal_rcc.c.obj
                0x08002510                HAL_RCC_GetPCLK2Freq
 .text.TIM_OC1_SetConfig
                0x08002530       0x54 CMakeFiles/Laser_Omni.elf.dir/Drivers/STM32F1xx_HAL_Driver/Src/stm32f1xx_hal_tim.c.obj
 .text.TIM_OC3_SetConfig
                0x08002584       0x5c CMakeFiles/Laser_Omni.elf.dir/Drivers/STM32F1xx_HAL_Driver/Src/stm32f1xx_hal_tim.c.obj
 .text.TIM_OC4_SetConfig
                0x080025e0       0x48 CMakeFiles/Laser_Omni.elf.dir/Drivers/STM32F1xx_HAL_Driver/Src/stm32f1xx_hal_tim.c.obj
 .text.TIM_TI1_ConfigInputStage
                0x08002628       0x24 CMakeFiles/Laser_Omni.elf.dir/Drivers/STM32F1xx_HAL_Driver/Src/stm32f1xx_hal_tim.c.obj
 .text.TIM_TI2_ConfigInputStage
                0x0800264c       0x26 CMakeFiles/Laser_Omni.elf.dir/Drivers/STM32F1xx_HAL_Driver/Src/stm32f1xx_hal_tim.c.obj
 .text.TIM_ITRx_SetConfig
                0x08002672       0x10 CMakeFiles/Laser_Omni.elf.dir/Drivers/STM32F1xx_HAL_Driver/Src/stm32f1xx_hal_tim.c.obj
 .text.HAL_TIM_PWM_MspInit
                0x08002682        0x2 CMakeFiles/Laser_Omni.elf.dir/Drivers/STM32F1xx_HAL_Driver/Src/stm32f1xx_hal_tim.c.obj
                0x08002682                HAL_TIM_PWM_MspInit
 .text.TIM_Base_SetConfig
                0x08002684       0x84 CMakeFiles/Laser_Omni.elf.dir/Drivers/STM32F1xx_HAL_Driver/Src/stm32f1xx_hal_tim.c.obj
                0x08002684                TIM_Base_SetConfig
 .text.HAL_TIM_Base_Init
                0x08002708       0x58 CMakeFiles/Laser_Omni.elf.dir/Drivers/STM32F1xx_HAL_Driver/Src/stm32f1xx_hal_tim.c.obj
                0x08002708                HAL_TIM_Base_Init
 .text.HAL_TIM_PWM_Init
                0x08002760       0x58 CMakeFiles/Laser_Omni.elf.dir/Drivers/STM32F1xx_HAL_Driver/Src/stm32f1xx_hal_tim.c.obj
                0x08002760                HAL_TIM_PWM_Init
 .text.TIM_OC2_SetConfig
                0x080027b8       0x5c CMakeFiles/Laser_Omni.elf.dir/Drivers/STM32F1xx_HAL_Driver/Src/stm32f1xx_hal_tim.c.obj
                0x080027b8                TIM_OC2_SetConfig
 .text.HAL_TIM_PWM_ConfigChannel
                0x08002814       0xdc CMakeFiles/Laser_Omni.elf.dir/Drivers/STM32F1xx_HAL_Driver/Src/stm32f1xx_hal_tim.c.obj
                0x08002814                HAL_TIM_PWM_ConfigChannel
 .text.TIM_ETR_SetConfig
                0x080028f0       0x18 CMakeFiles/Laser_Omni.elf.dir/Drivers/STM32F1xx_HAL_Driver/Src/stm32f1xx_hal_tim.c.obj
                0x080028f0                TIM_ETR_SetConfig
 .text.HAL_TIM_ConfigClockSource
                0x08002908       0xfe CMakeFiles/Laser_Omni.elf.dir/Drivers/STM32F1xx_HAL_Driver/Src/stm32f1xx_hal_tim.c.obj
                0x08002908                HAL_TIM_ConfigClockSource
 .text.TIM_CCxChannelCmd
                0x08002a06       0x1e CMakeFiles/Laser_Omni.elf.dir/Drivers/STM32F1xx_HAL_Driver/Src/stm32f1xx_hal_tim.c.obj
                0x08002a06                TIM_CCxChannelCmd
 .text.HAL_TIM_PWM_Start
                0x08002a24       0xd4 CMakeFiles/Laser_Omni.elf.dir/Drivers/STM32F1xx_HAL_Driver/Src/stm32f1xx_hal_tim.c.obj
                0x08002a24                HAL_TIM_PWM_Start
 .text.HAL_TIMEx_MasterConfigSynchronization
                0x08002af8       0x6c CMakeFiles/Laser_Omni.elf.dir/Drivers/STM32F1xx_HAL_Driver/Src/stm32f1xx_hal_tim_ex.c.obj
                0x08002af8                HAL_TIMEx_MasterConfigSynchronization
 .text.HAL_TIMEx_ConfigBreakDeadTime
                0x08002b64       0x52 CMakeFiles/Laser_Omni.elf.dir/Drivers/STM32F1xx_HAL_Driver/Src/stm32f1xx_hal_tim_ex.c.obj
                0x08002b64                HAL_TIMEx_ConfigBreakDeadTime
 *fill*         0x08002bb6        0x2 
 .text.UART_SetConfig
                0x08002bb8       0x94 CMakeFiles/Laser_Omni.elf.dir/Drivers/STM32F1xx_HAL_Driver/Src/stm32f1xx_hal_uart.c.obj
 .text.HAL_UART_Init
                0x08002c4c       0x60 CMakeFiles/Laser_Omni.elf.dir/Drivers/STM32F1xx_HAL_Driver/Src/stm32f1xx_hal_uart.c.obj
                0x08002c4c                HAL_UART_Init
 .text.memset   0x08002cac       0x9c D:/01Tools/GCC-ARM-NONE-EABI/arm-gnu-toolchain-14.2.rel1-mingw-w64-x86_64-arm-none-eabi/bin/../lib/gcc/arm-none-eabi/14.2.1/thumb/v7-m/nofp\libg.a(libc_a-memset.o)
                0x08002cac                memset
 .text.__errno  0x08002d48        0xc D:/01Tools/GCC-ARM-NONE-EABI/arm-gnu-toolchain-14.2.rel1-mingw-w64-x86_64-arm-none-eabi/bin/../lib/gcc/arm-none-eabi/14.2.1/thumb/v7-m/nofp\libg.a(libc_a-errno.o)
                0x08002d48                __errno
 .text.__libc_init_array
                0x08002d54       0x50 D:/01Tools/GCC-ARM-NONE-EABI/arm-gnu-toolchain-14.2.rel1-mingw-w64-x86_64-arm-none-eabi/bin/../lib/gcc/arm-none-eabi/14.2.1/thumb/v7-m/nofp\libg.a(libc_a-init.o)
                0x08002d54                __libc_init_array
 .text.__retarget_lock_acquire_recursive
                0x08002da4        0x4 D:/01Tools/GCC-ARM-NONE-EABI/arm-gnu-toolchain-14.2.rel1-mingw-w64-x86_64-arm-none-eabi/bin/../lib/gcc/arm-none-eabi/14.2.1/thumb/v7-m/nofp\libg.a(libc_a-lock.o)
                0x08002da4                __retarget_lock_acquire_recursive
 .text.__retarget_lock_release_recursive
                0x08002da8        0x4 D:/01Tools/GCC-ARM-NONE-EABI/arm-gnu-toolchain-14.2.rel1-mingw-w64-x86_64-arm-none-eabi/bin/../lib/gcc/arm-none-eabi/14.2.1/thumb/v7-m/nofp\libg.a(libc_a-lock.o)
                0x08002da8                __retarget_lock_release_recursive
 .text.startup.register_fini
                0x08002dac       0x14 D:/01Tools/GCC-ARM-NONE-EABI/arm-gnu-toolchain-14.2.rel1-mingw-w64-x86_64-arm-none-eabi/bin/../lib/gcc/arm-none-eabi/14.2.1/thumb/v7-m/nofp\libg.a(libc_a-__call_atexit.o)
 .text.atexit   0x08002dc0        0xc D:/01Tools/GCC-ARM-NONE-EABI/arm-gnu-toolchain-14.2.rel1-mingw-w64-x86_64-arm-none-eabi/bin/../lib/gcc/arm-none-eabi/14.2.1/thumb/v7-m/nofp\libg.a(libc_a-atexit.o)
                0x08002dc0                atexit
 .text.__libc_fini_array
                0x08002dcc       0x28 D:/01Tools/GCC-ARM-NONE-EABI/arm-gnu-toolchain-14.2.rel1-mingw-w64-x86_64-arm-none-eabi/bin/../lib/gcc/arm-none-eabi/14.2.1/thumb/v7-m/nofp\libg.a(libc_a-fini.o)
                0x08002dcc                __libc_fini_array
 .text.__register_exitproc
                0x08002df4       0x80 D:/01Tools/GCC-ARM-NONE-EABI/arm-gnu-toolchain-14.2.rel1-mingw-w64-x86_64-arm-none-eabi/bin/../lib/gcc/arm-none-eabi/14.2.1/thumb/v7-m/nofp\libg.a(libc_a-__atexit.o)
                0x08002df4                __register_exitproc
 .text.fmod     0x08002e74       0x58 D:/01Tools/GCC-ARM-NONE-EABI/arm-gnu-toolchain-14.2.rel1-mingw-w64-x86_64-arm-none-eabi/bin/../lib/gcc/arm-none-eabi/14.2.1/thumb/v7-m/nofp\libm.a(libm_a-w_fmod.o)
                0x08002e74                fmod
 .text.cos      0x08002ecc       0x74 D:/01Tools/GCC-ARM-NONE-EABI/arm-gnu-toolchain-14.2.rel1-mingw-w64-x86_64-arm-none-eabi/bin/../lib/gcc/arm-none-eabi/14.2.1/thumb/v7-m/nofp\libm.a(libm_a-s_cos.o)
                0x08002ecc                cos
 .text.sin      0x08002f40       0x8c D:/01Tools/GCC-ARM-NONE-EABI/arm-gnu-toolchain-14.2.rel1-mingw-w64-x86_64-arm-none-eabi/bin/../lib/gcc/arm-none-eabi/14.2.1/thumb/v7-m/nofp\libm.a(libm_a-s_sin.o)
                0x08002f40                sin
 *fill*         0x08002fcc        0x4 
 .text.__kernel_cos
                0x08002fd0      0x250 D:/01Tools/GCC-ARM-NONE-EABI/arm-gnu-toolchain-14.2.rel1-mingw-w64-x86_64-arm-none-eabi/bin/../lib/gcc/arm-none-eabi/14.2.1/thumb/v7-m/nofp\libm.a(libm_a-k_cos.o)
                0x08002fd0                __kernel_cos
 .text.__kernel_sin
                0x08003220      0x16c D:/01Tools/GCC-ARM-NONE-EABI/arm-gnu-toolchain-14.2.rel1-mingw-w64-x86_64-arm-none-eabi/bin/../lib/gcc/arm-none-eabi/14.2.1/thumb/v7-m/nofp\libm.a(libm_a-k_sin.o)
                0x08003220                __kernel_sin
 .text.__ieee754_fmod
                0x0800338c      0x38c D:/01Tools/GCC-ARM-NONE-EABI/arm-gnu-toolchain-14.2.rel1-mingw-w64-x86_64-arm-none-eabi/bin/../lib/gcc/arm-none-eabi/14.2.1/thumb/v7-m/nofp\libm.a(libm_a-e_fmod.o)
                0x0800338c                __ieee754_fmod
 .text.__ieee754_rem_pio2
                0x08003718      0x40c D:/01Tools/GCC-ARM-NONE-EABI/arm-gnu-toolchain-14.2.rel1-mingw-w64-x86_64-arm-none-eabi/bin/../lib/gcc/arm-none-eabi/14.2.1/thumb/v7-m/nofp\libm.a(libm_a-e_rem_pio2.o)
                0x08003718                __ieee754_rem_pio2
 .text.fabs     0x08003b24        0x8 D:/01Tools/GCC-ARM-NONE-EABI/arm-gnu-toolchain-14.2.rel1-mingw-w64-x86_64-arm-none-eabi/bin/../lib/gcc/arm-none-eabi/14.2.1/thumb/v7-m/nofp\libm.a(libm_a-s_fabs.o)
                0x08003b24                fabs
 .text.__kernel_rem_pio2
                0x08003b2c      0x868 D:/01Tools/GCC-ARM-NONE-EABI/arm-gnu-toolchain-14.2.rel1-mingw-w64-x86_64-arm-none-eabi/bin/../lib/gcc/arm-none-eabi/14.2.1/thumb/v7-m/nofp\libm.a(libm_a-k_rem_pio2.o)
                0x08003b2c                __kernel_rem_pio2
 *fill*         0x08004394        0x4 
 .text.scalbn   0x08004398       0xfc D:/01Tools/GCC-ARM-NONE-EABI/arm-gnu-toolchain-14.2.rel1-mingw-w64-x86_64-arm-none-eabi/bin/../lib/gcc/arm-none-eabi/14.2.1/thumb/v7-m/nofp\libm.a(libm_a-s_scalbn.o)
                0x08004398                scalbn
 *fill*         0x08004494        0x4 
 .text.floor    0x08004498      0x108 D:/01Tools/GCC-ARM-NONE-EABI/arm-gnu-toolchain-14.2.rel1-mingw-w64-x86_64-arm-none-eabi/bin/../lib/gcc/arm-none-eabi/14.2.1/thumb/v7-m/nofp\libm.a(libm_a-s_floor.o)
                0x08004498                floor
 *(.glue_7)
 .glue_7        0x080045a0        0x0 linker stubs
 *(.glue_7t)
 .glue_7t       0x080045a0        0x0 linker stubs
 *(.eh_frame)
 .eh_frame      0x080045a0        0x0 D:/01Tools/GCC-ARM-NONE-EABI/arm-gnu-toolchain-14.2.rel1-mingw-w64-x86_64-arm-none-eabi/bin/../lib/gcc/arm-none-eabi/14.2.1/thumb/v7-m/nofp/crtbegin.o
 *(.init)
 .init          0x080045a0        0x4 D:/01Tools/GCC-ARM-NONE-EABI/arm-gnu-toolchain-14.2.rel1-mingw-w64-x86_64-arm-none-eabi/bin/../lib/gcc/arm-none-eabi/14.2.1/thumb/v7-m/nofp/crti.o
                0x080045a0                _init
 .init          0x080045a4        0x8 D:/01Tools/GCC-ARM-NONE-EABI/arm-gnu-toolchain-14.2.rel1-mingw-w64-x86_64-arm-none-eabi/bin/../lib/gcc/arm-none-eabi/14.2.1/thumb/v7-m/nofp/crtn.o
 *(.fini)
 .fini          0x080045ac        0x4 D:/01Tools/GCC-ARM-NONE-EABI/arm-gnu-toolchain-14.2.rel1-mingw-w64-x86_64-arm-none-eabi/bin/../lib/gcc/arm-none-eabi/14.2.1/thumb/v7-m/nofp/crti.o
                0x080045ac                _fini
 .fini          0x080045b0        0x8 D:/01Tools/GCC-ARM-NONE-EABI/arm-gnu-toolchain-14.2.rel1-mingw-w64-x86_64-arm-none-eabi/bin/../lib/gcc/arm-none-eabi/14.2.1/thumb/v7-m/nofp/crtn.o
                0x080045b8                        . = ALIGN (0x4)
                0x080045b8                        _etext = .

.vfp11_veneer   0x080045b8        0x0
 .vfp11_veneer  0x080045b8        0x0 linker stubs

.v4_bx          0x080045b8        0x0
 .v4_bx         0x080045b8        0x0 linker stubs

.iplt           0x080045b8        0x0
 .iplt          0x080045b8        0x0 D:/01Tools/GCC-ARM-NONE-EABI/arm-gnu-toolchain-14.2.rel1-mingw-w64-x86_64-arm-none-eabi/bin/../lib/gcc/arm-none-eabi/14.2.1/thumb/v7-m/nofp/crtbegin.o

.rodata         0x080045b8      0x218
                0x080045b8                        . = ALIGN (0x4)
 *(.rodata)
 *(.rodata*)
 .rodata.APBPrescTable
                0x080045b8        0x8 CMakeFiles/Laser_Omni.elf.dir/Core/Src/system_stm32f1xx.c.obj
                0x080045b8                APBPrescTable
 .rodata.AHBPrescTable
                0x080045c0       0x10 CMakeFiles/Laser_Omni.elf.dir/Core/Src/system_stm32f1xx.c.obj
                0x080045c0                AHBPrescTable
 .rodata.aPredivFactorTable.0
                0x080045d0        0x2 CMakeFiles/Laser_Omni.elf.dir/Drivers/STM32F1xx_HAL_Driver/Src/stm32f1xx_hal_rcc.c.obj
 *fill*         0x080045d2        0x2 
 .rodata.aPLLMULFactorTable.1
                0x080045d4       0x10 CMakeFiles/Laser_Omni.elf.dir/Drivers/STM32F1xx_HAL_Driver/Src/stm32f1xx_hal_rcc.c.obj
 *fill*         0x080045e4        0x4 
 .rodata.Zero   0x080045e8       0x10 D:/01Tools/GCC-ARM-NONE-EABI/arm-gnu-toolchain-14.2.rel1-mingw-w64-x86_64-arm-none-eabi/bin/../lib/gcc/arm-none-eabi/14.2.1/thumb/v7-m/nofp\libm.a(libm_a-e_fmod.o)
 .rodata.npio2_hw
                0x080045f8       0x80 D:/01Tools/GCC-ARM-NONE-EABI/arm-gnu-toolchain-14.2.rel1-mingw-w64-x86_64-arm-none-eabi/bin/../lib/gcc/arm-none-eabi/14.2.1/thumb/v7-m/nofp\libm.a(libm_a-e_rem_pio2.o)
 .rodata.two_over_pi
                0x08004678      0x108 D:/01Tools/GCC-ARM-NONE-EABI/arm-gnu-toolchain-14.2.rel1-mingw-w64-x86_64-arm-none-eabi/bin/../lib/gcc/arm-none-eabi/14.2.1/thumb/v7-m/nofp\libm.a(libm_a-e_rem_pio2.o)
 .rodata.PIo2   0x08004780       0x40 D:/01Tools/GCC-ARM-NONE-EABI/arm-gnu-toolchain-14.2.rel1-mingw-w64-x86_64-arm-none-eabi/bin/../lib/gcc/arm-none-eabi/14.2.1/thumb/v7-m/nofp\libm.a(libm_a-k_rem_pio2.o)
 .rodata.init_jk
                0x080047c0       0x10 D:/01Tools/GCC-ARM-NONE-EABI/arm-gnu-toolchain-14.2.rel1-mingw-w64-x86_64-arm-none-eabi/bin/../lib/gcc/arm-none-eabi/14.2.1/thumb/v7-m/nofp\libm.a(libm_a-k_rem_pio2.o)
                0x080047d0                        . = ALIGN (0x4)

.ARM.extab      0x080047d0        0x0
                0x080047d0                        . = ALIGN (0x4)
 *(.ARM.extab* .gnu.linkonce.armextab.*)
                0x080047d0                        . = ALIGN (0x4)

.ARM            0x080047d0        0x0
                0x080047d0                        . = ALIGN (0x4)
                0x080047d0                        __exidx_start = .
 *(.ARM.exidx*)
                0x080047d0                        __exidx_end = .
                0x080047d0                        . = ALIGN (0x4)

.preinit_array  0x080047d0        0x0
                0x080047d0                        . = ALIGN (0x4)
                0x080047d0                        PROVIDE (__preinit_array_start = .)
 *(.preinit_array*)
                0x080047d0                        PROVIDE (__preinit_array_end = .)
                0x080047d0                        . = ALIGN (0x4)

.init_array     0x080047d0        0x8
                0x080047d0                        . = ALIGN (0x4)
                0x080047d0                        PROVIDE (__init_array_start = .)
 *(SORT_BY_NAME(.init_array.*))
 .init_array.00000
                0x080047d0        0x4 D:/01Tools/GCC-ARM-NONE-EABI/arm-gnu-toolchain-14.2.rel1-mingw-w64-x86_64-arm-none-eabi/bin/../lib/gcc/arm-none-eabi/14.2.1/thumb/v7-m/nofp\libg.a(libc_a-__call_atexit.o)
 *(.init_array*)
 .init_array    0x080047d4        0x4 D:/01Tools/GCC-ARM-NONE-EABI/arm-gnu-toolchain-14.2.rel1-mingw-w64-x86_64-arm-none-eabi/bin/../lib/gcc/arm-none-eabi/14.2.1/thumb/v7-m/nofp/crtbegin.o
                0x080047d8                        PROVIDE (__init_array_end = .)
                0x080047d8                        . = ALIGN (0x4)

.fini_array     0x080047d8        0x4
                0x080047d8                        . = ALIGN (0x4)
                0x080047d8                        PROVIDE (__fini_array_start = .)
 *(SORT_BY_NAME(.fini_array.*))
 *(.fini_array*)
 .fini_array    0x080047d8        0x4 D:/01Tools/GCC-ARM-NONE-EABI/arm-gnu-toolchain-14.2.rel1-mingw-w64-x86_64-arm-none-eabi/bin/../lib/gcc/arm-none-eabi/14.2.1/thumb/v7-m/nofp/crtbegin.o
                0x080047dc                        PROVIDE (__fini_array_end = .)
                0x080047dc                        . = ALIGN (0x4)
                0x080047dc                        _sidata = LOADADDR (.data)

.rel.dyn        0x080047dc        0x0
 .rel.iplt      0x080047dc        0x0 D:/01Tools/GCC-ARM-NONE-EABI/arm-gnu-toolchain-14.2.rel1-mingw-w64-x86_64-arm-none-eabi/bin/../lib/gcc/arm-none-eabi/14.2.1/thumb/v7-m/nofp/crtbegin.o

.data           0x20000000      0x15c load address 0x080047dc
                0x20000000                        . = ALIGN (0x4)
                0x20000000                        _sdata = .
 *(.data)
 *(.data*)
 .data.voltage_power_supply
                0x20000000        0x4 CMakeFiles/Laser_Omni.elf.dir/Core/Src/main.c.obj
                0x20000000                voltage_power_supply
 .data.SystemCoreClock
                0x20000004        0x4 CMakeFiles/Laser_Omni.elf.dir/Core/Src/system_stm32f1xx.c.obj
                0x20000004                SystemCoreClock
 .data.uwTickFreq
                0x20000008        0x1 CMakeFiles/Laser_Omni.elf.dir/Drivers/STM32F1xx_HAL_Driver/Src/stm32f1xx_hal.c.obj
                0x20000008                uwTickFreq
 *fill*         0x20000009        0x3 
 .data.uwTickPrio
                0x2000000c        0x4 CMakeFiles/Laser_Omni.elf.dir/Drivers/STM32F1xx_HAL_Driver/Src/stm32f1xx_hal.c.obj
                0x2000000c                uwTickPrio
 .data._impure_ptr
                0x20000010        0x4 D:/01Tools/GCC-ARM-NONE-EABI/arm-gnu-toolchain-14.2.rel1-mingw-w64-x86_64-arm-none-eabi/bin/../lib/gcc/arm-none-eabi/14.2.1/thumb/v7-m/nofp\libg.a(libc_a-impure.o)
                0x20000010                _impure_ptr
 *fill*         0x20000014        0x4 
 .data._impure_data
                0x20000018      0x140 D:/01Tools/GCC-ARM-NONE-EABI/arm-gnu-toolchain-14.2.rel1-mingw-w64-x86_64-arm-none-eabi/bin/../lib/gcc/arm-none-eabi/14.2.1/thumb/v7-m/nofp\libg.a(libc_a-impure.o)
                0x20000018                _impure_data
 .data.__atexit_recursive_mutex
                0x20000158        0x4 D:/01Tools/GCC-ARM-NONE-EABI/arm-gnu-toolchain-14.2.rel1-mingw-w64-x86_64-arm-none-eabi/bin/../lib/gcc/arm-none-eabi/14.2.1/thumb/v7-m/nofp\libg.a(libc_a-__call_atexit.o)
                0x20000158                __atexit_recursive_mutex
 *(.RamFunc)
 *(.RamFunc*)
                0x2000015c                        . = ALIGN (0x4)
                0x2000015c                        _edata = .

.tm_clone_table
                0x2000015c        0x0 load address 0x08004938
 .tm_clone_table
                0x2000015c        0x0 D:/01Tools/GCC-ARM-NONE-EABI/arm-gnu-toolchain-14.2.rel1-mingw-w64-x86_64-arm-none-eabi/bin/../lib/gcc/arm-none-eabi/14.2.1/thumb/v7-m/nofp/crtbegin.o
 .tm_clone_table
                0x2000015c        0x0 D:/01Tools/GCC-ARM-NONE-EABI/arm-gnu-toolchain-14.2.rel1-mingw-w64-x86_64-arm-none-eabi/bin/../lib/gcc/arm-none-eabi/14.2.1/thumb/v7-m/nofp/crtend.o

.igot.plt       0x2000015c        0x0 load address 0x08004938
 .igot.plt      0x2000015c        0x0 D:/01Tools/GCC-ARM-NONE-EABI/arm-gnu-toolchain-14.2.rel1-mingw-w64-x86_64-arm-none-eabi/bin/../lib/gcc/arm-none-eabi/14.2.1/thumb/v7-m/nofp/crtbegin.o
                0x2000015c                        . = ALIGN (0x4)

.bss            0x2000015c      0x448 load address 0x08004938
                0x2000015c                        _sbss = .
                0x2000015c                        __bss_start__ = _sbss
 *(.bss)
 *(.bss*)
 .bss.completed.1
                0x2000015c        0x1 D:/01Tools/GCC-ARM-NONE-EABI/arm-gnu-toolchain-14.2.rel1-mingw-w64-x86_64-arm-none-eabi/bin/../lib/gcc/arm-none-eabi/14.2.1/thumb/v7-m/nofp/crtbegin.o
 *fill*         0x2000015d        0x3 
 .bss.object.0  0x20000160       0x18 D:/01Tools/GCC-ARM-NONE-EABI/arm-gnu-toolchain-14.2.rel1-mingw-w64-x86_64-arm-none-eabi/bin/../lib/gcc/arm-none-eabi/14.2.1/thumb/v7-m/nofp/crtbegin.o
 .bss.hi2c1     0x20000178       0x54 CMakeFiles/Laser_Omni.elf.dir/Core/Src/i2c.c.obj
                0x20000178                hi2c1
 .bss.dc_c      0x200001cc        0x4 CMakeFiles/Laser_Omni.elf.dir/Core/Src/main.c.obj
                0x200001cc                dc_c
 .bss.dc_b      0x200001d0        0x4 CMakeFiles/Laser_Omni.elf.dir/Core/Src/main.c.obj
                0x200001d0                dc_b
 .bss.dc_a      0x200001d4        0x4 CMakeFiles/Laser_Omni.elf.dir/Core/Src/main.c.obj
                0x200001d4                dc_a
 .bss.Uc        0x200001d8        0x4 CMakeFiles/Laser_Omni.elf.dir/Core/Src/main.c.obj
                0x200001d8                Uc
 .bss.Ub        0x200001dc        0x4 CMakeFiles/Laser_Omni.elf.dir/Core/Src/main.c.obj
                0x200001dc                Ub
 .bss.Ua        0x200001e0        0x4 CMakeFiles/Laser_Omni.elf.dir/Core/Src/main.c.obj
                0x200001e0                Ua
 .bss.Ubeta     0x200001e4        0x4 CMakeFiles/Laser_Omni.elf.dir/Core/Src/main.c.obj
                0x200001e4                Ubeta
 .bss.Ualpha    0x200001e8        0x4 CMakeFiles/Laser_Omni.elf.dir/Core/Src/main.c.obj
                0x200001e8                Ualpha
 .bss.zero_electric_angle
                0x200001ec        0x4 CMakeFiles/Laser_Omni.elf.dir/Core/Src/main.c.obj
                0x200001ec                zero_electric_angle
 .bss.open_loop_timestamp
                0x200001f0        0x4 CMakeFiles/Laser_Omni.elf.dir/Core/Src/main.c.obj
                0x200001f0                open_loop_timestamp
 .bss.shaft_angle
                0x200001f4        0x4 CMakeFiles/Laser_Omni.elf.dir/Core/Src/main.c.obj
                0x200001f4                shaft_angle
 .bss.htim1     0x200001f8       0x48 CMakeFiles/Laser_Omni.elf.dir/Core/Src/tim.c.obj
                0x200001f8                htim1
 .bss.huart2    0x20000240       0x48 CMakeFiles/Laser_Omni.elf.dir/Core/Src/usart.c.obj
                0x20000240                huart2
 .bss.huart1    0x20000288       0x48 CMakeFiles/Laser_Omni.elf.dir/Core/Src/usart.c.obj
                0x20000288                huart1
 .bss.uwTick    0x200002d0        0x4 CMakeFiles/Laser_Omni.elf.dir/Drivers/STM32F1xx_HAL_Driver/Src/stm32f1xx_hal.c.obj
                0x200002d0                uwTick
 .bss.__sf      0x200002d4      0x138 D:/01Tools/GCC-ARM-NONE-EABI/arm-gnu-toolchain-14.2.rel1-mingw-w64-x86_64-arm-none-eabi/bin/../lib/gcc/arm-none-eabi/14.2.1/thumb/v7-m/nofp\libg.a(libc_a-findfp.o)
                0x200002d4                __sf
 .bss.__lock___atexit_recursive_mutex
                0x2000040c        0x1 D:/01Tools/GCC-ARM-NONE-EABI/arm-gnu-toolchain-14.2.rel1-mingw-w64-x86_64-arm-none-eabi/bin/../lib/gcc/arm-none-eabi/14.2.1/thumb/v7-m/nofp\libg.a(libc_a-lock.o)
                0x2000040c                __lock___atexit_recursive_mutex
 *fill*         0x2000040d        0x3 
 .bss.__atexit  0x20000410        0x4 D:/01Tools/GCC-ARM-NONE-EABI/arm-gnu-toolchain-14.2.rel1-mingw-w64-x86_64-arm-none-eabi/bin/../lib/gcc/arm-none-eabi/14.2.1/thumb/v7-m/nofp\libg.a(libc_a-__call_atexit.o)
                0x20000410                __atexit
 .bss.__atexit0
                0x20000414      0x190 D:/01Tools/GCC-ARM-NONE-EABI/arm-gnu-toolchain-14.2.rel1-mingw-w64-x86_64-arm-none-eabi/bin/../lib/gcc/arm-none-eabi/14.2.1/thumb/v7-m/nofp\libg.a(libc_a-__atexit.o)
                0x20000414                __atexit0
 *(COMMON)
                0x200005a4                        . = ALIGN (0x4)
                0x200005a4                        _ebss = .
                0x200005a4                        __bss_end__ = _ebss

._user_heap_stack
                0x200005a4      0x604 load address 0x08004938
                0x200005a8                        . = ALIGN (0x8)
 *fill*         0x200005a4        0x4 
                [!provide]                        PROVIDE (end = .)
                0x200005a8                        PROVIDE (_end = .)
                0x200007a8                        . = (. + _Min_Heap_Size)
 *fill*         0x200005a8      0x200 
                0x20000ba8                        . = (. + _Min_Stack_Size)
 *fill*         0x200007a8      0x400 
                0x20000ba8                        . = ALIGN (0x8)

/DISCARD/
 libc.a(*)
 libm.a(*)
 libgcc.a(*)

.ARM.attributes
                0x00000000       0x29
 *(.ARM.attributes)
 .ARM.attributes
                0x00000000       0x1d D:/01Tools/GCC-ARM-NONE-EABI/arm-gnu-toolchain-14.2.rel1-mingw-w64-x86_64-arm-none-eabi/bin/../lib/gcc/arm-none-eabi/14.2.1/thumb/v7-m/nofp/crti.o
 .ARM.attributes
                0x0000001d       0x2d D:/01Tools/GCC-ARM-NONE-EABI/arm-gnu-toolchain-14.2.rel1-mingw-w64-x86_64-arm-none-eabi/bin/../lib/gcc/arm-none-eabi/14.2.1/thumb/v7-m/nofp/crtbegin.o
 .ARM.attributes
                0x0000004a       0x2d CMakeFiles/Laser_Omni.elf.dir/Core/Src/gpio.c.obj
 .ARM.attributes
                0x00000077       0x2d CMakeFiles/Laser_Omni.elf.dir/Core/Src/i2c.c.obj
 .ARM.attributes
                0x000000a4       0x2d CMakeFiles/Laser_Omni.elf.dir/Core/Src/main.c.obj
 .ARM.attributes
                0x000000d1       0x2d CMakeFiles/Laser_Omni.elf.dir/Core/Src/stm32f1xx_hal_msp.c.obj
 .ARM.attributes
                0x000000fe       0x2d CMakeFiles/Laser_Omni.elf.dir/Core/Src/stm32f1xx_it.c.obj
 .ARM.attributes
                0x0000012b       0x2d CMakeFiles/Laser_Omni.elf.dir/Core/Src/system_stm32f1xx.c.obj
 .ARM.attributes
                0x00000158       0x2d CMakeFiles/Laser_Omni.elf.dir/Core/Src/tim.c.obj
 .ARM.attributes
                0x00000185       0x2d CMakeFiles/Laser_Omni.elf.dir/Core/Src/usart.c.obj
 .ARM.attributes
                0x000001b2       0x21 CMakeFiles/Laser_Omni.elf.dir/Core/Startup/startup_stm32f103c8tx.s.obj
 .ARM.attributes
                0x000001d3       0x2d CMakeFiles/Laser_Omni.elf.dir/Drivers/STM32F1xx_HAL_Driver/Src/stm32f1xx_hal.c.obj
 .ARM.attributes
                0x00000200       0x2d CMakeFiles/Laser_Omni.elf.dir/Drivers/STM32F1xx_HAL_Driver/Src/stm32f1xx_hal_cortex.c.obj
 .ARM.attributes
                0x0000022d       0x2d CMakeFiles/Laser_Omni.elf.dir/Drivers/STM32F1xx_HAL_Driver/Src/stm32f1xx_hal_gpio.c.obj
 .ARM.attributes
                0x0000025a       0x2d CMakeFiles/Laser_Omni.elf.dir/Drivers/STM32F1xx_HAL_Driver/Src/stm32f1xx_hal_i2c.c.obj
 .ARM.attributes
                0x00000287       0x2d CMakeFiles/Laser_Omni.elf.dir/Drivers/STM32F1xx_HAL_Driver/Src/stm32f1xx_hal_rcc.c.obj
 .ARM.attributes
                0x000002b4       0x2d CMakeFiles/Laser_Omni.elf.dir/Drivers/STM32F1xx_HAL_Driver/Src/stm32f1xx_hal_tim.c.obj
 .ARM.attributes
                0x000002e1       0x2d CMakeFiles/Laser_Omni.elf.dir/Drivers/STM32F1xx_HAL_Driver/Src/stm32f1xx_hal_tim_ex.c.obj
 .ARM.attributes
                0x0000030e       0x2d CMakeFiles/Laser_Omni.elf.dir/Drivers/STM32F1xx_HAL_Driver/Src/stm32f1xx_hal_uart.c.obj
 .ARM.attributes
                0x0000033b       0x1d D:/01Tools/GCC-ARM-NONE-EABI/arm-gnu-toolchain-14.2.rel1-mingw-w64-x86_64-arm-none-eabi/bin/../lib/gcc/arm-none-eabi/14.2.1/thumb/v7-m/nofp\libgcc.a(_arm_addsubdf3.o)
 .ARM.attributes
                0x00000358       0x1d D:/01Tools/GCC-ARM-NONE-EABI/arm-gnu-toolchain-14.2.rel1-mingw-w64-x86_64-arm-none-eabi/bin/../lib/gcc/arm-none-eabi/14.2.1/thumb/v7-m/nofp\libgcc.a(_arm_cmpdf2.o)
 .ARM.attributes
                0x00000375       0x1d D:/01Tools/GCC-ARM-NONE-EABI/arm-gnu-toolchain-14.2.rel1-mingw-w64-x86_64-arm-none-eabi/bin/../lib/gcc/arm-none-eabi/14.2.1/thumb/v7-m/nofp\libgcc.a(_arm_truncdfsf2.o)
 .ARM.attributes
                0x00000392       0x1d D:/01Tools/GCC-ARM-NONE-EABI/arm-gnu-toolchain-14.2.rel1-mingw-w64-x86_64-arm-none-eabi/bin/../lib/gcc/arm-none-eabi/14.2.1/thumb/v7-m/nofp\libgcc.a(_arm_addsubsf3.o)
 .ARM.attributes
                0x000003af       0x1d D:/01Tools/GCC-ARM-NONE-EABI/arm-gnu-toolchain-14.2.rel1-mingw-w64-x86_64-arm-none-eabi/bin/../lib/gcc/arm-none-eabi/14.2.1/thumb/v7-m/nofp\libgcc.a(_arm_muldivsf3.o)
 .ARM.attributes
                0x000003cc       0x1d D:/01Tools/GCC-ARM-NONE-EABI/arm-gnu-toolchain-14.2.rel1-mingw-w64-x86_64-arm-none-eabi/bin/../lib/gcc/arm-none-eabi/14.2.1/thumb/v7-m/nofp\libgcc.a(_arm_cmpsf2.o)
 .ARM.attributes
                0x000003e9       0x1d D:/01Tools/GCC-ARM-NONE-EABI/arm-gnu-toolchain-14.2.rel1-mingw-w64-x86_64-arm-none-eabi/bin/../lib/gcc/arm-none-eabi/14.2.1/thumb/v7-m/nofp\libgcc.a(_arm_fixunssfsi.o)
 .ARM.attributes
                0x00000406       0x2d D:/01Tools/GCC-ARM-NONE-EABI/arm-gnu-toolchain-14.2.rel1-mingw-w64-x86_64-arm-none-eabi/bin/../lib/gcc/arm-none-eabi/14.2.1/thumb/v7-m/nofp\libg.a(libc_a-findfp.o)
 .ARM.attributes
                0x00000433       0x2d D:/01Tools/GCC-ARM-NONE-EABI/arm-gnu-toolchain-14.2.rel1-mingw-w64-x86_64-arm-none-eabi/bin/../lib/gcc/arm-none-eabi/14.2.1/thumb/v7-m/nofp\libg.a(libc_a-memset.o)
 .ARM.attributes
                0x00000460       0x2d D:/01Tools/GCC-ARM-NONE-EABI/arm-gnu-toolchain-14.2.rel1-mingw-w64-x86_64-arm-none-eabi/bin/../lib/gcc/arm-none-eabi/14.2.1/thumb/v7-m/nofp\libg.a(libc_a-impure.o)
 .ARM.attributes
                0x0000048d       0x2d D:/01Tools/GCC-ARM-NONE-EABI/arm-gnu-toolchain-14.2.rel1-mingw-w64-x86_64-arm-none-eabi/bin/../lib/gcc/arm-none-eabi/14.2.1/thumb/v7-m/nofp\libg.a(libc_a-errno.o)
 .ARM.attributes
                0x000004ba       0x2d D:/01Tools/GCC-ARM-NONE-EABI/arm-gnu-toolchain-14.2.rel1-mingw-w64-x86_64-arm-none-eabi/bin/../lib/gcc/arm-none-eabi/14.2.1/thumb/v7-m/nofp\libg.a(libc_a-init.o)
 .ARM.attributes
                0x000004e7       0x2d D:/01Tools/GCC-ARM-NONE-EABI/arm-gnu-toolchain-14.2.rel1-mingw-w64-x86_64-arm-none-eabi/bin/../lib/gcc/arm-none-eabi/14.2.1/thumb/v7-m/nofp\libg.a(libc_a-lock.o)
 .ARM.attributes
                0x00000514       0x2d D:/01Tools/GCC-ARM-NONE-EABI/arm-gnu-toolchain-14.2.rel1-mingw-w64-x86_64-arm-none-eabi/bin/../lib/gcc/arm-none-eabi/14.2.1/thumb/v7-m/nofp\libg.a(libc_a-__call_atexit.o)
 .ARM.attributes
                0x00000541       0x2d D:/01Tools/GCC-ARM-NONE-EABI/arm-gnu-toolchain-14.2.rel1-mingw-w64-x86_64-arm-none-eabi/bin/../lib/gcc/arm-none-eabi/14.2.1/thumb/v7-m/nofp\libg.a(libc_a-atexit.o)
 .ARM.attributes
                0x0000056e       0x2d D:/01Tools/GCC-ARM-NONE-EABI/arm-gnu-toolchain-14.2.rel1-mingw-w64-x86_64-arm-none-eabi/bin/../lib/gcc/arm-none-eabi/14.2.1/thumb/v7-m/nofp\libg.a(libc_a-fini.o)
 .ARM.attributes
                0x0000059b       0x2d D:/01Tools/GCC-ARM-NONE-EABI/arm-gnu-toolchain-14.2.rel1-mingw-w64-x86_64-arm-none-eabi/bin/../lib/gcc/arm-none-eabi/14.2.1/thumb/v7-m/nofp\libg.a(libc_a-__atexit.o)
 .ARM.attributes
                0x000005c8       0x1d D:/01Tools/GCC-ARM-NONE-EABI/arm-gnu-toolchain-14.2.rel1-mingw-w64-x86_64-arm-none-eabi/bin/../lib/gcc/arm-none-eabi/14.2.1/thumb/v7-m/nofp\libgcc.a(_arm_muldivdf3.o)
 .ARM.attributes
                0x000005e5       0x1d D:/01Tools/GCC-ARM-NONE-EABI/arm-gnu-toolchain-14.2.rel1-mingw-w64-x86_64-arm-none-eabi/bin/../lib/gcc/arm-none-eabi/14.2.1/thumb/v7-m/nofp\libgcc.a(_arm_unorddf2.o)
 .ARM.attributes
                0x00000602       0x1d D:/01Tools/GCC-ARM-NONE-EABI/arm-gnu-toolchain-14.2.rel1-mingw-w64-x86_64-arm-none-eabi/bin/../lib/gcc/arm-none-eabi/14.2.1/thumb/v7-m/nofp\libgcc.a(_arm_fixdfsi.o)
 .ARM.attributes
                0x0000061f       0x2d D:/01Tools/GCC-ARM-NONE-EABI/arm-gnu-toolchain-14.2.rel1-mingw-w64-x86_64-arm-none-eabi/bin/../lib/gcc/arm-none-eabi/14.2.1/thumb/v7-m/nofp/crtend.o
 .ARM.attributes
                0x0000064c       0x1d D:/01Tools/GCC-ARM-NONE-EABI/arm-gnu-toolchain-14.2.rel1-mingw-w64-x86_64-arm-none-eabi/bin/../lib/gcc/arm-none-eabi/14.2.1/thumb/v7-m/nofp/crtn.o
OUTPUT(Laser_Omni.elf elf32-littlearm)
LOAD linker stubs
LOAD D:/01Tools/GCC-ARM-NONE-EABI/arm-gnu-toolchain-14.2.rel1-mingw-w64-x86_64-arm-none-eabi/bin/../lib/gcc/arm-none-eabi/14.2.1/thumb/v7-m/nofp\libc.a
LOAD D:/01Tools/GCC-ARM-NONE-EABI/arm-gnu-toolchain-14.2.rel1-mingw-w64-x86_64-arm-none-eabi/bin/../lib/gcc/arm-none-eabi/14.2.1/thumb/v7-m/nofp\libm.a
LOAD D:/01Tools/GCC-ARM-NONE-EABI/arm-gnu-toolchain-14.2.rel1-mingw-w64-x86_64-arm-none-eabi/bin/../lib/gcc/arm-none-eabi/14.2.1/thumb/v7-m/nofp\libgcc.a

.debug_info     0x00000000    0x128d5
 .debug_info    0x00000000      0x180 CMakeFiles/Laser_Omni.elf.dir/Core/Src/gpio.c.obj
 .debug_info    0x00000180      0x8f5 CMakeFiles/Laser_Omni.elf.dir/Core/Src/i2c.c.obj
 .debug_info    0x00000a75      0xf8c CMakeFiles/Laser_Omni.elf.dir/Core/Src/main.c.obj
 .debug_info    0x00001a01      0x1f4 CMakeFiles/Laser_Omni.elf.dir/Core/Src/stm32f1xx_hal_msp.c.obj
 .debug_info    0x00001bf5      0x11d CMakeFiles/Laser_Omni.elf.dir/Core/Src/stm32f1xx_it.c.obj
 .debug_info    0x00001d12      0x22d CMakeFiles/Laser_Omni.elf.dir/Core/Src/system_stm32f1xx.c.obj
 .debug_info    0x00001f3f      0xc6e CMakeFiles/Laser_Omni.elf.dir/Core/Src/tim.c.obj
 .debug_info    0x00002bad      0x975 CMakeFiles/Laser_Omni.elf.dir/Core/Src/usart.c.obj
 .debug_info    0x00003522       0x30 CMakeFiles/Laser_Omni.elf.dir/Core/Startup/startup_stm32f103c8tx.s.obj
 .debug_info    0x00003552      0x7a2 CMakeFiles/Laser_Omni.elf.dir/Drivers/STM32F1xx_HAL_Driver/Src/stm32f1xx_hal.c.obj
 .debug_info    0x00003cf4      0xcd9 CMakeFiles/Laser_Omni.elf.dir/Drivers/STM32F1xx_HAL_Driver/Src/stm32f1xx_hal_cortex.c.obj
 .debug_info    0x000049cd      0x604 CMakeFiles/Laser_Omni.elf.dir/Drivers/STM32F1xx_HAL_Driver/Src/stm32f1xx_hal_gpio.c.obj
 .debug_info    0x00004fd1     0x390b CMakeFiles/Laser_Omni.elf.dir/Drivers/STM32F1xx_HAL_Driver/Src/stm32f1xx_hal_i2c.c.obj
 .debug_info    0x000088dc      0x9c7 CMakeFiles/Laser_Omni.elf.dir/Drivers/STM32F1xx_HAL_Driver/Src/stm32f1xx_hal_rcc.c.obj
 .debug_info    0x000092a3     0x3c0f CMakeFiles/Laser_Omni.elf.dir/Drivers/STM32F1xx_HAL_Driver/Src/stm32f1xx_hal_tim.c.obj
 .debug_info    0x0000ceb2     0x1a9e CMakeFiles/Laser_Omni.elf.dir/Drivers/STM32F1xx_HAL_Driver/Src/stm32f1xx_hal_tim_ex.c.obj
 .debug_info    0x0000e950     0x3f85 CMakeFiles/Laser_Omni.elf.dir/Drivers/STM32F1xx_HAL_Driver/Src/stm32f1xx_hal_uart.c.obj

.debug_abbrev   0x00000000     0x2226
 .debug_abbrev  0x00000000       0xc4 CMakeFiles/Laser_Omni.elf.dir/Core/Src/gpio.c.obj
 .debug_abbrev  0x000000c4      0x221 CMakeFiles/Laser_Omni.elf.dir/Core/Src/i2c.c.obj
 .debug_abbrev  0x000002e5      0x309 CMakeFiles/Laser_Omni.elf.dir/Core/Src/main.c.obj
 .debug_abbrev  0x000005ee       0xed CMakeFiles/Laser_Omni.elf.dir/Core/Src/stm32f1xx_hal_msp.c.obj
 .debug_abbrev  0x000006db       0x7c CMakeFiles/Laser_Omni.elf.dir/Core/Src/stm32f1xx_it.c.obj
 .debug_abbrev  0x00000757      0x143 CMakeFiles/Laser_Omni.elf.dir/Core/Src/system_stm32f1xx.c.obj
 .debug_abbrev  0x0000089a      0x252 CMakeFiles/Laser_Omni.elf.dir/Core/Src/tim.c.obj
 .debug_abbrev  0x00000aec      0x22d CMakeFiles/Laser_Omni.elf.dir/Core/Src/usart.c.obj
 .debug_abbrev  0x00000d19       0x24 CMakeFiles/Laser_Omni.elf.dir/Core/Startup/startup_stm32f103c8tx.s.obj
 .debug_abbrev  0x00000d3d      0x22d CMakeFiles/Laser_Omni.elf.dir/Drivers/STM32F1xx_HAL_Driver/Src/stm32f1xx_hal.c.obj
 .debug_abbrev  0x00000f6a      0x36d CMakeFiles/Laser_Omni.elf.dir/Drivers/STM32F1xx_HAL_Driver/Src/stm32f1xx_hal_cortex.c.obj
 .debug_abbrev  0x000012d7      0x1f7 CMakeFiles/Laser_Omni.elf.dir/Drivers/STM32F1xx_HAL_Driver/Src/stm32f1xx_hal_gpio.c.obj
 .debug_abbrev  0x000014ce      0x2be CMakeFiles/Laser_Omni.elf.dir/Drivers/STM32F1xx_HAL_Driver/Src/stm32f1xx_hal_i2c.c.obj
 .debug_abbrev  0x0000178c      0x2a0 CMakeFiles/Laser_Omni.elf.dir/Drivers/STM32F1xx_HAL_Driver/Src/stm32f1xx_hal_rcc.c.obj
 .debug_abbrev  0x00001a2c      0x270 CMakeFiles/Laser_Omni.elf.dir/Drivers/STM32F1xx_HAL_Driver/Src/stm32f1xx_hal_tim.c.obj
 .debug_abbrev  0x00001c9c      0x26e CMakeFiles/Laser_Omni.elf.dir/Drivers/STM32F1xx_HAL_Driver/Src/stm32f1xx_hal_tim_ex.c.obj
 .debug_abbrev  0x00001f0a      0x31c CMakeFiles/Laser_Omni.elf.dir/Drivers/STM32F1xx_HAL_Driver/Src/stm32f1xx_hal_uart.c.obj

.debug_aranges  0x00000000      0xe60
 .debug_aranges
                0x00000000       0x20 CMakeFiles/Laser_Omni.elf.dir/Core/Src/gpio.c.obj
 .debug_aranges
                0x00000020       0x30 CMakeFiles/Laser_Omni.elf.dir/Core/Src/i2c.c.obj
 .debug_aranges
                0x00000050       0x60 CMakeFiles/Laser_Omni.elf.dir/Core/Src/main.c.obj
 .debug_aranges
                0x000000b0       0x20 CMakeFiles/Laser_Omni.elf.dir/Core/Src/stm32f1xx_hal_msp.c.obj
 .debug_aranges
                0x000000d0       0x60 CMakeFiles/Laser_Omni.elf.dir/Core/Src/stm32f1xx_it.c.obj
 .debug_aranges
                0x00000130       0x28 CMakeFiles/Laser_Omni.elf.dir/Core/Src/system_stm32f1xx.c.obj
 .debug_aranges
                0x00000158       0x38 CMakeFiles/Laser_Omni.elf.dir/Core/Src/tim.c.obj
 .debug_aranges
                0x00000190       0x38 CMakeFiles/Laser_Omni.elf.dir/Core/Src/usart.c.obj
 .debug_aranges
                0x000001c8       0x28 CMakeFiles/Laser_Omni.elf.dir/Core/Startup/startup_stm32f103c8tx.s.obj
 .debug_aranges
                0x000001f0       0xe0 CMakeFiles/Laser_Omni.elf.dir/Drivers/STM32F1xx_HAL_Driver/Src/stm32f1xx_hal.c.obj
 .debug_aranges
                0x000002d0       0xc0 CMakeFiles/Laser_Omni.elf.dir/Drivers/STM32F1xx_HAL_Driver/Src/stm32f1xx_hal_cortex.c.obj
 .debug_aranges
                0x00000390       0x58 CMakeFiles/Laser_Omni.elf.dir/Drivers/STM32F1xx_HAL_Driver/Src/stm32f1xx_hal_gpio.c.obj
 .debug_aranges
                0x000003e8      0x2a8 CMakeFiles/Laser_Omni.elf.dir/Drivers/STM32F1xx_HAL_Driver/Src/stm32f1xx_hal_i2c.c.obj
 .debug_aranges
                0x00000690       0x90 CMakeFiles/Laser_Omni.elf.dir/Drivers/STM32F1xx_HAL_Driver/Src/stm32f1xx_hal_rcc.c.obj
 .debug_aranges
                0x00000720      0x3d0 CMakeFiles/Laser_Omni.elf.dir/Drivers/STM32F1xx_HAL_Driver/Src/stm32f1xx_hal_tim.c.obj
 .debug_aranges
                0x00000af0      0x168 CMakeFiles/Laser_Omni.elf.dir/Drivers/STM32F1xx_HAL_Driver/Src/stm32f1xx_hal_tim_ex.c.obj
 .debug_aranges
                0x00000c58      0x208 CMakeFiles/Laser_Omni.elf.dir/Drivers/STM32F1xx_HAL_Driver/Src/stm32f1xx_hal_uart.c.obj

.debug_rnglists
                0x00000000      0xb27
 .debug_rnglists
                0x00000000       0x13 CMakeFiles/Laser_Omni.elf.dir/Core/Src/gpio.c.obj
 .debug_rnglists
                0x00000013       0x1f CMakeFiles/Laser_Omni.elf.dir/Core/Src/i2c.c.obj
 .debug_rnglists
                0x00000032       0x46 CMakeFiles/Laser_Omni.elf.dir/Core/Src/main.c.obj
 .debug_rnglists
                0x00000078       0x13 CMakeFiles/Laser_Omni.elf.dir/Core/Src/stm32f1xx_hal_msp.c.obj
 .debug_rnglists
                0x0000008b       0x43 CMakeFiles/Laser_Omni.elf.dir/Core/Src/stm32f1xx_it.c.obj
 .debug_rnglists
                0x000000ce       0x1a CMakeFiles/Laser_Omni.elf.dir/Core/Src/system_stm32f1xx.c.obj
 .debug_rnglists
                0x000000e8       0x26 CMakeFiles/Laser_Omni.elf.dir/Core/Src/tim.c.obj
 .debug_rnglists
                0x0000010e       0x26 CMakeFiles/Laser_Omni.elf.dir/Core/Src/usart.c.obj
 .debug_rnglists
                0x00000134       0x19 CMakeFiles/Laser_Omni.elf.dir/Core/Startup/startup_stm32f103c8tx.s.obj
 .debug_rnglists
                0x0000014d       0xa3 CMakeFiles/Laser_Omni.elf.dir/Drivers/STM32F1xx_HAL_Driver/Src/stm32f1xx_hal.c.obj
 .debug_rnglists
                0x000001f0       0x8b CMakeFiles/Laser_Omni.elf.dir/Drivers/STM32F1xx_HAL_Driver/Src/stm32f1xx_hal_cortex.c.obj
 .debug_rnglists
                0x0000027b       0x3f CMakeFiles/Laser_Omni.elf.dir/Drivers/STM32F1xx_HAL_Driver/Src/stm32f1xx_hal_gpio.c.obj
 .debug_rnglists
                0x000002ba      0x236 CMakeFiles/Laser_Omni.elf.dir/Drivers/STM32F1xx_HAL_Driver/Src/stm32f1xx_hal_i2c.c.obj
 .debug_rnglists
                0x000004f0       0x7d CMakeFiles/Laser_Omni.elf.dir/Drivers/STM32F1xx_HAL_Driver/Src/stm32f1xx_hal_rcc.c.obj
 .debug_rnglists
                0x0000056d      0x2ff CMakeFiles/Laser_Omni.elf.dir/Drivers/STM32F1xx_HAL_Driver/Src/stm32f1xx_hal_tim.c.obj
 .debug_rnglists
                0x0000086c      0x11a CMakeFiles/Laser_Omni.elf.dir/Drivers/STM32F1xx_HAL_Driver/Src/stm32f1xx_hal_tim_ex.c.obj
 .debug_rnglists
                0x00000986      0x1a1 CMakeFiles/Laser_Omni.elf.dir/Drivers/STM32F1xx_HAL_Driver/Src/stm32f1xx_hal_uart.c.obj

.debug_line     0x00000000    0x129d1
 .debug_line    0x00000000      0x1e7 CMakeFiles/Laser_Omni.elf.dir/Core/Src/gpio.c.obj
 .debug_line    0x000001e7      0x3af CMakeFiles/Laser_Omni.elf.dir/Core/Src/i2c.c.obj
 .debug_line    0x00000596      0x6f3 CMakeFiles/Laser_Omni.elf.dir/Core/Src/main.c.obj
 .debug_line    0x00000c89      0x1f4 CMakeFiles/Laser_Omni.elf.dir/Core/Src/stm32f1xx_hal_msp.c.obj
 .debug_line    0x00000e7d      0x187 CMakeFiles/Laser_Omni.elf.dir/Core/Src/stm32f1xx_it.c.obj
 .debug_line    0x00001004      0x2bd CMakeFiles/Laser_Omni.elf.dir/Core/Src/system_stm32f1xx.c.obj
 .debug_line    0x000012c1      0x4f8 CMakeFiles/Laser_Omni.elf.dir/Core/Src/tim.c.obj
 .debug_line    0x000017b9      0x48f CMakeFiles/Laser_Omni.elf.dir/Core/Src/usart.c.obj
 .debug_line    0x00001c48       0x78 CMakeFiles/Laser_Omni.elf.dir/Core/Startup/startup_stm32f103c8tx.s.obj
 .debug_line    0x00001cc0      0x5f0 CMakeFiles/Laser_Omni.elf.dir/Drivers/STM32F1xx_HAL_Driver/Src/stm32f1xx_hal.c.obj
 .debug_line    0x000022b0      0x744 CMakeFiles/Laser_Omni.elf.dir/Drivers/STM32F1xx_HAL_Driver/Src/stm32f1xx_hal_cortex.c.obj
 .debug_line    0x000029f4      0x666 CMakeFiles/Laser_Omni.elf.dir/Drivers/STM32F1xx_HAL_Driver/Src/stm32f1xx_hal_gpio.c.obj
 .debug_line    0x0000305a     0x5678 CMakeFiles/Laser_Omni.elf.dir/Drivers/STM32F1xx_HAL_Driver/Src/stm32f1xx_hal_i2c.c.obj
 .debug_line    0x000086d2      0xd55 CMakeFiles/Laser_Omni.elf.dir/Drivers/STM32F1xx_HAL_Driver/Src/stm32f1xx_hal_rcc.c.obj
 .debug_line    0x00009427     0x4641 CMakeFiles/Laser_Omni.elf.dir/Drivers/STM32F1xx_HAL_Driver/Src/stm32f1xx_hal_tim.c.obj
 .debug_line    0x0000da68     0x1a1d CMakeFiles/Laser_Omni.elf.dir/Drivers/STM32F1xx_HAL_Driver/Src/stm32f1xx_hal_tim_ex.c.obj
 .debug_line    0x0000f485     0x354c CMakeFiles/Laser_Omni.elf.dir/Drivers/STM32F1xx_HAL_Driver/Src/stm32f1xx_hal_uart.c.obj

.debug_str      0x00000000     0x4434
 .debug_str     0x00000000     0x4434 CMakeFiles/Laser_Omni.elf.dir/Core/Src/gpio.c.obj
                                0x21d (size before relaxing)
 .debug_str     0x00004434      0x7ac CMakeFiles/Laser_Omni.elf.dir/Core/Src/i2c.c.obj
 .debug_str     0x00004434      0xabc CMakeFiles/Laser_Omni.elf.dir/Core/Src/main.c.obj
 .debug_str     0x00004434      0x257 CMakeFiles/Laser_Omni.elf.dir/Core/Src/stm32f1xx_hal_msp.c.obj
 .debug_str     0x00004434      0x25a CMakeFiles/Laser_Omni.elf.dir/Core/Src/stm32f1xx_it.c.obj
 .debug_str     0x00004434      0x28c CMakeFiles/Laser_Omni.elf.dir/Core/Src/system_stm32f1xx.c.obj
 .debug_str     0x00004434      0xa38 CMakeFiles/Laser_Omni.elf.dir/Core/Src/tim.c.obj
 .debug_str     0x00004434      0x753 CMakeFiles/Laser_Omni.elf.dir/Core/Src/usart.c.obj
 .debug_str     0x00004434       0x9d CMakeFiles/Laser_Omni.elf.dir/Core/Startup/startup_stm32f103c8tx.s.obj
 .debug_str     0x00004434      0x866 CMakeFiles/Laser_Omni.elf.dir/Drivers/STM32F1xx_HAL_Driver/Src/stm32f1xx_hal.c.obj
 .debug_str     0x00004434      0x90b CMakeFiles/Laser_Omni.elf.dir/Drivers/STM32F1xx_HAL_Driver/Src/stm32f1xx_hal_cortex.c.obj
 .debug_str     0x00004434      0x438 CMakeFiles/Laser_Omni.elf.dir/Drivers/STM32F1xx_HAL_Driver/Src/stm32f1xx_hal_gpio.c.obj
 .debug_str     0x00004434      0xffd CMakeFiles/Laser_Omni.elf.dir/Drivers/STM32F1xx_HAL_Driver/Src/stm32f1xx_hal_i2c.c.obj
 .debug_str     0x00004434      0x663 CMakeFiles/Laser_Omni.elf.dir/Drivers/STM32F1xx_HAL_Driver/Src/stm32f1xx_hal_rcc.c.obj
 .debug_str     0x00004434     0x16bd CMakeFiles/Laser_Omni.elf.dir/Drivers/STM32F1xx_HAL_Driver/Src/stm32f1xx_hal_tim.c.obj
 .debug_str     0x00004434      0xec9 CMakeFiles/Laser_Omni.elf.dir/Drivers/STM32F1xx_HAL_Driver/Src/stm32f1xx_hal_tim_ex.c.obj
 .debug_str     0x00004434      0xd2c CMakeFiles/Laser_Omni.elf.dir/Drivers/STM32F1xx_HAL_Driver/Src/stm32f1xx_hal_uart.c.obj

.comment        0x00000000       0x45
 .comment       0x00000000       0x45 CMakeFiles/Laser_Omni.elf.dir/Core/Src/gpio.c.obj
                                 0x46 (size before relaxing)
 .comment       0x00000045       0x46 CMakeFiles/Laser_Omni.elf.dir/Core/Src/i2c.c.obj
 .comment       0x00000045       0x46 CMakeFiles/Laser_Omni.elf.dir/Core/Src/main.c.obj
 .comment       0x00000045       0x46 CMakeFiles/Laser_Omni.elf.dir/Core/Src/stm32f1xx_hal_msp.c.obj
 .comment       0x00000045       0x46 CMakeFiles/Laser_Omni.elf.dir/Core/Src/stm32f1xx_it.c.obj
 .comment       0x00000045       0x46 CMakeFiles/Laser_Omni.elf.dir/Core/Src/system_stm32f1xx.c.obj
 .comment       0x00000045       0x46 CMakeFiles/Laser_Omni.elf.dir/Core/Src/tim.c.obj
 .comment       0x00000045       0x46 CMakeFiles/Laser_Omni.elf.dir/Core/Src/usart.c.obj
 .comment       0x00000045       0x46 CMakeFiles/Laser_Omni.elf.dir/Drivers/STM32F1xx_HAL_Driver/Src/stm32f1xx_hal.c.obj
 .comment       0x00000045       0x46 CMakeFiles/Laser_Omni.elf.dir/Drivers/STM32F1xx_HAL_Driver/Src/stm32f1xx_hal_cortex.c.obj
 .comment       0x00000045       0x46 CMakeFiles/Laser_Omni.elf.dir/Drivers/STM32F1xx_HAL_Driver/Src/stm32f1xx_hal_gpio.c.obj
 .comment       0x00000045       0x46 CMakeFiles/Laser_Omni.elf.dir/Drivers/STM32F1xx_HAL_Driver/Src/stm32f1xx_hal_i2c.c.obj
 .comment       0x00000045       0x46 CMakeFiles/Laser_Omni.elf.dir/Drivers/STM32F1xx_HAL_Driver/Src/stm32f1xx_hal_rcc.c.obj
 .comment       0x00000045       0x46 CMakeFiles/Laser_Omni.elf.dir/Drivers/STM32F1xx_HAL_Driver/Src/stm32f1xx_hal_tim.c.obj
 .comment       0x00000045       0x46 CMakeFiles/Laser_Omni.elf.dir/Drivers/STM32F1xx_HAL_Driver/Src/stm32f1xx_hal_tim_ex.c.obj
 .comment       0x00000045       0x46 CMakeFiles/Laser_Omni.elf.dir/Drivers/STM32F1xx_HAL_Driver/Src/stm32f1xx_hal_uart.c.obj

.debug_frame    0x00000000     0x2ec8
 .debug_frame   0x00000000       0x28 CMakeFiles/Laser_Omni.elf.dir/Core/Src/gpio.c.obj
 .debug_frame   0x00000028       0x60 CMakeFiles/Laser_Omni.elf.dir/Core/Src/i2c.c.obj
 .debug_frame   0x00000088      0x104 CMakeFiles/Laser_Omni.elf.dir/Core/Src/main.c.obj
 .debug_frame   0x0000018c       0x28 CMakeFiles/Laser_Omni.elf.dir/Core/Src/stm32f1xx_hal_msp.c.obj
 .debug_frame   0x000001b4       0xa8 CMakeFiles/Laser_Omni.elf.dir/Core/Src/stm32f1xx_it.c.obj
 .debug_frame   0x0000025c       0x30 CMakeFiles/Laser_Omni.elf.dir/Core/Src/system_stm32f1xx.c.obj
 .debug_frame   0x0000028c       0x7c CMakeFiles/Laser_Omni.elf.dir/Core/Src/tim.c.obj
 .debug_frame   0x00000308       0x7c CMakeFiles/Laser_Omni.elf.dir/Core/Src/usart.c.obj
 .debug_frame   0x00000384      0x1cc CMakeFiles/Laser_Omni.elf.dir/Drivers/STM32F1xx_HAL_Driver/Src/stm32f1xx_hal.c.obj
 .debug_frame   0x00000550      0x19c CMakeFiles/Laser_Omni.elf.dir/Drivers/STM32F1xx_HAL_Driver/Src/stm32f1xx_hal_cortex.c.obj
 .debug_frame   0x000006ec       0xe4 CMakeFiles/Laser_Omni.elf.dir/Drivers/STM32F1xx_HAL_Driver/Src/stm32f1xx_hal_gpio.c.obj
 .debug_frame   0x000007d0      0x988 CMakeFiles/Laser_Omni.elf.dir/Drivers/STM32F1xx_HAL_Driver/Src/stm32f1xx_hal_i2c.c.obj
 .debug_frame   0x00001158      0x184 CMakeFiles/Laser_Omni.elf.dir/Drivers/STM32F1xx_HAL_Driver/Src/stm32f1xx_hal_rcc.c.obj
 .debug_frame   0x000012dc      0xb18 CMakeFiles/Laser_Omni.elf.dir/Drivers/STM32F1xx_HAL_Driver/Src/stm32f1xx_hal_tim.c.obj
 .debug_frame   0x00001df4      0x418 CMakeFiles/Laser_Omni.elf.dir/Drivers/STM32F1xx_HAL_Driver/Src/stm32f1xx_hal_tim_ex.c.obj
 .debug_frame   0x0000220c      0x5dc CMakeFiles/Laser_Omni.elf.dir/Drivers/STM32F1xx_HAL_Driver/Src/stm32f1xx_hal_uart.c.obj
 .debug_frame   0x000027e8       0xac D:/01Tools/GCC-ARM-NONE-EABI/arm-gnu-toolchain-14.2.rel1-mingw-w64-x86_64-arm-none-eabi/bin/../lib/gcc/arm-none-eabi/14.2.1/thumb/v7-m/nofp\libgcc.a(_arm_addsubdf3.o)
 .debug_frame   0x00002894       0xc4 D:/01Tools/GCC-ARM-NONE-EABI/arm-gnu-toolchain-14.2.rel1-mingw-w64-x86_64-arm-none-eabi/bin/../lib/gcc/arm-none-eabi/14.2.1/thumb/v7-m/nofp\libgcc.a(_arm_cmpdf2.o)
 .debug_frame   0x00002958       0x24 D:/01Tools/GCC-ARM-NONE-EABI/arm-gnu-toolchain-14.2.rel1-mingw-w64-x86_64-arm-none-eabi/bin/../lib/gcc/arm-none-eabi/14.2.1/thumb/v7-m/nofp\libgcc.a(_arm_truncdfsf2.o)
 .debug_frame   0x0000297c       0x4c D:/01Tools/GCC-ARM-NONE-EABI/arm-gnu-toolchain-14.2.rel1-mingw-w64-x86_64-arm-none-eabi/bin/../lib/gcc/arm-none-eabi/14.2.1/thumb/v7-m/nofp\libgcc.a(_arm_addsubsf3.o)
 .debug_frame   0x000029c8       0x38 D:/01Tools/GCC-ARM-NONE-EABI/arm-gnu-toolchain-14.2.rel1-mingw-w64-x86_64-arm-none-eabi/bin/../lib/gcc/arm-none-eabi/14.2.1/thumb/v7-m/nofp\libgcc.a(_arm_muldivsf3.o)
 .debug_frame   0x00002a00       0xc8 D:/01Tools/GCC-ARM-NONE-EABI/arm-gnu-toolchain-14.2.rel1-mingw-w64-x86_64-arm-none-eabi/bin/../lib/gcc/arm-none-eabi/14.2.1/thumb/v7-m/nofp\libgcc.a(_arm_cmpsf2.o)
 .debug_frame   0x00002ac8       0x24 D:/01Tools/GCC-ARM-NONE-EABI/arm-gnu-toolchain-14.2.rel1-mingw-w64-x86_64-arm-none-eabi/bin/../lib/gcc/arm-none-eabi/14.2.1/thumb/v7-m/nofp\libgcc.a(_arm_fixunssfsi.o)
 .debug_frame   0x00002aec      0x13c D:/01Tools/GCC-ARM-NONE-EABI/arm-gnu-toolchain-14.2.rel1-mingw-w64-x86_64-arm-none-eabi/bin/../lib/gcc/arm-none-eabi/14.2.1/thumb/v7-m/nofp\libg.a(libc_a-findfp.o)
 .debug_frame   0x00002c28       0x2c D:/01Tools/GCC-ARM-NONE-EABI/arm-gnu-toolchain-14.2.rel1-mingw-w64-x86_64-arm-none-eabi/bin/../lib/gcc/arm-none-eabi/14.2.1/thumb/v7-m/nofp\libg.a(libc_a-memset.o)
 .debug_frame   0x00002c54       0x20 D:/01Tools/GCC-ARM-NONE-EABI/arm-gnu-toolchain-14.2.rel1-mingw-w64-x86_64-arm-none-eabi/bin/../lib/gcc/arm-none-eabi/14.2.1/thumb/v7-m/nofp\libg.a(libc_a-errno.o)
 .debug_frame   0x00002c74       0x2c D:/01Tools/GCC-ARM-NONE-EABI/arm-gnu-toolchain-14.2.rel1-mingw-w64-x86_64-arm-none-eabi/bin/../lib/gcc/arm-none-eabi/14.2.1/thumb/v7-m/nofp\libg.a(libc_a-init.o)
 .debug_frame   0x00002ca0       0xb0 D:/01Tools/GCC-ARM-NONE-EABI/arm-gnu-toolchain-14.2.rel1-mingw-w64-x86_64-arm-none-eabi/bin/../lib/gcc/arm-none-eabi/14.2.1/thumb/v7-m/nofp\libg.a(libc_a-lock.o)
 .debug_frame   0x00002d50       0x5c D:/01Tools/GCC-ARM-NONE-EABI/arm-gnu-toolchain-14.2.rel1-mingw-w64-x86_64-arm-none-eabi/bin/../lib/gcc/arm-none-eabi/14.2.1/thumb/v7-m/nofp\libg.a(libc_a-__call_atexit.o)
 .debug_frame   0x00002dac       0x20 D:/01Tools/GCC-ARM-NONE-EABI/arm-gnu-toolchain-14.2.rel1-mingw-w64-x86_64-arm-none-eabi/bin/../lib/gcc/arm-none-eabi/14.2.1/thumb/v7-m/nofp\libg.a(libc_a-atexit.o)
 .debug_frame   0x00002dcc       0x34 D:/01Tools/GCC-ARM-NONE-EABI/arm-gnu-toolchain-14.2.rel1-mingw-w64-x86_64-arm-none-eabi/bin/../lib/gcc/arm-none-eabi/14.2.1/thumb/v7-m/nofp\libg.a(libc_a-fini.o)
 .debug_frame   0x00002e00       0x34 D:/01Tools/GCC-ARM-NONE-EABI/arm-gnu-toolchain-14.2.rel1-mingw-w64-x86_64-arm-none-eabi/bin/../lib/gcc/arm-none-eabi/14.2.1/thumb/v7-m/nofp\libg.a(libc_a-__atexit.o)
 .debug_frame   0x00002e34       0x50 D:/01Tools/GCC-ARM-NONE-EABI/arm-gnu-toolchain-14.2.rel1-mingw-w64-x86_64-arm-none-eabi/bin/../lib/gcc/arm-none-eabi/14.2.1/thumb/v7-m/nofp\libgcc.a(_arm_muldivdf3.o)
 .debug_frame   0x00002e84       0x20 D:/01Tools/GCC-ARM-NONE-EABI/arm-gnu-toolchain-14.2.rel1-mingw-w64-x86_64-arm-none-eabi/bin/../lib/gcc/arm-none-eabi/14.2.1/thumb/v7-m/nofp\libgcc.a(_arm_unorddf2.o)
 .debug_frame   0x00002ea4       0x24 D:/01Tools/GCC-ARM-NONE-EABI/arm-gnu-toolchain-14.2.rel1-mingw-w64-x86_64-arm-none-eabi/bin/../lib/gcc/arm-none-eabi/14.2.1/thumb/v7-m/nofp\libgcc.a(_arm_fixdfsi.o)

.debug_loclists
                0x00000000     0xbb32
 .debug_loclists
                0x00000000       0x86 CMakeFiles/Laser_Omni.elf.dir/Core/Src/i2c.c.obj
 .debug_loclists
                0x00000086      0x1a7 CMakeFiles/Laser_Omni.elf.dir/Core/Src/main.c.obj
 .debug_loclists
                0x0000022d       0x17 CMakeFiles/Laser_Omni.elf.dir/Core/Src/stm32f1xx_hal_msp.c.obj
 .debug_loclists
                0x00000244       0xb7 CMakeFiles/Laser_Omni.elf.dir/Core/Src/system_stm32f1xx.c.obj
 .debug_loclists
                0x000002fb       0x40 CMakeFiles/Laser_Omni.elf.dir/Core/Src/tim.c.obj
 .debug_loclists
                0x0000033b       0xc8 CMakeFiles/Laser_Omni.elf.dir/Core/Src/usart.c.obj
 .debug_loclists
                0x00000403       0xe1 CMakeFiles/Laser_Omni.elf.dir/Drivers/STM32F1xx_HAL_Driver/Src/stm32f1xx_hal.c.obj
 .debug_loclists
                0x000004e4      0x530 CMakeFiles/Laser_Omni.elf.dir/Drivers/STM32F1xx_HAL_Driver/Src/stm32f1xx_hal_cortex.c.obj
 .debug_loclists
                0x00000a14      0x300 CMakeFiles/Laser_Omni.elf.dir/Drivers/STM32F1xx_HAL_Driver/Src/stm32f1xx_hal_gpio.c.obj
 .debug_loclists
                0x00000d14     0x316e CMakeFiles/Laser_Omni.elf.dir/Drivers/STM32F1xx_HAL_Driver/Src/stm32f1xx_hal_i2c.c.obj
 .debug_loclists
                0x00003e82      0x42e CMakeFiles/Laser_Omni.elf.dir/Drivers/STM32F1xx_HAL_Driver/Src/stm32f1xx_hal_rcc.c.obj
 .debug_loclists
                0x000042b0     0x37f3 CMakeFiles/Laser_Omni.elf.dir/Drivers/STM32F1xx_HAL_Driver/Src/stm32f1xx_hal_tim.c.obj
 .debug_loclists
                0x00007aa3     0x13b3 CMakeFiles/Laser_Omni.elf.dir/Drivers/STM32F1xx_HAL_Driver/Src/stm32f1xx_hal_tim_ex.c.obj
 .debug_loclists
                0x00008e56     0x2cdc CMakeFiles/Laser_Omni.elf.dir/Drivers/STM32F1xx_HAL_Driver/Src/stm32f1xx_hal_uart.c.obj

.debug_line_str
                0x00000000      0x15c
 .debug_line_str
                0x00000000      0x15c CMakeFiles/Laser_Omni.elf.dir/Core/Startup/startup_stm32f103c8tx.s.obj
                                 0x81 (size before relaxing)
 .debug_line_str
                0x0000015c       0xce D:/01Tools/GCC-ARM-NONE-EABI/arm-gnu-toolchain-14.2.rel1-mingw-w64-x86_64-arm-none-eabi/bin/../lib/gcc/arm-none-eabi/14.2.1/thumb/v7-m/nofp\libgcc.a(_arm_addsubdf3.o)
 .debug_line_str
                0x0000015c       0xce D:/01Tools/GCC-ARM-NONE-EABI/arm-gnu-toolchain-14.2.rel1-mingw-w64-x86_64-arm-none-eabi/bin/../lib/gcc/arm-none-eabi/14.2.1/thumb/v7-m/nofp\libgcc.a(_arm_cmpdf2.o)
 .debug_line_str
                0x0000015c       0xce D:/01Tools/GCC-ARM-NONE-EABI/arm-gnu-toolchain-14.2.rel1-mingw-w64-x86_64-arm-none-eabi/bin/../lib/gcc/arm-none-eabi/14.2.1/thumb/v7-m/nofp\libgcc.a(_arm_truncdfsf2.o)
 .debug_line_str
                0x0000015c       0xce D:/01Tools/GCC-ARM-NONE-EABI/arm-gnu-toolchain-14.2.rel1-mingw-w64-x86_64-arm-none-eabi/bin/../lib/gcc/arm-none-eabi/14.2.1/thumb/v7-m/nofp\libgcc.a(_arm_addsubsf3.o)
 .debug_line_str
                0x0000015c       0xce D:/01Tools/GCC-ARM-NONE-EABI/arm-gnu-toolchain-14.2.rel1-mingw-w64-x86_64-arm-none-eabi/bin/../lib/gcc/arm-none-eabi/14.2.1/thumb/v7-m/nofp\libgcc.a(_arm_muldivsf3.o)
 .debug_line_str
                0x0000015c       0xce D:/01Tools/GCC-ARM-NONE-EABI/arm-gnu-toolchain-14.2.rel1-mingw-w64-x86_64-arm-none-eabi/bin/../lib/gcc/arm-none-eabi/14.2.1/thumb/v7-m/nofp\libgcc.a(_arm_cmpsf2.o)
 .debug_line_str
                0x0000015c       0xce D:/01Tools/GCC-ARM-NONE-EABI/arm-gnu-toolchain-14.2.rel1-mingw-w64-x86_64-arm-none-eabi/bin/../lib/gcc/arm-none-eabi/14.2.1/thumb/v7-m/nofp\libgcc.a(_arm_fixunssfsi.o)
 .debug_line_str
                0x0000015c       0xce D:/01Tools/GCC-ARM-NONE-EABI/arm-gnu-toolchain-14.2.rel1-mingw-w64-x86_64-arm-none-eabi/bin/../lib/gcc/arm-none-eabi/14.2.1/thumb/v7-m/nofp\libgcc.a(_arm_muldivdf3.o)
 .debug_line_str
                0x0000015c       0xce D:/01Tools/GCC-ARM-NONE-EABI/arm-gnu-toolchain-14.2.rel1-mingw-w64-x86_64-arm-none-eabi/bin/../lib/gcc/arm-none-eabi/14.2.1/thumb/v7-m/nofp\libgcc.a(_arm_unorddf2.o)
 .debug_line_str
                0x0000015c       0xce D:/01Tools/GCC-ARM-NONE-EABI/arm-gnu-toolchain-14.2.rel1-mingw-w64-x86_64-arm-none-eabi/bin/../lib/gcc/arm-none-eabi/14.2.1/thumb/v7-m/nofp\libgcc.a(_arm_fixdfsi.o)
